============================= test session starts =============================
platform win32 -- Python 3.14.3, pytest-9.0.2, pluggy-1.6.0 -- C:\Users\nsing\AppData\Local\Programs\Python\Python314\python.exe
cachedir: .pytest_cache
rootdir: D:\finance-backend
configfile: pytest.ini
plugins: anyio-4.13.0
collecting ... collected 22 items

tests/test_api.py::TestAuth::test_register_and_login FAILED              [  4%]
tests/test_api.py::TestAuth::test_duplicate_username_rejected FAILED     [  9%]
tests/test_api.py::TestAuth::test_wrong_password_rejected FAILED         [ 13%]
tests/test_api.py::TestAuth::test_protected_route_requires_token PASSED  [ 18%]
tests/test_api.py::TestRBAC::test_viewer_cannot_create_record ERROR      [ 22%]
tests/test_api.py::TestRBAC::test_analyst_can_create_record ERROR        [ 27%]
tests/test_api.py::TestRBAC::test_analyst_cannot_delete_record ERROR     [ 31%]
tests/test_api.py::TestRBAC::test_admin_can_delete_record ERROR          [ 36%]
tests/test_api.py::TestRBAC::test_viewer_cannot_access_user_list ERROR   [ 40%]
tests/test_api.py::TestRBAC::test_viewer_cannot_access_dashboard ERROR   [ 45%]
tests/test_api.py::TestRBAC::test_analyst_can_access_dashboard ERROR     [ 50%]
tests/test_api.py::TestRecords::test_create_and_read ERROR               [ 54%]
tests/test_api.py::TestRecords::test_update_record ERROR                 [ 59%]
tests/test_api.py::TestRecords::test_soft_delete_hides_record ERROR      [ 63%]
tests/test_api.py::TestRecords::test_filter_by_type ERROR                [ 68%]
tests/test_api.py::TestRecords::test_filter_by_date_range ERROR          [ 72%]
tests/test_api.py::TestRecords::test_pagination ERROR                    [ 77%]
tests/test_api.py::TestRecords::test_invalid_amount_rejected ERROR       [ 81%]
tests/test_api.py::TestDashboard::test_summary_totals ERROR              [ 86%]
tests/test_api.py::TestDashboard::test_summary_category_breakdown ERROR  [ 90%]
tests/test_api.py::TestDashboard::test_monthly_trends ERROR              [ 95%]
tests/test_api.py::TestDashboard::test_date_scoped_summary ERROR         [100%]

=================================== ERRORS ====================================
_________ ERROR at setup of TestRBAC.test_viewer_cannot_create_record _________

self = <sqlalchemy.engine.base.Connection object at 0x000001A5C45C4320>
dialect = <sqlalchemy.dialects.sqlite.pysqlite.SQLiteDialect_pysqlite object at 0x000001A5C2B72AD0>
context = <sqlalchemy.dialects.sqlite.base.SQLiteExecutionContext object at 0x000001A5C33E0AD0>
statement = <sqlalchemy.dialects.sqlite.base.SQLiteCompiler object at 0x000001A5C3067450>
parameters = [('viewer_user', 1, 0)]

    def _exec_single_context(
        self,
        dialect: Dialect,
        context: ExecutionContext,
        statement: Union[str, Compiled],
        parameters: Optional[_AnyMultiExecuteParams],
    ) -> CursorResult[Any]:
        """continue the _execute_context() method for a single DBAPI
        cursor.execute() or cursor.executemany() call.
    
        """
        if dialect.bind_typing is BindTyping.SETINPUTSIZES:
            generic_setinputsizes = context._prepare_set_input_sizes()
    
            if generic_setinputsizes:
                try:
                    dialect.do_set_input_sizes(
                        context.cursor, generic_setinputsizes, context
                    )
                except BaseException as e:
                    self._handle_dbapi_exception(
                        e, str(statement), parameters, None, context
                    )
    
        cursor, str_statement, parameters = (
            context.cursor,
            context.statement,
            context.parameters,
        )
    
        effective_parameters: Optional[_AnyExecuteParams]
    
        if not context.executemany:
            effective_parameters = parameters[0]
        else:
            effective_parameters = parameters
    
        if self._has_events or self.engine._has_events:
            for fn in self.dispatch.before_cursor_execute:
                str_statement, effective_parameters = fn(
                    self,
                    cursor,
                    str_statement,
                    effective_parameters,
                    context,
                    context.executemany,
                )
    
        if self._echo:
            self._log_info(str_statement)
    
            stats = context._get_cache_stats()
    
            if not self.engine.hide_parameters:
                self._log_info(
                    "[%s] %r",
                    stats,
                    sql_util._repr_params(
                        effective_parameters,
                        batches=10,
                        ismulti=context.executemany,
                    ),
                )
            else:
                self._log_info(
                    "[%s] [SQL parameters hidden due to hide_parameters=True]",
                    stats,
                )
    
        evt_handled: bool = False
        try:
            if context.execute_style is ExecuteStyle.EXECUTEMANY:
                effective_parameters = cast(
                    "_CoreMultiExecuteParams", effective_parameters
                )
                if self.dialect._has_events:
                    for fn in self.dialect.dispatch.do_executemany:
                        if fn(
                            cursor,
                            str_statement,
                            effective_parameters,
                            context,
                        ):
                            evt_handled = True
                            break
                if not evt_handled:
                    self.dialect.do_executemany(
                        cursor,
                        str_statement,
                        effective_parameters,
                        context,
                    )
            elif not effective_parameters and context.no_parameters:
                if self.dialect._has_events:
                    for fn in self.dialect.dispatch.do_execute_no_params:
                        if fn(cursor, str_statement, context):
                            evt_handled = True
                            break
                if not evt_handled:
                    self.dialect.do_execute_no_params(
                        cursor, str_statement, context
                    )
            else:
                effective_parameters = cast(
                    "_CoreSingleExecuteParams", effective_parameters
                )
                if self.dialect._has_events:
                    for fn in self.dialect.dispatch.do_execute:
                        if fn(
                            cursor,
                            str_statement,
                            effective_parameters,
                            context,
                        ):
                            evt_handled = True
                            break
                if not evt_handled:
>                   self.dialect.do_execute(
                        cursor, str_statement, effective_parameters, context
                    )

C:\Users\nsing\AppData\Local\Programs\Python\Python314\Lib\site-packages\sqlalchemy\engine\base.py:1967: 
_ _ _ _ _ _ _ _ _ _ _ _ _ _ _ _ _ _ _ _ _ _ _ _ _ _ _ _ _ _ _ _ _ _ _ _ _ _ _ _

self = <sqlalchemy.dialects.sqlite.pysqlite.SQLiteDialect_pysqlite object at 0x000001A5C2B72AD0>
cursor = <sqlite3.Cursor object at 0x000001A5C66591C0>
statement = 'SELECT users.id AS users_id, users.username AS users_username, users.email AS users_email, users.hashed_password AS u...ve AS users_is_active, users.created_at AS users_created_at \nFROM users \nWHERE users.username = ?\n LIMIT ? OFFSET ?'
parameters = ('viewer_user', 1, 0)
context = <sqlalchemy.dialects.sqlite.base.SQLiteExecutionContext object at 0x000001A5C33E0AD0>

    def do_execute(self, cursor, statement, parameters, context=None):
>       cursor.execute(statement, parameters)
E       sqlite3.OperationalError: no such table: users

C:\Users\nsing\AppData\Local\Programs\Python\Python314\Lib\site-packages\sqlalchemy\engine\default.py:952: OperationalError

The above exception was the direct cause of the following exception:

self = <tests.test_api.TestRBAC object at 0x000001A5C30C1310>

    def setup_method(self):
>       register("viewer_user", role="viewer")

tests\test_api.py:95: 
_ _ _ _ _ _ _ _ _ _ _ _ _ _ _ _ _ _ _ _ _ _ _ _ _ _ _ _ _ _ _ _ _ _ _ _ _ _ _ _
tests\test_api.py:49: in register
    return client.post("/auth/register", json={
C:\Users\nsing\AppData\Local\Programs\Python\Python314\Lib\site-packages\starlette\testclient.py:546: in post
    return super().post(
C:\Users\nsing\AppData\Local\Programs\Python\Python314\Lib\site-packages\httpx\_client.py:1144: in post
    return self.request(
C:\Users\nsing\AppData\Local\Programs\Python\Python314\Lib\site-packages\starlette\testclient.py:445: in request
    return super().request(
C:\Users\nsing\AppData\Local\Programs\Python\Python314\Lib\site-packages\httpx\_client.py:825: in request
    return self.send(request, auth=auth, follow_redirects=follow_redirects)
           ^^^^^^^^^^^^^^^^^^^^^^^^^^^^^^^^^^^^^^^^^^^^^^^^^^^^^^^^^^^^^^^^
C:\Users\nsing\AppData\Local\Programs\Python\Python314\Lib\site-packages\httpx\_client.py:914: in send
    response = self._send_handling_auth(
C:\Users\nsing\AppData\Local\Programs\Python\Python314\Lib\site-packages\httpx\_client.py:942: in _send_handling_auth
    response = self._send_handling_redirects(
C:\Users\nsing\AppData\Local\Programs\Python\Python314\Lib\site-packages\httpx\_client.py:979: in _send_handling_redirects
    response = self._send_single_request(request)
               ^^^^^^^^^^^^^^^^^^^^^^^^^^^^^^^^^^
C:\Users\nsing\AppData\Local\Programs\Python\Python314\Lib\site-packages\httpx\_client.py:1014: in _send_single_request
    response = transport.handle_request(request)
               ^^^^^^^^^^^^^^^^^^^^^^^^^^^^^^^^^
C:\Users\nsing\AppData\Local\Programs\Python\Python314\Lib\site-packages\starlette\testclient.py:348: in handle_request
    raise exc
C:\Users\nsing\AppData\Local\Programs\Python\Python314\Lib\site-packages\starlette\testclient.py:345: in handle_request
    portal.call(self.app, scope, receive, send)
C:\Users\nsing\AppData\Local\Programs\Python\Python314\Lib\site-packages\anyio\from_thread.py:334: in call
    return cast(T_Retval, self.start_task_soon(func, *args).result())
                          ^^^^^^^^^^^^^^^^^^^^^^^^^^^^^^^^^^^^^^^^^^
C:\Users\nsing\AppData\Local\Programs\Python\Python314\Lib\concurrent\futures\_base.py:450: in result
    return self.__get_result()
           ^^^^^^^^^^^^^^^^^^^
C:\Users\nsing\AppData\Local\Programs\Python\Python314\Lib\concurrent\futures\_base.py:395: in __get_result
    raise self._exception
C:\Users\nsing\AppData\Local\Programs\Python\Python314\Lib\site-packages\anyio\from_thread.py:259: in _call_func
    retval = await retval_or_awaitable
             ^^^^^^^^^^^^^^^^^^^^^^^^^
C:\Users\nsing\AppData\Local\Programs\Python\Python314\Lib\site-packages\fastapi\applications.py:1163: in __call__
    await super().__call__(scope, receive, send)
C:\Users\nsing\AppData\Local\Programs\Python\Python314\Lib\site-packages\starlette\applications.py:90: in __call__
    await self.middleware_stack(scope, receive, send)
C:\Users\nsing\AppData\Local\Programs\Python\Python314\Lib\site-packages\starlette\middleware\errors.py:186: in __call__
    raise exc
C:\Users\nsing\AppData\Local\Programs\Python\Python314\Lib\site-packages\starlette\middleware\errors.py:164: in __call__
    await self.app(scope, receive, _send)
C:\Users\nsing\AppData\Local\Programs\Python\Python314\Lib\site-packages\starlette\middleware\cors.py:88: in __call__
    await self.app(scope, receive, send)
C:\Users\nsing\AppData\Local\Programs\Python\Python314\Lib\site-packages\starlette\middleware\exceptions.py:63: in __call__
    await wrap_app_handling_exceptions(self.app, conn)(scope, receive, send)
C:\Users\nsing\AppData\Local\Programs\Python\Python314\Lib\site-packages\starlette\_exception_handler.py:53: in wrapped_app
    raise exc
C:\Users\nsing\AppData\Local\Programs\Python\Python314\Lib\site-packages\starlette\_exception_handler.py:42: in wrapped_app
    await app(scope, receive, sender)
C:\Users\nsing\AppData\Local\Programs\Python\Python314\Lib\site-packages\fastapi\middleware\asyncexitstack.py:18: in __call__
    await self.app(scope, receive, send)
C:\Users\nsing\AppData\Local\Programs\Python\Python314\Lib\site-packages\starlette\routing.py:660: in __call__
    await self.middleware_stack(scope, receive, send)
C:\Users\nsing\AppData\Local\Programs\Python\Python314\Lib\site-packages\starlette\routing.py:680: in app
    await route.handle(scope, receive, send)
C:\Users\nsing\AppData\Local\Programs\Python\Python314\Lib\site-packages\starlette\routing.py:276: in handle
    await self.app(scope, receive, send)
C:\Users\nsing\AppData\Local\Programs\Python\Python314\Lib\site-packages\fastapi\routing.py:134: in app
    await wrap_app_handling_exceptions(app, request)(scope, receive, send)
C:\Users\nsing\AppData\Local\Programs\Python\Python314\Lib\site-packages\starlette\_exception_handler.py:53: in wrapped_app
    raise exc
C:\Users\nsing\AppData\Local\Programs\Python\Python314\Lib\site-packages\starlette\_exception_handler.py:42: in wrapped_app
    await app(scope, receive, sender)
C:\Users\nsing\AppData\Local\Programs\Python\Python314\Lib\site-packages\fastapi\routing.py:120: in app
    response = await f(request)
               ^^^^^^^^^^^^^^^^
C:\Users\nsing\AppData\Local\Programs\Python\Python314\Lib\site-packages\fastapi\routing.py:674: in app
    raw_response = await run_endpoint_function(
C:\Users\nsing\AppData\Local\Programs\Python\Python314\Lib\site-packages\fastapi\routing.py:330: in run_endpoint_function
    return await run_in_threadpool(dependant.call, **values)
           ^^^^^^^^^^^^^^^^^^^^^^^^^^^^^^^^^^^^^^^^^^^^^^^^^
C:\Users\nsing\AppData\Local\Programs\Python\Python314\Lib\site-packages\starlette\concurrency.py:32: in run_in_threadpool
    return await anyio.to_thread.run_sync(func)
           ^^^^^^^^^^^^^^^^^^^^^^^^^^^^^^^^^^^^
C:\Users\nsing\AppData\Local\Programs\Python\Python314\Lib\site-packages\anyio\to_thread.py:63: in run_sync
    return await get_async_backend().run_sync_in_worker_thread(
C:\Users\nsing\AppData\Local\Programs\Python\Python314\Lib\site-packages\anyio\_backends\_asyncio.py:2518: in run_sync_in_worker_thread
    return await future
           ^^^^^^^^^^^^
C:\Users\nsing\AppData\Local\Programs\Python\Python314\Lib\site-packages\anyio\_backends\_asyncio.py:1002: in run
    result = context.run(func, *args)
             ^^^^^^^^^^^^^^^^^^^^^^^^
app\routers\auth.py:23: in register
    if db.query(User).filter(User.username == payload.username).first():
       ^^^^^^^^^^^^^^^^^^^^^^^^^^^^^^^^^^^^^^^^^^^^^^^^^^^^^^^^^^^^^^^^
C:\Users\nsing\AppData\Local\Programs\Python\Python314\Lib\site-packages\sqlalchemy\orm\query.py:2766: in first
    return self.limit(1)._iter().first()  # type: ignore
           ^^^^^^^^^^^^^^^^^^^^^
C:\Users\nsing\AppData\Local\Programs\Python\Python314\Lib\site-packages\sqlalchemy\orm\query.py:2864: in _iter
    result: Union[ScalarResult[_T], Result[_T]] = self.session.execute(
C:\Users\nsing\AppData\Local\Programs\Python\Python314\Lib\site-packages\sqlalchemy\orm\session.py:2351: in execute
    return self._execute_internal(
C:\Users\nsing\AppData\Local\Programs\Python\Python314\Lib\site-packages\sqlalchemy\orm\session.py:2249: in _execute_internal
    result: Result[Any] = compile_state_cls.orm_execute_statement(
C:\Users\nsing\AppData\Local\Programs\Python\Python314\Lib\site-packages\sqlalchemy\orm\context.py:306: in orm_execute_statement
    result = conn.execute(
C:\Users\nsing\AppData\Local\Programs\Python\Python314\Lib\site-packages\sqlalchemy\engine\base.py:1419: in execute
    return meth(
C:\Users\nsing\AppData\Local\Programs\Python\Python314\Lib\site-packages\sqlalchemy\sql\elements.py:527: in _execute_on_connection
    return connection._execute_clauseelement(
C:\Users\nsing\AppData\Local\Programs\Python\Python314\Lib\site-packages\sqlalchemy\engine\base.py:1641: in _execute_clauseelement
    ret = self._execute_context(
C:\Users\nsing\AppData\Local\Programs\Python\Python314\Lib\site-packages\sqlalchemy\engine\base.py:1846: in _execute_context
    return self._exec_single_context(
C:\Users\nsing\AppData\Local\Programs\Python\Python314\Lib\site-packages\sqlalchemy\engine\base.py:1986: in _exec_single_context
    self._handle_dbapi_exception(
C:\Users\nsing\AppData\Local\Programs\Python\Python314\Lib\site-packages\sqlalchemy\engine\base.py:2363: in _handle_dbapi_exception
    raise sqlalchemy_exception.with_traceback(exc_info[2]) from e
C:\Users\nsing\AppData\Local\Programs\Python\Python314\Lib\site-packages\sqlalchemy\engine\base.py:1967: in _exec_single_context
    self.dialect.do_execute(
_ _ _ _ _ _ _ _ _ _ _ _ _ _ _ _ _ _ _ _ _ _ _ _ _ _ _ _ _ _ _ _ _ _ _ _ _ _ _ _

self = <sqlalchemy.dialects.sqlite.pysqlite.SQLiteDialect_pysqlite object at 0x000001A5C2B72AD0>
cursor = <sqlite3.Cursor object at 0x000001A5C66591C0>
statement = 'SELECT users.id AS users_id, users.username AS users_username, users.email AS users_email, users.hashed_password AS u...ve AS users_is_active, users.created_at AS users_created_at \nFROM users \nWHERE users.username = ?\n LIMIT ? OFFSET ?'
parameters = ('viewer_user', 1, 0)
context = <sqlalchemy.dialects.sqlite.base.SQLiteExecutionContext object at 0x000001A5C33E0AD0>

    def do_execute(self, cursor, statement, parameters, context=None):
>       cursor.execute(statement, parameters)
E       sqlalchemy.exc.OperationalError: (sqlite3.OperationalError) no such table: users
E       [SQL: SELECT users.id AS users_id, users.username AS users_username, users.email AS users_email, users.hashed_password AS users_hashed_password, users.role AS users_role, users.is_active AS users_is_active, users.created_at AS users_created_at 
E       FROM users 
E       WHERE users.username = ?
E        LIMIT ? OFFSET ?]
E       [parameters: ('viewer_user', 1, 0)]
E       (Background on this error at: https://sqlalche.me/e/20/e3q8)

C:\Users\nsing\AppData\Local\Programs\Python\Python314\Lib\site-packages\sqlalchemy\engine\default.py:952: OperationalError
__________ ERROR at setup of TestRBAC.test_analyst_can_create_record __________

self = <sqlalchemy.engine.base.Connection object at 0x000001A5C45C49B0>
dialect = <sqlalchemy.dialects.sqlite.pysqlite.SQLiteDialect_pysqlite object at 0x000001A5C2B72AD0>
context = <sqlalchemy.dialects.sqlite.base.SQLiteExecutionContext object at 0x000001A5C33E0F30>
statement = <sqlalchemy.dialects.sqlite.base.SQLiteCompiler object at 0x000001A5C3067450>
parameters = [('viewer_user', 1, 0)]

    def _exec_single_context(
        self,
        dialect: Dialect,
        context: ExecutionContext,
        statement: Union[str, Compiled],
        parameters: Optional[_AnyMultiExecuteParams],
    ) -> CursorResult[Any]:
        """continue the _execute_context() method for a single DBAPI
        cursor.execute() or cursor.executemany() call.
    
        """
        if dialect.bind_typing is BindTyping.SETINPUTSIZES:
            generic_setinputsizes = context._prepare_set_input_sizes()
    
            if generic_setinputsizes:
                try:
                    dialect.do_set_input_sizes(
                        context.cursor, generic_setinputsizes, context
                    )
                except BaseException as e:
                    self._handle_dbapi_exception(
                        e, str(statement), parameters, None, context
                    )
    
        cursor, str_statement, parameters = (
            context.cursor,
            context.statement,
            context.parameters,
        )
    
        effective_parameters: Optional[_AnyExecuteParams]
    
        if not context.executemany:
            effective_parameters = parameters[0]
        else:
            effective_parameters = parameters
    
        if self._has_events or self.engine._has_events:
            for fn in self.dispatch.before_cursor_execute:
                str_statement, effective_parameters = fn(
                    self,
                    cursor,
                    str_statement,
                    effective_parameters,
                    context,
                    context.executemany,
                )
    
        if self._echo:
            self._log_info(str_statement)
    
            stats = context._get_cache_stats()
    
            if not self.engine.hide_parameters:
                self._log_info(
                    "[%s] %r",
                    stats,
                    sql_util._repr_params(
                        effective_parameters,
                        batches=10,
                        ismulti=context.executemany,
                    ),
                )
            else:
                self._log_info(
                    "[%s] [SQL parameters hidden due to hide_parameters=True]",
                    stats,
                )
    
        evt_handled: bool = False
        try:
            if context.execute_style is ExecuteStyle.EXECUTEMANY:
                effective_parameters = cast(
                    "_CoreMultiExecuteParams", effective_parameters
                )
                if self.dialect._has_events:
                    for fn in self.dialect.dispatch.do_executemany:
                        if fn(
                            cursor,
                            str_statement,
                            effective_parameters,
                            context,
                        ):
                            evt_handled = True
                            break
                if not evt_handled:
                    self.dialect.do_executemany(
                        cursor,
                        str_statement,
                        effective_parameters,
                        context,
                    )
            elif not effective_parameters and context.no_parameters:
                if self.dialect._has_events:
                    for fn in self.dialect.dispatch.do_execute_no_params:
                        if fn(cursor, str_statement, context):
                            evt_handled = True
                            break
                if not evt_handled:
                    self.dialect.do_execute_no_params(
                        cursor, str_statement, context
                    )
            else:
                effective_parameters = cast(
                    "_CoreSingleExecuteParams", effective_parameters
                )
                if self.dialect._has_events:
                    for fn in self.dialect.dispatch.do_execute:
                        if fn(
                            cursor,
                            str_statement,
                            effective_parameters,
                            context,
                        ):
                            evt_handled = True
                            break
                if not evt_handled:
>                   self.dialect.do_execute(
                        cursor, str_statement, effective_parameters, context
                    )

C:\Users\nsing\AppData\Local\Programs\Python\Python314\Lib\site-packages\sqlalchemy\engine\base.py:1967: 
_ _ _ _ _ _ _ _ _ _ _ _ _ _ _ _ _ _ _ _ _ _ _ _ _ _ _ _ _ _ _ _ _ _ _ _ _ _ _ _

self = <sqlalchemy.dialects.sqlite.pysqlite.SQLiteDialect_pysqlite object at 0x000001A5C2B72AD0>
cursor = <sqlite3.Cursor object at 0x000001A5C4510B40>
statement = 'SELECT users.id AS users_id, users.username AS users_username, users.email AS users_email, users.hashed_password AS u...ve AS users_is_active, users.created_at AS users_created_at \nFROM users \nWHERE users.username = ?\n LIMIT ? OFFSET ?'
parameters = ('viewer_user', 1, 0)
context = <sqlalchemy.dialects.sqlite.base.SQLiteExecutionContext object at 0x000001A5C33E0F30>

    def do_execute(self, cursor, statement, parameters, context=None):
>       cursor.execute(statement, parameters)
E       sqlite3.OperationalError: no such table: users

C:\Users\nsing\AppData\Local\Programs\Python\Python314\Lib\site-packages\sqlalchemy\engine\default.py:952: OperationalError

The above exception was the direct cause of the following exception:

self = <tests.test_api.TestRBAC object at 0x000001A5C30C1590>

    def setup_method(self):
>       register("viewer_user", role="viewer")

tests\test_api.py:95: 
_ _ _ _ _ _ _ _ _ _ _ _ _ _ _ _ _ _ _ _ _ _ _ _ _ _ _ _ _ _ _ _ _ _ _ _ _ _ _ _
tests\test_api.py:49: in register
    return client.post("/auth/register", json={
C:\Users\nsing\AppData\Local\Programs\Python\Python314\Lib\site-packages\starlette\testclient.py:546: in post
    return super().post(
C:\Users\nsing\AppData\Local\Programs\Python\Python314\Lib\site-packages\httpx\_client.py:1144: in post
    return self.request(
C:\Users\nsing\AppData\Local\Programs\Python\Python314\Lib\site-packages\starlette\testclient.py:445: in request
    return super().request(
C:\Users\nsing\AppData\Local\Programs\Python\Python314\Lib\site-packages\httpx\_client.py:825: in request
    return self.send(request, auth=auth, follow_redirects=follow_redirects)
           ^^^^^^^^^^^^^^^^^^^^^^^^^^^^^^^^^^^^^^^^^^^^^^^^^^^^^^^^^^^^^^^^
C:\Users\nsing\AppData\Local\Programs\Python\Python314\Lib\site-packages\httpx\_client.py:914: in send
    response = self._send_handling_auth(
C:\Users\nsing\AppData\Local\Programs\Python\Python314\Lib\site-packages\httpx\_client.py:942: in _send_handling_auth
    response = self._send_handling_redirects(
C:\Users\nsing\AppData\Local\Programs\Python\Python314\Lib\site-packages\httpx\_client.py:979: in _send_handling_redirects
    response = self._send_single_request(request)
               ^^^^^^^^^^^^^^^^^^^^^^^^^^^^^^^^^^
C:\Users\nsing\AppData\Local\Programs\Python\Python314\Lib\site-packages\httpx\_client.py:1014: in _send_single_request
    response = transport.handle_request(request)
               ^^^^^^^^^^^^^^^^^^^^^^^^^^^^^^^^^
C:\Users\nsing\AppData\Local\Programs\Python\Python314\Lib\site-packages\starlette\testclient.py:348: in handle_request
    raise exc
C:\Users\nsing\AppData\Local\Programs\Python\Python314\Lib\site-packages\starlette\testclient.py:345: in handle_request
    portal.call(self.app, scope, receive, send)
C:\Users\nsing\AppData\Local\Programs\Python\Python314\Lib\site-packages\anyio\from_thread.py:334: in call
    return cast(T_Retval, self.start_task_soon(func, *args).result())
                          ^^^^^^^^^^^^^^^^^^^^^^^^^^^^^^^^^^^^^^^^^^
C:\Users\nsing\AppData\Local\Programs\Python\Python314\Lib\concurrent\futures\_base.py:450: in result
    return self.__get_result()
           ^^^^^^^^^^^^^^^^^^^
C:\Users\nsing\AppData\Local\Programs\Python\Python314\Lib\concurrent\futures\_base.py:395: in __get_result
    raise self._exception
C:\Users\nsing\AppData\Local\Programs\Python\Python314\Lib\site-packages\anyio\from_thread.py:259: in _call_func
    retval = await retval_or_awaitable
             ^^^^^^^^^^^^^^^^^^^^^^^^^
C:\Users\nsing\AppData\Local\Programs\Python\Python314\Lib\site-packages\fastapi\applications.py:1163: in __call__
    await super().__call__(scope, receive, send)
C:\Users\nsing\AppData\Local\Programs\Python\Python314\Lib\site-packages\starlette\applications.py:90: in __call__
    await self.middleware_stack(scope, receive, send)
C:\Users\nsing\AppData\Local\Programs\Python\Python314\Lib\site-packages\starlette\middleware\errors.py:186: in __call__
    raise exc
C:\Users\nsing\AppData\Local\Programs\Python\Python314\Lib\site-packages\starlette\middleware\errors.py:164: in __call__
    await self.app(scope, receive, _send)
C:\Users\nsing\AppData\Local\Programs\Python\Python314\Lib\site-packages\starlette\middleware\cors.py:88: in __call__
    await self.app(scope, receive, send)
C:\Users\nsing\AppData\Local\Programs\Python\Python314\Lib\site-packages\starlette\middleware\exceptions.py:63: in __call__
    await wrap_app_handling_exceptions(self.app, conn)(scope, receive, send)
C:\Users\nsing\AppData\Local\Programs\Python\Python314\Lib\site-packages\starlette\_exception_handler.py:53: in wrapped_app
    raise exc
C:\Users\nsing\AppData\Local\Programs\Python\Python314\Lib\site-packages\starlette\_exception_handler.py:42: in wrapped_app
    await app(scope, receive, sender)
C:\Users\nsing\AppData\Local\Programs\Python\Python314\Lib\site-packages\fastapi\middleware\asyncexitstack.py:18: in __call__
    await self.app(scope, receive, send)
C:\Users\nsing\AppData\Local\Programs\Python\Python314\Lib\site-packages\starlette\routing.py:660: in __call__
    await self.middleware_stack(scope, receive, send)
C:\Users\nsing\AppData\Local\Programs\Python\Python314\Lib\site-packages\starlette\routing.py:680: in app
    await route.handle(scope, receive, send)
C:\Users\nsing\AppData\Local\Programs\Python\Python314\Lib\site-packages\starlette\routing.py:276: in handle
    await self.app(scope, receive, send)
C:\Users\nsing\AppData\Local\Programs\Python\Python314\Lib\site-packages\fastapi\routing.py:134: in app
    await wrap_app_handling_exceptions(app, request)(scope, receive, send)
C:\Users\nsing\AppData\Local\Programs\Python\Python314\Lib\site-packages\starlette\_exception_handler.py:53: in wrapped_app
    raise exc
C:\Users\nsing\AppData\Local\Programs\Python\Python314\Lib\site-packages\starlette\_exception_handler.py:42: in wrapped_app
    await app(scope, receive, sender)
C:\Users\nsing\AppData\Local\Programs\Python\Python314\Lib\site-packages\fastapi\routing.py:120: in app
    response = await f(request)
               ^^^^^^^^^^^^^^^^
C:\Users\nsing\AppData\Local\Programs\Python\Python314\Lib\site-packages\fastapi\routing.py:674: in app
    raw_response = await run_endpoint_function(
C:\Users\nsing\AppData\Local\Programs\Python\Python314\Lib\site-packages\fastapi\routing.py:330: in run_endpoint_function
    return await run_in_threadpool(dependant.call, **values)
           ^^^^^^^^^^^^^^^^^^^^^^^^^^^^^^^^^^^^^^^^^^^^^^^^^
C:\Users\nsing\AppData\Local\Programs\Python\Python314\Lib\site-packages\starlette\concurrency.py:32: in run_in_threadpool
    return await anyio.to_thread.run_sync(func)
           ^^^^^^^^^^^^^^^^^^^^^^^^^^^^^^^^^^^^
C:\Users\nsing\AppData\Local\Programs\Python\Python314\Lib\site-packages\anyio\to_thread.py:63: in run_sync
    return await get_async_backend().run_sync_in_worker_thread(
C:\Users\nsing\AppData\Local\Programs\Python\Python314\Lib\site-packages\anyio\_backends\_asyncio.py:2518: in run_sync_in_worker_thread
    return await future
           ^^^^^^^^^^^^
C:\Users\nsing\AppData\Local\Programs\Python\Python314\Lib\site-packages\anyio\_backends\_asyncio.py:1002: in run
    result = context.run(func, *args)
             ^^^^^^^^^^^^^^^^^^^^^^^^
app\routers\auth.py:23: in register
    if db.query(User).filter(User.username == payload.username).first():
       ^^^^^^^^^^^^^^^^^^^^^^^^^^^^^^^^^^^^^^^^^^^^^^^^^^^^^^^^^^^^^^^^
C:\Users\nsing\AppData\Local\Programs\Python\Python314\Lib\site-packages\sqlalchemy\orm\query.py:2766: in first
    return self.limit(1)._iter().first()  # type: ignore
           ^^^^^^^^^^^^^^^^^^^^^
C:\Users\nsing\AppData\Local\Programs\Python\Python314\Lib\site-packages\sqlalchemy\orm\query.py:2864: in _iter
    result: Union[ScalarResult[_T], Result[_T]] = self.session.execute(
C:\Users\nsing\AppData\Local\Programs\Python\Python314\Lib\site-packages\sqlalchemy\orm\session.py:2351: in execute
    return self._execute_internal(
C:\Users\nsing\AppData\Local\Programs\Python\Python314\Lib\site-packages\sqlalchemy\orm\session.py:2249: in _execute_internal
    result: Result[Any] = compile_state_cls.orm_execute_statement(
C:\Users\nsing\AppData\Local\Programs\Python\Python314\Lib\site-packages\sqlalchemy\orm\context.py:306: in orm_execute_statement
    result = conn.execute(
C:\Users\nsing\AppData\Local\Programs\Python\Python314\Lib\site-packages\sqlalchemy\engine\base.py:1419: in execute
    return meth(
C:\Users\nsing\AppData\Local\Programs\Python\Python314\Lib\site-packages\sqlalchemy\sql\elements.py:527: in _execute_on_connection
    return connection._execute_clauseelement(
C:\Users\nsing\AppData\Local\Programs\Python\Python314\Lib\site-packages\sqlalchemy\engine\base.py:1641: in _execute_clauseelement
    ret = self._execute_context(
C:\Users\nsing\AppData\Local\Programs\Python\Python314\Lib\site-packages\sqlalchemy\engine\base.py:1846: in _execute_context
    return self._exec_single_context(
C:\Users\nsing\AppData\Local\Programs\Python\Python314\Lib\site-packages\sqlalchemy\engine\base.py:1986: in _exec_single_context
    self._handle_dbapi_exception(
C:\Users\nsing\AppData\Local\Programs\Python\Python314\Lib\site-packages\sqlalchemy\engine\base.py:2363: in _handle_dbapi_exception
    raise sqlalchemy_exception.with_traceback(exc_info[2]) from e
C:\Users\nsing\AppData\Local\Programs\Python\Python314\Lib\site-packages\sqlalchemy\engine\base.py:1967: in _exec_single_context
    self.dialect.do_execute(
_ _ _ _ _ _ _ _ _ _ _ _ _ _ _ _ _ _ _ _ _ _ _ _ _ _ _ _ _ _ _ _ _ _ _ _ _ _ _ _

self = <sqlalchemy.dialects.sqlite.pysqlite.SQLiteDialect_pysqlite object at 0x000001A5C2B72AD0>
cursor = <sqlite3.Cursor object at 0x000001A5C4510B40>
statement = 'SELECT users.id AS users_id, users.username AS users_username, users.email AS users_email, users.hashed_password AS u...ve AS users_is_active, users.created_at AS users_created_at \nFROM users \nWHERE users.username = ?\n LIMIT ? OFFSET ?'
parameters = ('viewer_user', 1, 0)
context = <sqlalchemy.dialects.sqlite.base.SQLiteExecutionContext object at 0x000001A5C33E0F30>

    def do_execute(self, cursor, statement, parameters, context=None):
>       cursor.execute(statement, parameters)
E       sqlalchemy.exc.OperationalError: (sqlite3.OperationalError) no such table: users
E       [SQL: SELECT users.id AS users_id, users.username AS users_username, users.email AS users_email, users.hashed_password AS users_hashed_password, users.role AS users_role, users.is_active AS users_is_active, users.created_at AS users_created_at 
E       FROM users 
E       WHERE users.username = ?
E        LIMIT ? OFFSET ?]
E       [parameters: ('viewer_user', 1, 0)]
E       (Background on this error at: https://sqlalche.me/e/20/e3q8)

C:\Users\nsing\AppData\Local\Programs\Python\Python314\Lib\site-packages\sqlalchemy\engine\default.py:952: OperationalError
________ ERROR at setup of TestRBAC.test_analyst_cannot_delete_record _________

self = <sqlalchemy.engine.base.Connection object at 0x000001A5C45C6A80>
dialect = <sqlalchemy.dialects.sqlite.pysqlite.SQLiteDialect_pysqlite object at 0x000001A5C2B72AD0>
context = <sqlalchemy.dialects.sqlite.base.SQLiteExecutionContext object at 0x000001A5C33E2A50>
statement = <sqlalchemy.dialects.sqlite.base.SQLiteCompiler object at 0x000001A5C3067450>
parameters = [('viewer_user', 1, 0)]

    def _exec_single_context(
        self,
        dialect: Dialect,
        context: ExecutionContext,
        statement: Union[str, Compiled],
        parameters: Optional[_AnyMultiExecuteParams],
    ) -> CursorResult[Any]:
        """continue the _execute_context() method for a single DBAPI
        cursor.execute() or cursor.executemany() call.
    
        """
        if dialect.bind_typing is BindTyping.SETINPUTSIZES:
            generic_setinputsizes = context._prepare_set_input_sizes()
    
            if generic_setinputsizes:
                try:
                    dialect.do_set_input_sizes(
                        context.cursor, generic_setinputsizes, context
                    )
                except BaseException as e:
                    self._handle_dbapi_exception(
                        e, str(statement), parameters, None, context
                    )
    
        cursor, str_statement, parameters = (
            context.cursor,
            context.statement,
            context.parameters,
        )
    
        effective_parameters: Optional[_AnyExecuteParams]
    
        if not context.executemany:
            effective_parameters = parameters[0]
        else:
            effective_parameters = parameters
    
        if self._has_events or self.engine._has_events:
            for fn in self.dispatch.before_cursor_execute:
                str_statement, effective_parameters = fn(
                    self,
                    cursor,
                    str_statement,
                    effective_parameters,
                    context,
                    context.executemany,
                )
    
        if self._echo:
            self._log_info(str_statement)
    
            stats = context._get_cache_stats()
    
            if not self.engine.hide_parameters:
                self._log_info(
                    "[%s] %r",
                    stats,
                    sql_util._repr_params(
                        effective_parameters,
                        batches=10,
                        ismulti=context.executemany,
                    ),
                )
            else:
                self._log_info(
                    "[%s] [SQL parameters hidden due to hide_parameters=True]",
                    stats,
                )
    
        evt_handled: bool = False
        try:
            if context.execute_style is ExecuteStyle.EXECUTEMANY:
                effective_parameters = cast(
                    "_CoreMultiExecuteParams", effective_parameters
                )
                if self.dialect._has_events:
                    for fn in self.dialect.dispatch.do_executemany:
                        if fn(
                            cursor,
                            str_statement,
                            effective_parameters,
                            context,
                        ):
                            evt_handled = True
                            break
                if not evt_handled:
                    self.dialect.do_executemany(
                        cursor,
                        str_statement,
                        effective_parameters,
                        context,
                    )
            elif not effective_parameters and context.no_parameters:
                if self.dialect._has_events:
                    for fn in self.dialect.dispatch.do_execute_no_params:
                        if fn(cursor, str_statement, context):
                            evt_handled = True
                            break
                if not evt_handled:
                    self.dialect.do_execute_no_params(
                        cursor, str_statement, context
                    )
            else:
                effective_parameters = cast(
                    "_CoreSingleExecuteParams", effective_parameters
                )
                if self.dialect._has_events:
                    for fn in self.dialect.dispatch.do_execute:
                        if fn(
                            cursor,
                            str_statement,
                            effective_parameters,
                            context,
                        ):
                            evt_handled = True
                            break
                if not evt_handled:
>                   self.dialect.do_execute(
                        cursor, str_statement, effective_parameters, context
                    )

C:\Users\nsing\AppData\Local\Programs\Python\Python314\Lib\site-packages\sqlalchemy\engine\base.py:1967: 
_ _ _ _ _ _ _ _ _ _ _ _ _ _ _ _ _ _ _ _ _ _ _ _ _ _ _ _ _ _ _ _ _ _ _ _ _ _ _ _

self = <sqlalchemy.dialects.sqlite.pysqlite.SQLiteDialect_pysqlite object at 0x000001A5C2B72AD0>
cursor = <sqlite3.Cursor object at 0x000001A5C665A8C0>
statement = 'SELECT users.id AS users_id, users.username AS users_username, users.email AS users_email, users.hashed_password AS u...ve AS users_is_active, users.created_at AS users_created_at \nFROM users \nWHERE users.username = ?\n LIMIT ? OFFSET ?'
parameters = ('viewer_user', 1, 0)
context = <sqlalchemy.dialects.sqlite.base.SQLiteExecutionContext object at 0x000001A5C33E2A50>

    def do_execute(self, cursor, statement, parameters, context=None):
>       cursor.execute(statement, parameters)
E       sqlite3.OperationalError: no such table: users

C:\Users\nsing\AppData\Local\Programs\Python\Python314\Lib\site-packages\sqlalchemy\engine\default.py:952: OperationalError

The above exception was the direct cause of the following exception:

self = <tests.test_api.TestRBAC object at 0x000001A5C3166EA0>

    def setup_method(self):
>       register("viewer_user", role="viewer")

tests\test_api.py:95: 
_ _ _ _ _ _ _ _ _ _ _ _ _ _ _ _ _ _ _ _ _ _ _ _ _ _ _ _ _ _ _ _ _ _ _ _ _ _ _ _
tests\test_api.py:49: in register
    return client.post("/auth/register", json={
C:\Users\nsing\AppData\Local\Programs\Python\Python314\Lib\site-packages\starlette\testclient.py:546: in post
    return super().post(
C:\Users\nsing\AppData\Local\Programs\Python\Python314\Lib\site-packages\httpx\_client.py:1144: in post
    return self.request(
C:\Users\nsing\AppData\Local\Programs\Python\Python314\Lib\site-packages\starlette\testclient.py:445: in request
    return super().request(
C:\Users\nsing\AppData\Local\Programs\Python\Python314\Lib\site-packages\httpx\_client.py:825: in request
    return self.send(request, auth=auth, follow_redirects=follow_redirects)
           ^^^^^^^^^^^^^^^^^^^^^^^^^^^^^^^^^^^^^^^^^^^^^^^^^^^^^^^^^^^^^^^^
C:\Users\nsing\AppData\Local\Programs\Python\Python314\Lib\site-packages\httpx\_client.py:914: in send
    response = self._send_handling_auth(
C:\Users\nsing\AppData\Local\Programs\Python\Python314\Lib\site-packages\httpx\_client.py:942: in _send_handling_auth
    response = self._send_handling_redirects(
C:\Users\nsing\AppData\Local\Programs\Python\Python314\Lib\site-packages\httpx\_client.py:979: in _send_handling_redirects
    response = self._send_single_request(request)
               ^^^^^^^^^^^^^^^^^^^^^^^^^^^^^^^^^^
C:\Users\nsing\AppData\Local\Programs\Python\Python314\Lib\site-packages\httpx\_client.py:1014: in _send_single_request
    response = transport.handle_request(request)
               ^^^^^^^^^^^^^^^^^^^^^^^^^^^^^^^^^
C:\Users\nsing\AppData\Local\Programs\Python\Python314\Lib\site-packages\starlette\testclient.py:348: in handle_request
    raise exc
C:\Users\nsing\AppData\Local\Programs\Python\Python314\Lib\site-packages\starlette\testclient.py:345: in handle_request
    portal.call(self.app, scope, receive, send)
C:\Users\nsing\AppData\Local\Programs\Python\Python314\Lib\site-packages\anyio\from_thread.py:334: in call
    return cast(T_Retval, self.start_task_soon(func, *args).result())
                          ^^^^^^^^^^^^^^^^^^^^^^^^^^^^^^^^^^^^^^^^^^
C:\Users\nsing\AppData\Local\Programs\Python\Python314\Lib\concurrent\futures\_base.py:450: in result
    return self.__get_result()
           ^^^^^^^^^^^^^^^^^^^
C:\Users\nsing\AppData\Local\Programs\Python\Python314\Lib\concurrent\futures\_base.py:395: in __get_result
    raise self._exception
C:\Users\nsing\AppData\Local\Programs\Python\Python314\Lib\site-packages\anyio\from_thread.py:259: in _call_func
    retval = await retval_or_awaitable
             ^^^^^^^^^^^^^^^^^^^^^^^^^
C:\Users\nsing\AppData\Local\Programs\Python\Python314\Lib\site-packages\fastapi\applications.py:1163: in __call__
    await super().__call__(scope, receive, send)
C:\Users\nsing\AppData\Local\Programs\Python\Python314\Lib\site-packages\starlette\applications.py:90: in __call__
    await self.middleware_stack(scope, receive, send)
C:\Users\nsing\AppData\Local\Programs\Python\Python314\Lib\site-packages\starlette\middleware\errors.py:186: in __call__
    raise exc
C:\Users\nsing\AppData\Local\Programs\Python\Python314\Lib\site-packages\starlette\middleware\errors.py:164: in __call__
    await self.app(scope, receive, _send)
C:\Users\nsing\AppData\Local\Programs\Python\Python314\Lib\site-packages\starlette\middleware\cors.py:88: in __call__
    await self.app(scope, receive, send)
C:\Users\nsing\AppData\Local\Programs\Python\Python314\Lib\site-packages\starlette\middleware\exceptions.py:63: in __call__
    await wrap_app_handling_exceptions(self.app, conn)(scope, receive, send)
C:\Users\nsing\AppData\Local\Programs\Python\Python314\Lib\site-packages\starlette\_exception_handler.py:53: in wrapped_app
    raise exc
C:\Users\nsing\AppData\Local\Programs\Python\Python314\Lib\site-packages\starlette\_exception_handler.py:42: in wrapped_app
    await app(scope, receive, sender)
C:\Users\nsing\AppData\Local\Programs\Python\Python314\Lib\site-packages\fastapi\middleware\asyncexitstack.py:18: in __call__
    await self.app(scope, receive, send)
C:\Users\nsing\AppData\Local\Programs\Python\Python314\Lib\site-packages\starlette\routing.py:660: in __call__
    await self.middleware_stack(scope, receive, send)
C:\Users\nsing\AppData\Local\Programs\Python\Python314\Lib\site-packages\starlette\routing.py:680: in app
    await route.handle(scope, receive, send)
C:\Users\nsing\AppData\Local\Programs\Python\Python314\Lib\site-packages\starlette\routing.py:276: in handle
    await self.app(scope, receive, send)
C:\Users\nsing\AppData\Local\Programs\Python\Python314\Lib\site-packages\fastapi\routing.py:134: in app
    await wrap_app_handling_exceptions(app, request)(scope, receive, send)
C:\Users\nsing\AppData\Local\Programs\Python\Python314\Lib\site-packages\starlette\_exception_handler.py:53: in wrapped_app
    raise exc
C:\Users\nsing\AppData\Local\Programs\Python\Python314\Lib\site-packages\starlette\_exception_handler.py:42: in wrapped_app
    await app(scope, receive, sender)
C:\Users\nsing\AppData\Local\Programs\Python\Python314\Lib\site-packages\fastapi\routing.py:120: in app
    response = await f(request)
               ^^^^^^^^^^^^^^^^
C:\Users\nsing\AppData\Local\Programs\Python\Python314\Lib\site-packages\fastapi\routing.py:674: in app
    raw_response = await run_endpoint_function(
C:\Users\nsing\AppData\Local\Programs\Python\Python314\Lib\site-packages\fastapi\routing.py:330: in run_endpoint_function
    return await run_in_threadpool(dependant.call, **values)
           ^^^^^^^^^^^^^^^^^^^^^^^^^^^^^^^^^^^^^^^^^^^^^^^^^
C:\Users\nsing\AppData\Local\Programs\Python\Python314\Lib\site-packages\starlette\concurrency.py:32: in run_in_threadpool
    return await anyio.to_thread.run_sync(func)
           ^^^^^^^^^^^^^^^^^^^^^^^^^^^^^^^^^^^^
C:\Users\nsing\AppData\Local\Programs\Python\Python314\Lib\site-packages\anyio\to_thread.py:63: in run_sync
    return await get_async_backend().run_sync_in_worker_thread(
C:\Users\nsing\AppData\Local\Programs\Python\Python314\Lib\site-packages\anyio\_backends\_asyncio.py:2518: in run_sync_in_worker_thread
    return await future
           ^^^^^^^^^^^^
C:\Users\nsing\AppData\Local\Programs\Python\Python314\Lib\site-packages\anyio\_backends\_asyncio.py:1002: in run
    result = context.run(func, *args)
             ^^^^^^^^^^^^^^^^^^^^^^^^
app\routers\auth.py:23: in register
    if db.query(User).filter(User.username == payload.username).first():
       ^^^^^^^^^^^^^^^^^^^^^^^^^^^^^^^^^^^^^^^^^^^^^^^^^^^^^^^^^^^^^^^^
C:\Users\nsing\AppData\Local\Programs\Python\Python314\Lib\site-packages\sqlalchemy\orm\query.py:2766: in first
    return self.limit(1)._iter().first()  # type: ignore
           ^^^^^^^^^^^^^^^^^^^^^
C:\Users\nsing\AppData\Local\Programs\Python\Python314\Lib\site-packages\sqlalchemy\orm\query.py:2864: in _iter
    result: Union[ScalarResult[_T], Result[_T]] = self.session.execute(
C:\Users\nsing\AppData\Local\Programs\Python\Python314\Lib\site-packages\sqlalchemy\orm\session.py:2351: in execute
    return self._execute_internal(
C:\Users\nsing\AppData\Local\Programs\Python\Python314\Lib\site-packages\sqlalchemy\orm\session.py:2249: in _execute_internal
    result: Result[Any] = compile_state_cls.orm_execute_statement(
C:\Users\nsing\AppData\Local\Programs\Python\Python314\Lib\site-packages\sqlalchemy\orm\context.py:306: in orm_execute_statement
    result = conn.execute(
C:\Users\nsing\AppData\Local\Programs\Python\Python314\Lib\site-packages\sqlalchemy\engine\base.py:1419: in execute
    return meth(
C:\Users\nsing\AppData\Local\Programs\Python\Python314\Lib\site-packages\sqlalchemy\sql\elements.py:527: in _execute_on_connection
    return connection._execute_clauseelement(
C:\Users\nsing\AppData\Local\Programs\Python\Python314\Lib\site-packages\sqlalchemy\engine\base.py:1641: in _execute_clauseelement
    ret = self._execute_context(
C:\Users\nsing\AppData\Local\Programs\Python\Python314\Lib\site-packages\sqlalchemy\engine\base.py:1846: in _execute_context
    return self._exec_single_context(
C:\Users\nsing\AppData\Local\Programs\Python\Python314\Lib\site-packages\sqlalchemy\engine\base.py:1986: in _exec_single_context
    self._handle_dbapi_exception(
C:\Users\nsing\AppData\Local\Programs\Python\Python314\Lib\site-packages\sqlalchemy\engine\base.py:2363: in _handle_dbapi_exception
    raise sqlalchemy_exception.with_traceback(exc_info[2]) from e
C:\Users\nsing\AppData\Local\Programs\Python\Python314\Lib\site-packages\sqlalchemy\engine\base.py:1967: in _exec_single_context
    self.dialect.do_execute(
_ _ _ _ _ _ _ _ _ _ _ _ _ _ _ _ _ _ _ _ _ _ _ _ _ _ _ _ _ _ _ _ _ _ _ _ _ _ _ _

self = <sqlalchemy.dialects.sqlite.pysqlite.SQLiteDialect_pysqlite object at 0x000001A5C2B72AD0>
cursor = <sqlite3.Cursor object at 0x000001A5C665A8C0>
statement = 'SELECT users.id AS users_id, users.username AS users_username, users.email AS users_email, users.hashed_password AS u...ve AS users_is_active, users.created_at AS users_created_at \nFROM users \nWHERE users.username = ?\n LIMIT ? OFFSET ?'
parameters = ('viewer_user', 1, 0)
context = <sqlalchemy.dialects.sqlite.base.SQLiteExecutionContext object at 0x000001A5C33E2A50>

    def do_execute(self, cursor, statement, parameters, context=None):
>       cursor.execute(statement, parameters)
E       sqlalchemy.exc.OperationalError: (sqlite3.OperationalError) no such table: users
E       [SQL: SELECT users.id AS users_id, users.username AS users_username, users.email AS users_email, users.hashed_password AS users_hashed_password, users.role AS users_role, users.is_active AS users_is_active, users.created_at AS users_created_at 
E       FROM users 
E       WHERE users.username = ?
E        LIMIT ? OFFSET ?]
E       [parameters: ('viewer_user', 1, 0)]
E       (Background on this error at: https://sqlalche.me/e/20/e3q8)

C:\Users\nsing\AppData\Local\Programs\Python\Python314\Lib\site-packages\sqlalchemy\engine\default.py:952: OperationalError
___________ ERROR at setup of TestRBAC.test_admin_can_delete_record ___________

self = <sqlalchemy.engine.base.Connection object at 0x000001A5C31E47D0>
dialect = <sqlalchemy.dialects.sqlite.pysqlite.SQLiteDialect_pysqlite object at 0x000001A5C2B72AD0>
context = <sqlalchemy.dialects.sqlite.base.SQLiteExecutionContext object at 0x000001A5C33E1EF0>
statement = <sqlalchemy.dialects.sqlite.base.SQLiteCompiler object at 0x000001A5C3067450>
parameters = [('viewer_user', 1, 0)]

    def _exec_single_context(
        self,
        dialect: Dialect,
        context: ExecutionContext,
        statement: Union[str, Compiled],
        parameters: Optional[_AnyMultiExecuteParams],
    ) -> CursorResult[Any]:
        """continue the _execute_context() method for a single DBAPI
        cursor.execute() or cursor.executemany() call.
    
        """
        if dialect.bind_typing is BindTyping.SETINPUTSIZES:
            generic_setinputsizes = context._prepare_set_input_sizes()
    
            if generic_setinputsizes:
                try:
                    dialect.do_set_input_sizes(
                        context.cursor, generic_setinputsizes, context
                    )
                except BaseException as e:
                    self._handle_dbapi_exception(
                        e, str(statement), parameters, None, context
                    )
    
        cursor, str_statement, parameters = (
            context.cursor,
            context.statement,
            context.parameters,
        )
    
        effective_parameters: Optional[_AnyExecuteParams]
    
        if not context.executemany:
            effective_parameters = parameters[0]
        else:
            effective_parameters = parameters
    
        if self._has_events or self.engine._has_events:
            for fn in self.dispatch.before_cursor_execute:
                str_statement, effective_parameters = fn(
                    self,
                    cursor,
                    str_statement,
                    effective_parameters,
                    context,
                    context.executemany,
                )
    
        if self._echo:
            self._log_info(str_statement)
    
            stats = context._get_cache_stats()
    
            if not self.engine.hide_parameters:
                self._log_info(
                    "[%s] %r",
                    stats,
                    sql_util._repr_params(
                        effective_parameters,
                        batches=10,
                        ismulti=context.executemany,
                    ),
                )
            else:
                self._log_info(
                    "[%s] [SQL parameters hidden due to hide_parameters=True]",
                    stats,
                )
    
        evt_handled: bool = False
        try:
            if context.execute_style is ExecuteStyle.EXECUTEMANY:
                effective_parameters = cast(
                    "_CoreMultiExecuteParams", effective_parameters
                )
                if self.dialect._has_events:
                    for fn in self.dialect.dispatch.do_executemany:
                        if fn(
                            cursor,
                            str_statement,
                            effective_parameters,
                            context,
                        ):
                            evt_handled = True
                            break
                if not evt_handled:
                    self.dialect.do_executemany(
                        cursor,
                        str_statement,
                        effective_parameters,
                        context,
                    )
            elif not effective_parameters and context.no_parameters:
                if self.dialect._has_events:
                    for fn in self.dialect.dispatch.do_execute_no_params:
                        if fn(cursor, str_statement, context):
                            evt_handled = True
                            break
                if not evt_handled:
                    self.dialect.do_execute_no_params(
                        cursor, str_statement, context
                    )
            else:
                effective_parameters = cast(
                    "_CoreSingleExecuteParams", effective_parameters
                )
                if self.dialect._has_events:
                    for fn in self.dialect.dispatch.do_execute:
                        if fn(
                            cursor,
                            str_statement,
                            effective_parameters,
                            context,
                        ):
                            evt_handled = True
                            break
                if not evt_handled:
>                   self.dialect.do_execute(
                        cursor, str_statement, effective_parameters, context
                    )

C:\Users\nsing\AppData\Local\Programs\Python\Python314\Lib\site-packages\sqlalchemy\engine\base.py:1967: 
_ _ _ _ _ _ _ _ _ _ _ _ _ _ _ _ _ _ _ _ _ _ _ _ _ _ _ _ _ _ _ _ _ _ _ _ _ _ _ _

self = <sqlalchemy.dialects.sqlite.pysqlite.SQLiteDialect_pysqlite object at 0x000001A5C2B72AD0>
cursor = <sqlite3.Cursor object at 0x000001A5C39137C0>
statement = 'SELECT users.id AS users_id, users.username AS users_username, users.email AS users_email, users.hashed_password AS u...ve AS users_is_active, users.created_at AS users_created_at \nFROM users \nWHERE users.username = ?\n LIMIT ? OFFSET ?'
parameters = ('viewer_user', 1, 0)
context = <sqlalchemy.dialects.sqlite.base.SQLiteExecutionContext object at 0x000001A5C33E1EF0>

    def do_execute(self, cursor, statement, parameters, context=None):
>       cursor.execute(statement, parameters)
E       sqlite3.OperationalError: no such table: users

C:\Users\nsing\AppData\Local\Programs\Python\Python314\Lib\site-packages\sqlalchemy\engine\default.py:952: OperationalError

The above exception was the direct cause of the following exception:

self = <tests.test_api.TestRBAC object at 0x000001A5C3166C40>

    def setup_method(self):
>       register("viewer_user", role="viewer")

tests\test_api.py:95: 
_ _ _ _ _ _ _ _ _ _ _ _ _ _ _ _ _ _ _ _ _ _ _ _ _ _ _ _ _ _ _ _ _ _ _ _ _ _ _ _
tests\test_api.py:49: in register
    return client.post("/auth/register", json={
C:\Users\nsing\AppData\Local\Programs\Python\Python314\Lib\site-packages\starlette\testclient.py:546: in post
    return super().post(
C:\Users\nsing\AppData\Local\Programs\Python\Python314\Lib\site-packages\httpx\_client.py:1144: in post
    return self.request(
C:\Users\nsing\AppData\Local\Programs\Python\Python314\Lib\site-packages\starlette\testclient.py:445: in request
    return super().request(
C:\Users\nsing\AppData\Local\Programs\Python\Python314\Lib\site-packages\httpx\_client.py:825: in request
    return self.send(request, auth=auth, follow_redirects=follow_redirects)
           ^^^^^^^^^^^^^^^^^^^^^^^^^^^^^^^^^^^^^^^^^^^^^^^^^^^^^^^^^^^^^^^^
C:\Users\nsing\AppData\Local\Programs\Python\Python314\Lib\site-packages\httpx\_client.py:914: in send
    response = self._send_handling_auth(
C:\Users\nsing\AppData\Local\Programs\Python\Python314\Lib\site-packages\httpx\_client.py:942: in _send_handling_auth
    response = self._send_handling_redirects(
C:\Users\nsing\AppData\Local\Programs\Python\Python314\Lib\site-packages\httpx\_client.py:979: in _send_handling_redirects
    response = self._send_single_request(request)
               ^^^^^^^^^^^^^^^^^^^^^^^^^^^^^^^^^^
C:\Users\nsing\AppData\Local\Programs\Python\Python314\Lib\site-packages\httpx\_client.py:1014: in _send_single_request
    response = transport.handle_request(request)
               ^^^^^^^^^^^^^^^^^^^^^^^^^^^^^^^^^
C:\Users\nsing\AppData\Local\Programs\Python\Python314\Lib\site-packages\starlette\testclient.py:348: in handle_request
    raise exc
C:\Users\nsing\AppData\Local\Programs\Python\Python314\Lib\site-packages\starlette\testclient.py:345: in handle_request
    portal.call(self.app, scope, receive, send)
C:\Users\nsing\AppData\Local\Programs\Python\Python314\Lib\site-packages\anyio\from_thread.py:334: in call
    return cast(T_Retval, self.start_task_soon(func, *args).result())
                          ^^^^^^^^^^^^^^^^^^^^^^^^^^^^^^^^^^^^^^^^^^
C:\Users\nsing\AppData\Local\Programs\Python\Python314\Lib\concurrent\futures\_base.py:450: in result
    return self.__get_result()
           ^^^^^^^^^^^^^^^^^^^
C:\Users\nsing\AppData\Local\Programs\Python\Python314\Lib\concurrent\futures\_base.py:395: in __get_result
    raise self._exception
C:\Users\nsing\AppData\Local\Programs\Python\Python314\Lib\site-packages\anyio\from_thread.py:259: in _call_func
    retval = await retval_or_awaitable
             ^^^^^^^^^^^^^^^^^^^^^^^^^
C:\Users\nsing\AppData\Local\Programs\Python\Python314\Lib\site-packages\fastapi\applications.py:1163: in __call__
    await super().__call__(scope, receive, send)
C:\Users\nsing\AppData\Local\Programs\Python\Python314\Lib\site-packages\starlette\applications.py:90: in __call__
    await self.middleware_stack(scope, receive, send)
C:\Users\nsing\AppData\Local\Programs\Python\Python314\Lib\site-packages\starlette\middleware\errors.py:186: in __call__
    raise exc
C:\Users\nsing\AppData\Local\Programs\Python\Python314\Lib\site-packages\starlette\middleware\errors.py:164: in __call__
    await self.app(scope, receive, _send)
C:\Users\nsing\AppData\Local\Programs\Python\Python314\Lib\site-packages\starlette\middleware\cors.py:88: in __call__
    await self.app(scope, receive, send)
C:\Users\nsing\AppData\Local\Programs\Python\Python314\Lib\site-packages\starlette\middleware\exceptions.py:63: in __call__
    await wrap_app_handling_exceptions(self.app, conn)(scope, receive, send)
C:\Users\nsing\AppData\Local\Programs\Python\Python314\Lib\site-packages\starlette\_exception_handler.py:53: in wrapped_app
    raise exc
C:\Users\nsing\AppData\Local\Programs\Python\Python314\Lib\site-packages\starlette\_exception_handler.py:42: in wrapped_app
    await app(scope, receive, sender)
C:\Users\nsing\AppData\Local\Programs\Python\Python314\Lib\site-packages\fastapi\middleware\asyncexitstack.py:18: in __call__
    await self.app(scope, receive, send)
C:\Users\nsing\AppData\Local\Programs\Python\Python314\Lib\site-packages\starlette\routing.py:660: in __call__
    await self.middleware_stack(scope, receive, send)
C:\Users\nsing\AppData\Local\Programs\Python\Python314\Lib\site-packages\starlette\routing.py:680: in app
    await route.handle(scope, receive, send)
C:\Users\nsing\AppData\Local\Programs\Python\Python314\Lib\site-packages\starlette\routing.py:276: in handle
    await self.app(scope, receive, send)
C:\Users\nsing\AppData\Local\Programs\Python\Python314\Lib\site-packages\fastapi\routing.py:134: in app
    await wrap_app_handling_exceptions(app, request)(scope, receive, send)
C:\Users\nsing\AppData\Local\Programs\Python\Python314\Lib\site-packages\starlette\_exception_handler.py:53: in wrapped_app
    raise exc
C:\Users\nsing\AppData\Local\Programs\Python\Python314\Lib\site-packages\starlette\_exception_handler.py:42: in wrapped_app
    await app(scope, receive, sender)
C:\Users\nsing\AppData\Local\Programs\Python\Python314\Lib\site-packages\fastapi\routing.py:120: in app
    response = await f(request)
               ^^^^^^^^^^^^^^^^
C:\Users\nsing\AppData\Local\Programs\Python\Python314\Lib\site-packages\fastapi\routing.py:674: in app
    raw_response = await run_endpoint_function(
C:\Users\nsing\AppData\Local\Programs\Python\Python314\Lib\site-packages\fastapi\routing.py:330: in run_endpoint_function
    return await run_in_threadpool(dependant.call, **values)
           ^^^^^^^^^^^^^^^^^^^^^^^^^^^^^^^^^^^^^^^^^^^^^^^^^
C:\Users\nsing\AppData\Local\Programs\Python\Python314\Lib\site-packages\starlette\concurrency.py:32: in run_in_threadpool
    return await anyio.to_thread.run_sync(func)
           ^^^^^^^^^^^^^^^^^^^^^^^^^^^^^^^^^^^^
C:\Users\nsing\AppData\Local\Programs\Python\Python314\Lib\site-packages\anyio\to_thread.py:63: in run_sync
    return await get_async_backend().run_sync_in_worker_thread(
C:\Users\nsing\AppData\Local\Programs\Python\Python314\Lib\site-packages\anyio\_backends\_asyncio.py:2518: in run_sync_in_worker_thread
    return await future
           ^^^^^^^^^^^^
C:\Users\nsing\AppData\Local\Programs\Python\Python314\Lib\site-packages\anyio\_backends\_asyncio.py:1002: in run
    result = context.run(func, *args)
             ^^^^^^^^^^^^^^^^^^^^^^^^
app\routers\auth.py:23: in register
    if db.query(User).filter(User.username == payload.username).first():
       ^^^^^^^^^^^^^^^^^^^^^^^^^^^^^^^^^^^^^^^^^^^^^^^^^^^^^^^^^^^^^^^^
C:\Users\nsing\AppData\Local\Programs\Python\Python314\Lib\site-packages\sqlalchemy\orm\query.py:2766: in first
    return self.limit(1)._iter().first()  # type: ignore
           ^^^^^^^^^^^^^^^^^^^^^
C:\Users\nsing\AppData\Local\Programs\Python\Python314\Lib\site-packages\sqlalchemy\orm\query.py:2864: in _iter
    result: Union[ScalarResult[_T], Result[_T]] = self.session.execute(
C:\Users\nsing\AppData\Local\Programs\Python\Python314\Lib\site-packages\sqlalchemy\orm\session.py:2351: in execute
    return self._execute_internal(
C:\Users\nsing\AppData\Local\Programs\Python\Python314\Lib\site-packages\sqlalchemy\orm\session.py:2249: in _execute_internal
    result: Result[Any] = compile_state_cls.orm_execute_statement(
C:\Users\nsing\AppData\Local\Programs\Python\Python314\Lib\site-packages\sqlalchemy\orm\context.py:306: in orm_execute_statement
    result = conn.execute(
C:\Users\nsing\AppData\Local\Programs\Python\Python314\Lib\site-packages\sqlalchemy\engine\base.py:1419: in execute
    return meth(
C:\Users\nsing\AppData\Local\Programs\Python\Python314\Lib\site-packages\sqlalchemy\sql\elements.py:527: in _execute_on_connection
    return connection._execute_clauseelement(
C:\Users\nsing\AppData\Local\Programs\Python\Python314\Lib\site-packages\sqlalchemy\engine\base.py:1641: in _execute_clauseelement
    ret = self._execute_context(
C:\Users\nsing\AppData\Local\Programs\Python\Python314\Lib\site-packages\sqlalchemy\engine\base.py:1846: in _execute_context
    return self._exec_single_context(
C:\Users\nsing\AppData\Local\Programs\Python\Python314\Lib\site-packages\sqlalchemy\engine\base.py:1986: in _exec_single_context
    self._handle_dbapi_exception(
C:\Users\nsing\AppData\Local\Programs\Python\Python314\Lib\site-packages\sqlalchemy\engine\base.py:2363: in _handle_dbapi_exception
    raise sqlalchemy_exception.with_traceback(exc_info[2]) from e
C:\Users\nsing\AppData\Local\Programs\Python\Python314\Lib\site-packages\sqlalchemy\engine\base.py:1967: in _exec_single_context
    self.dialect.do_execute(
_ _ _ _ _ _ _ _ _ _ _ _ _ _ _ _ _ _ _ _ _ _ _ _ _ _ _ _ _ _ _ _ _ _ _ _ _ _ _ _

self = <sqlalchemy.dialects.sqlite.pysqlite.SQLiteDialect_pysqlite object at 0x000001A5C2B72AD0>
cursor = <sqlite3.Cursor object at 0x000001A5C39137C0>
statement = 'SELECT users.id AS users_id, users.username AS users_username, users.email AS users_email, users.hashed_password AS u...ve AS users_is_active, users.created_at AS users_created_at \nFROM users \nWHERE users.username = ?\n LIMIT ? OFFSET ?'
parameters = ('viewer_user', 1, 0)
context = <sqlalchemy.dialects.sqlite.base.SQLiteExecutionContext object at 0x000001A5C33E1EF0>

    def do_execute(self, cursor, statement, parameters, context=None):
>       cursor.execute(statement, parameters)
E       sqlalchemy.exc.OperationalError: (sqlite3.OperationalError) no such table: users
E       [SQL: SELECT users.id AS users_id, users.username AS users_username, users.email AS users_email, users.hashed_password AS users_hashed_password, users.role AS users_role, users.is_active AS users_is_active, users.created_at AS users_created_at 
E       FROM users 
E       WHERE users.username = ?
E        LIMIT ? OFFSET ?]
E       [parameters: ('viewer_user', 1, 0)]
E       (Background on this error at: https://sqlalche.me/e/20/e3q8)

C:\Users\nsing\AppData\Local\Programs\Python\Python314\Lib\site-packages\sqlalchemy\engine\default.py:952: OperationalError
_______ ERROR at setup of TestRBAC.test_viewer_cannot_access_user_list ________

self = <sqlalchemy.engine.base.Connection object at 0x000001A5C33AD040>
dialect = <sqlalchemy.dialects.sqlite.pysqlite.SQLiteDialect_pysqlite object at 0x000001A5C2B72AD0>
context = <sqlalchemy.dialects.sqlite.base.SQLiteExecutionContext object at 0x000001A5C319A350>
statement = <sqlalchemy.dialects.sqlite.base.SQLiteCompiler object at 0x000001A5C3067450>
parameters = [('viewer_user', 1, 0)]

    def _exec_single_context(
        self,
        dialect: Dialect,
        context: ExecutionContext,
        statement: Union[str, Compiled],
        parameters: Optional[_AnyMultiExecuteParams],
    ) -> CursorResult[Any]:
        """continue the _execute_context() method for a single DBAPI
        cursor.execute() or cursor.executemany() call.
    
        """
        if dialect.bind_typing is BindTyping.SETINPUTSIZES:
            generic_setinputsizes = context._prepare_set_input_sizes()
    
            if generic_setinputsizes:
                try:
                    dialect.do_set_input_sizes(
                        context.cursor, generic_setinputsizes, context
                    )
                except BaseException as e:
                    self._handle_dbapi_exception(
                        e, str(statement), parameters, None, context
                    )
    
        cursor, str_statement, parameters = (
            context.cursor,
            context.statement,
            context.parameters,
        )
    
        effective_parameters: Optional[_AnyExecuteParams]
    
        if not context.executemany:
            effective_parameters = parameters[0]
        else:
            effective_parameters = parameters
    
        if self._has_events or self.engine._has_events:
            for fn in self.dispatch.before_cursor_execute:
                str_statement, effective_parameters = fn(
                    self,
                    cursor,
                    str_statement,
                    effective_parameters,
                    context,
                    context.executemany,
                )
    
        if self._echo:
            self._log_info(str_statement)
    
            stats = context._get_cache_stats()
    
            if not self.engine.hide_parameters:
                self._log_info(
                    "[%s] %r",
                    stats,
                    sql_util._repr_params(
                        effective_parameters,
                        batches=10,
                        ismulti=context.executemany,
                    ),
                )
            else:
                self._log_info(
                    "[%s] [SQL parameters hidden due to hide_parameters=True]",
                    stats,
                )
    
        evt_handled: bool = False
        try:
            if context.execute_style is ExecuteStyle.EXECUTEMANY:
                effective_parameters = cast(
                    "_CoreMultiExecuteParams", effective_parameters
                )
                if self.dialect._has_events:
                    for fn in self.dialect.dispatch.do_executemany:
                        if fn(
                            cursor,
                            str_statement,
                            effective_parameters,
                            context,
                        ):
                            evt_handled = True
                            break
                if not evt_handled:
                    self.dialect.do_executemany(
                        cursor,
                        str_statement,
                        effective_parameters,
                        context,
                    )
            elif not effective_parameters and context.no_parameters:
                if self.dialect._has_events:
                    for fn in self.dialect.dispatch.do_execute_no_params:
                        if fn(cursor, str_statement, context):
                            evt_handled = True
                            break
                if not evt_handled:
                    self.dialect.do_execute_no_params(
                        cursor, str_statement, context
                    )
            else:
                effective_parameters = cast(
                    "_CoreSingleExecuteParams", effective_parameters
                )
                if self.dialect._has_events:
                    for fn in self.dialect.dispatch.do_execute:
                        if fn(
                            cursor,
                            str_statement,
                            effective_parameters,
                            context,
                        ):
                            evt_handled = True
                            break
                if not evt_handled:
>                   self.dialect.do_execute(
                        cursor, str_statement, effective_parameters, context
                    )

C:\Users\nsing\AppData\Local\Programs\Python\Python314\Lib\site-packages\sqlalchemy\engine\base.py:1967: 
_ _ _ _ _ _ _ _ _ _ _ _ _ _ _ _ _ _ _ _ _ _ _ _ _ _ _ _ _ _ _ _ _ _ _ _ _ _ _ _

self = <sqlalchemy.dialects.sqlite.pysqlite.SQLiteDialect_pysqlite object at 0x000001A5C2B72AD0>
cursor = <sqlite3.Cursor object at 0x000001A5C667F4C0>
statement = 'SELECT users.id AS users_id, users.username AS users_username, users.email AS users_email, users.hashed_password AS u...ve AS users_is_active, users.created_at AS users_created_at \nFROM users \nWHERE users.username = ?\n LIMIT ? OFFSET ?'
parameters = ('viewer_user', 1, 0)
context = <sqlalchemy.dialects.sqlite.base.SQLiteExecutionContext object at 0x000001A5C319A350>

    def do_execute(self, cursor, statement, parameters, context=None):
>       cursor.execute(statement, parameters)
E       sqlite3.OperationalError: no such table: users

C:\Users\nsing\AppData\Local\Programs\Python\Python314\Lib\site-packages\sqlalchemy\engine\default.py:952: OperationalError

The above exception was the direct cause of the following exception:

self = <tests.test_api.TestRBAC object at 0x000001A5C0178290>

    def setup_method(self):
>       register("viewer_user", role="viewer")

tests\test_api.py:95: 
_ _ _ _ _ _ _ _ _ _ _ _ _ _ _ _ _ _ _ _ _ _ _ _ _ _ _ _ _ _ _ _ _ _ _ _ _ _ _ _
tests\test_api.py:49: in register
    return client.post("/auth/register", json={
C:\Users\nsing\AppData\Local\Programs\Python\Python314\Lib\site-packages\starlette\testclient.py:546: in post
    return super().post(
C:\Users\nsing\AppData\Local\Programs\Python\Python314\Lib\site-packages\httpx\_client.py:1144: in post
    return self.request(
C:\Users\nsing\AppData\Local\Programs\Python\Python314\Lib\site-packages\starlette\testclient.py:445: in request
    return super().request(
C:\Users\nsing\AppData\Local\Programs\Python\Python314\Lib\site-packages\httpx\_client.py:825: in request
    return self.send(request, auth=auth, follow_redirects=follow_redirects)
           ^^^^^^^^^^^^^^^^^^^^^^^^^^^^^^^^^^^^^^^^^^^^^^^^^^^^^^^^^^^^^^^^
C:\Users\nsing\AppData\Local\Programs\Python\Python314\Lib\site-packages\httpx\_client.py:914: in send
    response = self._send_handling_auth(
C:\Users\nsing\AppData\Local\Programs\Python\Python314\Lib\site-packages\httpx\_client.py:942: in _send_handling_auth
    response = self._send_handling_redirects(
C:\Users\nsing\AppData\Local\Programs\Python\Python314\Lib\site-packages\httpx\_client.py:979: in _send_handling_redirects
    response = self._send_single_request(request)
               ^^^^^^^^^^^^^^^^^^^^^^^^^^^^^^^^^^
C:\Users\nsing\AppData\Local\Programs\Python\Python314\Lib\site-packages\httpx\_client.py:1014: in _send_single_request
    response = transport.handle_request(request)
               ^^^^^^^^^^^^^^^^^^^^^^^^^^^^^^^^^
C:\Users\nsing\AppData\Local\Programs\Python\Python314\Lib\site-packages\starlette\testclient.py:348: in handle_request
    raise exc
C:\Users\nsing\AppData\Local\Programs\Python\Python314\Lib\site-packages\starlette\testclient.py:345: in handle_request
    portal.call(self.app, scope, receive, send)
C:\Users\nsing\AppData\Local\Programs\Python\Python314\Lib\site-packages\anyio\from_thread.py:334: in call
    return cast(T_Retval, self.start_task_soon(func, *args).result())
                          ^^^^^^^^^^^^^^^^^^^^^^^^^^^^^^^^^^^^^^^^^^
C:\Users\nsing\AppData\Local\Programs\Python\Python314\Lib\concurrent\futures\_base.py:450: in result
    return self.__get_result()
           ^^^^^^^^^^^^^^^^^^^
C:\Users\nsing\AppData\Local\Programs\Python\Python314\Lib\concurrent\futures\_base.py:395: in __get_result
    raise self._exception
C:\Users\nsing\AppData\Local\Programs\Python\Python314\Lib\site-packages\anyio\from_thread.py:259: in _call_func
    retval = await retval_or_awaitable
             ^^^^^^^^^^^^^^^^^^^^^^^^^
C:\Users\nsing\AppData\Local\Programs\Python\Python314\Lib\site-packages\fastapi\applications.py:1163: in __call__
    await super().__call__(scope, receive, send)
C:\Users\nsing\AppData\Local\Programs\Python\Python314\Lib\site-packages\starlette\applications.py:90: in __call__
    await self.middleware_stack(scope, receive, send)
C:\Users\nsing\AppData\Local\Programs\Python\Python314\Lib\site-packages\starlette\middleware\errors.py:186: in __call__
    raise exc
C:\Users\nsing\AppData\Local\Programs\Python\Python314\Lib\site-packages\starlette\middleware\errors.py:164: in __call__
    await self.app(scope, receive, _send)
C:\Users\nsing\AppData\Local\Programs\Python\Python314\Lib\site-packages\starlette\middleware\cors.py:88: in __call__
    await self.app(scope, receive, send)
C:\Users\nsing\AppData\Local\Programs\Python\Python314\Lib\site-packages\starlette\middleware\exceptions.py:63: in __call__
    await wrap_app_handling_exceptions(self.app, conn)(scope, receive, send)
C:\Users\nsing\AppData\Local\Programs\Python\Python314\Lib\site-packages\starlette\_exception_handler.py:53: in wrapped_app
    raise exc
C:\Users\nsing\AppData\Local\Programs\Python\Python314\Lib\site-packages\starlette\_exception_handler.py:42: in wrapped_app
    await app(scope, receive, sender)
C:\Users\nsing\AppData\Local\Programs\Python\Python314\Lib\site-packages\fastapi\middleware\asyncexitstack.py:18: in __call__
    await self.app(scope, receive, send)
C:\Users\nsing\AppData\Local\Programs\Python\Python314\Lib\site-packages\starlette\routing.py:660: in __call__
    await self.middleware_stack(scope, receive, send)
C:\Users\nsing\AppData\Local\Programs\Python\Python314\Lib\site-packages\starlette\routing.py:680: in app
    await route.handle(scope, receive, send)
C:\Users\nsing\AppData\Local\Programs\Python\Python314\Lib\site-packages\starlette\routing.py:276: in handle
    await self.app(scope, receive, send)
C:\Users\nsing\AppData\Local\Programs\Python\Python314\Lib\site-packages\fastapi\routing.py:134: in app
    await wrap_app_handling_exceptions(app, request)(scope, receive, send)
C:\Users\nsing\AppData\Local\Programs\Python\Python314\Lib\site-packages\starlette\_exception_handler.py:53: in wrapped_app
    raise exc
C:\Users\nsing\AppData\Local\Programs\Python\Python314\Lib\site-packages\starlette\_exception_handler.py:42: in wrapped_app
    await app(scope, receive, sender)
C:\Users\nsing\AppData\Local\Programs\Python\Python314\Lib\site-packages\fastapi\routing.py:120: in app
    response = await f(request)
               ^^^^^^^^^^^^^^^^
C:\Users\nsing\AppData\Local\Programs\Python\Python314\Lib\site-packages\fastapi\routing.py:674: in app
    raw_response = await run_endpoint_function(
C:\Users\nsing\AppData\Local\Programs\Python\Python314\Lib\site-packages\fastapi\routing.py:330: in run_endpoint_function
    return await run_in_threadpool(dependant.call, **values)
           ^^^^^^^^^^^^^^^^^^^^^^^^^^^^^^^^^^^^^^^^^^^^^^^^^
C:\Users\nsing\AppData\Local\Programs\Python\Python314\Lib\site-packages\starlette\concurrency.py:32: in run_in_threadpool
    return await anyio.to_thread.run_sync(func)
           ^^^^^^^^^^^^^^^^^^^^^^^^^^^^^^^^^^^^
C:\Users\nsing\AppData\Local\Programs\Python\Python314\Lib\site-packages\anyio\to_thread.py:63: in run_sync
    return await get_async_backend().run_sync_in_worker_thread(
C:\Users\nsing\AppData\Local\Programs\Python\Python314\Lib\site-packages\anyio\_backends\_asyncio.py:2518: in run_sync_in_worker_thread
    return await future
           ^^^^^^^^^^^^
C:\Users\nsing\AppData\Local\Programs\Python\Python314\Lib\site-packages\anyio\_backends\_asyncio.py:1002: in run
    result = context.run(func, *args)
             ^^^^^^^^^^^^^^^^^^^^^^^^
app\routers\auth.py:23: in register
    if db.query(User).filter(User.username == payload.username).first():
       ^^^^^^^^^^^^^^^^^^^^^^^^^^^^^^^^^^^^^^^^^^^^^^^^^^^^^^^^^^^^^^^^
C:\Users\nsing\AppData\Local\Programs\Python\Python314\Lib\site-packages\sqlalchemy\orm\query.py:2766: in first
    return self.limit(1)._iter().first()  # type: ignore
           ^^^^^^^^^^^^^^^^^^^^^
C:\Users\nsing\AppData\Local\Programs\Python\Python314\Lib\site-packages\sqlalchemy\orm\query.py:2864: in _iter
    result: Union[ScalarResult[_T], Result[_T]] = self.session.execute(
C:\Users\nsing\AppData\Local\Programs\Python\Python314\Lib\site-packages\sqlalchemy\orm\session.py:2351: in execute
    return self._execute_internal(
C:\Users\nsing\AppData\Local\Programs\Python\Python314\Lib\site-packages\sqlalchemy\orm\session.py:2249: in _execute_internal
    result: Result[Any] = compile_state_cls.orm_execute_statement(
C:\Users\nsing\AppData\Local\Programs\Python\Python314\Lib\site-packages\sqlalchemy\orm\context.py:306: in orm_execute_statement
    result = conn.execute(
C:\Users\nsing\AppData\Local\Programs\Python\Python314\Lib\site-packages\sqlalchemy\engine\base.py:1419: in execute
    return meth(
C:\Users\nsing\AppData\Local\Programs\Python\Python314\Lib\site-packages\sqlalchemy\sql\elements.py:527: in _execute_on_connection
    return connection._execute_clauseelement(
C:\Users\nsing\AppData\Local\Programs\Python\Python314\Lib\site-packages\sqlalchemy\engine\base.py:1641: in _execute_clauseelement
    ret = self._execute_context(
C:\Users\nsing\AppData\Local\Programs\Python\Python314\Lib\site-packages\sqlalchemy\engine\base.py:1846: in _execute_context
    return self._exec_single_context(
C:\Users\nsing\AppData\Local\Programs\Python\Python314\Lib\site-packages\sqlalchemy\engine\base.py:1986: in _exec_single_context
    self._handle_dbapi_exception(
C:\Users\nsing\AppData\Local\Programs\Python\Python314\Lib\site-packages\sqlalchemy\engine\base.py:2363: in _handle_dbapi_exception
    raise sqlalchemy_exception.with_traceback(exc_info[2]) from e
C:\Users\nsing\AppData\Local\Programs\Python\Python314\Lib\site-packages\sqlalchemy\engine\base.py:1967: in _exec_single_context
    self.dialect.do_execute(
_ _ _ _ _ _ _ _ _ _ _ _ _ _ _ _ _ _ _ _ _ _ _ _ _ _ _ _ _ _ _ _ _ _ _ _ _ _ _ _

self = <sqlalchemy.dialects.sqlite.pysqlite.SQLiteDialect_pysqlite object at 0x000001A5C2B72AD0>
cursor = <sqlite3.Cursor object at 0x000001A5C667F4C0>
statement = 'SELECT users.id AS users_id, users.username AS users_username, users.email AS users_email, users.hashed_password AS u...ve AS users_is_active, users.created_at AS users_created_at \nFROM users \nWHERE users.username = ?\n LIMIT ? OFFSET ?'
parameters = ('viewer_user', 1, 0)
context = <sqlalchemy.dialects.sqlite.base.SQLiteExecutionContext object at 0x000001A5C319A350>

    def do_execute(self, cursor, statement, parameters, context=None):
>       cursor.execute(statement, parameters)
E       sqlalchemy.exc.OperationalError: (sqlite3.OperationalError) no such table: users
E       [SQL: SELECT users.id AS users_id, users.username AS users_username, users.email AS users_email, users.hashed_password AS users_hashed_password, users.role AS users_role, users.is_active AS users_is_active, users.created_at AS users_created_at 
E       FROM users 
E       WHERE users.username = ?
E        LIMIT ? OFFSET ?]
E       [parameters: ('viewer_user', 1, 0)]
E       (Background on this error at: https://sqlalche.me/e/20/e3q8)

C:\Users\nsing\AppData\Local\Programs\Python\Python314\Lib\site-packages\sqlalchemy\engine\default.py:952: OperationalError
_______ ERROR at setup of TestRBAC.test_viewer_cannot_access_dashboard ________

self = <sqlalchemy.engine.base.Connection object at 0x000001A5C3356120>
dialect = <sqlalchemy.dialects.sqlite.pysqlite.SQLiteDialect_pysqlite object at 0x000001A5C2B72AD0>
context = <sqlalchemy.dialects.sqlite.base.SQLiteExecutionContext object at 0x000001A5C33C83D0>
statement = <sqlalchemy.dialects.sqlite.base.SQLiteCompiler object at 0x000001A5C3067450>
parameters = [('viewer_user', 1, 0)]

    def _exec_single_context(
        self,
        dialect: Dialect,
        context: ExecutionContext,
        statement: Union[str, Compiled],
        parameters: Optional[_AnyMultiExecuteParams],
    ) -> CursorResult[Any]:
        """continue the _execute_context() method for a single DBAPI
        cursor.execute() or cursor.executemany() call.
    
        """
        if dialect.bind_typing is BindTyping.SETINPUTSIZES:
            generic_setinputsizes = context._prepare_set_input_sizes()
    
            if generic_setinputsizes:
                try:
                    dialect.do_set_input_sizes(
                        context.cursor, generic_setinputsizes, context
                    )
                except BaseException as e:
                    self._handle_dbapi_exception(
                        e, str(statement), parameters, None, context
                    )
    
        cursor, str_statement, parameters = (
            context.cursor,
            context.statement,
            context.parameters,
        )
    
        effective_parameters: Optional[_AnyExecuteParams]
    
        if not context.executemany:
            effective_parameters = parameters[0]
        else:
            effective_parameters = parameters
    
        if self._has_events or self.engine._has_events:
            for fn in self.dispatch.before_cursor_execute:
                str_statement, effective_parameters = fn(
                    self,
                    cursor,
                    str_statement,
                    effective_parameters,
                    context,
                    context.executemany,
                )
    
        if self._echo:
            self._log_info(str_statement)
    
            stats = context._get_cache_stats()
    
            if not self.engine.hide_parameters:
                self._log_info(
                    "[%s] %r",
                    stats,
                    sql_util._repr_params(
                        effective_parameters,
                        batches=10,
                        ismulti=context.executemany,
                    ),
                )
            else:
                self._log_info(
                    "[%s] [SQL parameters hidden due to hide_parameters=True]",
                    stats,
                )
    
        evt_handled: bool = False
        try:
            if context.execute_style is ExecuteStyle.EXECUTEMANY:
                effective_parameters = cast(
                    "_CoreMultiExecuteParams", effective_parameters
                )
                if self.dialect._has_events:
                    for fn in self.dialect.dispatch.do_executemany:
                        if fn(
                            cursor,
                            str_statement,
                            effective_parameters,
                            context,
                        ):
                            evt_handled = True
                            break
                if not evt_handled:
                    self.dialect.do_executemany(
                        cursor,
                        str_statement,
                        effective_parameters,
                        context,
                    )
            elif not effective_parameters and context.no_parameters:
                if self.dialect._has_events:
                    for fn in self.dialect.dispatch.do_execute_no_params:
                        if fn(cursor, str_statement, context):
                            evt_handled = True
                            break
                if not evt_handled:
                    self.dialect.do_execute_no_params(
                        cursor, str_statement, context
                    )
            else:
                effective_parameters = cast(
                    "_CoreSingleExecuteParams", effective_parameters
                )
                if self.dialect._has_events:
                    for fn in self.dialect.dispatch.do_execute:
                        if fn(
                            cursor,
                            str_statement,
                            effective_parameters,
                            context,
                        ):
                            evt_handled = True
                            break
                if not evt_handled:
>                   self.dialect.do_execute(
                        cursor, str_statement, effective_parameters, context
                    )

C:\Users\nsing\AppData\Local\Programs\Python\Python314\Lib\site-packages\sqlalchemy\engine\base.py:1967: 
_ _ _ _ _ _ _ _ _ _ _ _ _ _ _ _ _ _ _ _ _ _ _ _ _ _ _ _ _ _ _ _ _ _ _ _ _ _ _ _

self = <sqlalchemy.dialects.sqlite.pysqlite.SQLiteDialect_pysqlite object at 0x000001A5C2B72AD0>
cursor = <sqlite3.Cursor object at 0x000001A5C43A0940>
statement = 'SELECT users.id AS users_id, users.username AS users_username, users.email AS users_email, users.hashed_password AS u...ve AS users_is_active, users.created_at AS users_created_at \nFROM users \nWHERE users.username = ?\n LIMIT ? OFFSET ?'
parameters = ('viewer_user', 1, 0)
context = <sqlalchemy.dialects.sqlite.base.SQLiteExecutionContext object at 0x000001A5C33C83D0>

    def do_execute(self, cursor, statement, parameters, context=None):
>       cursor.execute(statement, parameters)
E       sqlite3.OperationalError: no such table: users

C:\Users\nsing\AppData\Local\Programs\Python\Python314\Lib\site-packages\sqlalchemy\engine\default.py:952: OperationalError

The above exception was the direct cause of the following exception:

self = <tests.test_api.TestRBAC object at 0x000001A5C310BBD0>

    def setup_method(self):
>       register("viewer_user", role="viewer")

tests\test_api.py:95: 
_ _ _ _ _ _ _ _ _ _ _ _ _ _ _ _ _ _ _ _ _ _ _ _ _ _ _ _ _ _ _ _ _ _ _ _ _ _ _ _
tests\test_api.py:49: in register
    return client.post("/auth/register", json={
C:\Users\nsing\AppData\Local\Programs\Python\Python314\Lib\site-packages\starlette\testclient.py:546: in post
    return super().post(
C:\Users\nsing\AppData\Local\Programs\Python\Python314\Lib\site-packages\httpx\_client.py:1144: in post
    return self.request(
C:\Users\nsing\AppData\Local\Programs\Python\Python314\Lib\site-packages\starlette\testclient.py:445: in request
    return super().request(
C:\Users\nsing\AppData\Local\Programs\Python\Python314\Lib\site-packages\httpx\_client.py:825: in request
    return self.send(request, auth=auth, follow_redirects=follow_redirects)
           ^^^^^^^^^^^^^^^^^^^^^^^^^^^^^^^^^^^^^^^^^^^^^^^^^^^^^^^^^^^^^^^^
C:\Users\nsing\AppData\Local\Programs\Python\Python314\Lib\site-packages\httpx\_client.py:914: in send
    response = self._send_handling_auth(
C:\Users\nsing\AppData\Local\Programs\Python\Python314\Lib\site-packages\httpx\_client.py:942: in _send_handling_auth
    response = self._send_handling_redirects(
C:\Users\nsing\AppData\Local\Programs\Python\Python314\Lib\site-packages\httpx\_client.py:979: in _send_handling_redirects
    response = self._send_single_request(request)
               ^^^^^^^^^^^^^^^^^^^^^^^^^^^^^^^^^^
C:\Users\nsing\AppData\Local\Programs\Python\Python314\Lib\site-packages\httpx\_client.py:1014: in _send_single_request
    response = transport.handle_request(request)
               ^^^^^^^^^^^^^^^^^^^^^^^^^^^^^^^^^
C:\Users\nsing\AppData\Local\Programs\Python\Python314\Lib\site-packages\starlette\testclient.py:348: in handle_request
    raise exc
C:\Users\nsing\AppData\Local\Programs\Python\Python314\Lib\site-packages\starlette\testclient.py:345: in handle_request
    portal.call(self.app, scope, receive, send)
C:\Users\nsing\AppData\Local\Programs\Python\Python314\Lib\site-packages\anyio\from_thread.py:334: in call
    return cast(T_Retval, self.start_task_soon(func, *args).result())
                          ^^^^^^^^^^^^^^^^^^^^^^^^^^^^^^^^^^^^^^^^^^
C:\Users\nsing\AppData\Local\Programs\Python\Python314\Lib\concurrent\futures\_base.py:450: in result
    return self.__get_result()
           ^^^^^^^^^^^^^^^^^^^
C:\Users\nsing\AppData\Local\Programs\Python\Python314\Lib\concurrent\futures\_base.py:395: in __get_result
    raise self._exception
C:\Users\nsing\AppData\Local\Programs\Python\Python314\Lib\site-packages\anyio\from_thread.py:259: in _call_func
    retval = await retval_or_awaitable
             ^^^^^^^^^^^^^^^^^^^^^^^^^
C:\Users\nsing\AppData\Local\Programs\Python\Python314\Lib\site-packages\fastapi\applications.py:1163: in __call__
    await super().__call__(scope, receive, send)
C:\Users\nsing\AppData\Local\Programs\Python\Python314\Lib\site-packages\starlette\applications.py:90: in __call__
    await self.middleware_stack(scope, receive, send)
C:\Users\nsing\AppData\Local\Programs\Python\Python314\Lib\site-packages\starlette\middleware\errors.py:186: in __call__
    raise exc
C:\Users\nsing\AppData\Local\Programs\Python\Python314\Lib\site-packages\starlette\middleware\errors.py:164: in __call__
    await self.app(scope, receive, _send)
C:\Users\nsing\AppData\Local\Programs\Python\Python314\Lib\site-packages\starlette\middleware\cors.py:88: in __call__
    await self.app(scope, receive, send)
C:\Users\nsing\AppData\Local\Programs\Python\Python314\Lib\site-packages\starlette\middleware\exceptions.py:63: in __call__
    await wrap_app_handling_exceptions(self.app, conn)(scope, receive, send)
C:\Users\nsing\AppData\Local\Programs\Python\Python314\Lib\site-packages\starlette\_exception_handler.py:53: in wrapped_app
    raise exc
C:\Users\nsing\AppData\Local\Programs\Python\Python314\Lib\site-packages\starlette\_exception_handler.py:42: in wrapped_app
    await app(scope, receive, sender)
C:\Users\nsing\AppData\Local\Programs\Python\Python314\Lib\site-packages\fastapi\middleware\asyncexitstack.py:18: in __call__
    await self.app(scope, receive, send)
C:\Users\nsing\AppData\Local\Programs\Python\Python314\Lib\site-packages\starlette\routing.py:660: in __call__
    await self.middleware_stack(scope, receive, send)
C:\Users\nsing\AppData\Local\Programs\Python\Python314\Lib\site-packages\starlette\routing.py:680: in app
    await route.handle(scope, receive, send)
C:\Users\nsing\AppData\Local\Programs\Python\Python314\Lib\site-packages\starlette\routing.py:276: in handle
    await self.app(scope, receive, send)
C:\Users\nsing\AppData\Local\Programs\Python\Python314\Lib\site-packages\fastapi\routing.py:134: in app
    await wrap_app_handling_exceptions(app, request)(scope, receive, send)
C:\Users\nsing\AppData\Local\Programs\Python\Python314\Lib\site-packages\starlette\_exception_handler.py:53: in wrapped_app
    raise exc
C:\Users\nsing\AppData\Local\Programs\Python\Python314\Lib\site-packages\starlette\_exception_handler.py:42: in wrapped_app
    await app(scope, receive, sender)
C:\Users\nsing\AppData\Local\Programs\Python\Python314\Lib\site-packages\fastapi\routing.py:120: in app
    response = await f(request)
               ^^^^^^^^^^^^^^^^
C:\Users\nsing\AppData\Local\Programs\Python\Python314\Lib\site-packages\fastapi\routing.py:674: in app
    raw_response = await run_endpoint_function(
C:\Users\nsing\AppData\Local\Programs\Python\Python314\Lib\site-packages\fastapi\routing.py:330: in run_endpoint_function
    return await run_in_threadpool(dependant.call, **values)
           ^^^^^^^^^^^^^^^^^^^^^^^^^^^^^^^^^^^^^^^^^^^^^^^^^
C:\Users\nsing\AppData\Local\Programs\Python\Python314\Lib\site-packages\starlette\concurrency.py:32: in run_in_threadpool
    return await anyio.to_thread.run_sync(func)
           ^^^^^^^^^^^^^^^^^^^^^^^^^^^^^^^^^^^^
C:\Users\nsing\AppData\Local\Programs\Python\Python314\Lib\site-packages\anyio\to_thread.py:63: in run_sync
    return await get_async_backend().run_sync_in_worker_thread(
C:\Users\nsing\AppData\Local\Programs\Python\Python314\Lib\site-packages\anyio\_backends\_asyncio.py:2518: in run_sync_in_worker_thread
    return await future
           ^^^^^^^^^^^^
C:\Users\nsing\AppData\Local\Programs\Python\Python314\Lib\site-packages\anyio\_backends\_asyncio.py:1002: in run
    result = context.run(func, *args)
             ^^^^^^^^^^^^^^^^^^^^^^^^
app\routers\auth.py:23: in register
    if db.query(User).filter(User.username == payload.username).first():
       ^^^^^^^^^^^^^^^^^^^^^^^^^^^^^^^^^^^^^^^^^^^^^^^^^^^^^^^^^^^^^^^^
C:\Users\nsing\AppData\Local\Programs\Python\Python314\Lib\site-packages\sqlalchemy\orm\query.py:2766: in first
    return self.limit(1)._iter().first()  # type: ignore
           ^^^^^^^^^^^^^^^^^^^^^
C:\Users\nsing\AppData\Local\Programs\Python\Python314\Lib\site-packages\sqlalchemy\orm\query.py:2864: in _iter
    result: Union[ScalarResult[_T], Result[_T]] = self.session.execute(
C:\Users\nsing\AppData\Local\Programs\Python\Python314\Lib\site-packages\sqlalchemy\orm\session.py:2351: in execute
    return self._execute_internal(
C:\Users\nsing\AppData\Local\Programs\Python\Python314\Lib\site-packages\sqlalchemy\orm\session.py:2249: in _execute_internal
    result: Result[Any] = compile_state_cls.orm_execute_statement(
C:\Users\nsing\AppData\Local\Programs\Python\Python314\Lib\site-packages\sqlalchemy\orm\context.py:306: in orm_execute_statement
    result = conn.execute(
C:\Users\nsing\AppData\Local\Programs\Python\Python314\Lib\site-packages\sqlalchemy\engine\base.py:1419: in execute
    return meth(
C:\Users\nsing\AppData\Local\Programs\Python\Python314\Lib\site-packages\sqlalchemy\sql\elements.py:527: in _execute_on_connection
    return connection._execute_clauseelement(
C:\Users\nsing\AppData\Local\Programs\Python\Python314\Lib\site-packages\sqlalchemy\engine\base.py:1641: in _execute_clauseelement
    ret = self._execute_context(
C:\Users\nsing\AppData\Local\Programs\Python\Python314\Lib\site-packages\sqlalchemy\engine\base.py:1846: in _execute_context
    return self._exec_single_context(
C:\Users\nsing\AppData\Local\Programs\Python\Python314\Lib\site-packages\sqlalchemy\engine\base.py:1986: in _exec_single_context
    self._handle_dbapi_exception(
C:\Users\nsing\AppData\Local\Programs\Python\Python314\Lib\site-packages\sqlalchemy\engine\base.py:2363: in _handle_dbapi_exception
    raise sqlalchemy_exception.with_traceback(exc_info[2]) from e
C:\Users\nsing\AppData\Local\Programs\Python\Python314\Lib\site-packages\sqlalchemy\engine\base.py:1967: in _exec_single_context
    self.dialect.do_execute(
_ _ _ _ _ _ _ _ _ _ _ _ _ _ _ _ _ _ _ _ _ _ _ _ _ _ _ _ _ _ _ _ _ _ _ _ _ _ _ _

self = <sqlalchemy.dialects.sqlite.pysqlite.SQLiteDialect_pysqlite object at 0x000001A5C2B72AD0>
cursor = <sqlite3.Cursor object at 0x000001A5C43A0940>
statement = 'SELECT users.id AS users_id, users.username AS users_username, users.email AS users_email, users.hashed_password AS u...ve AS users_is_active, users.created_at AS users_created_at \nFROM users \nWHERE users.username = ?\n LIMIT ? OFFSET ?'
parameters = ('viewer_user', 1, 0)
context = <sqlalchemy.dialects.sqlite.base.SQLiteExecutionContext object at 0x000001A5C33C83D0>

    def do_execute(self, cursor, statement, parameters, context=None):
>       cursor.execute(statement, parameters)
E       sqlalchemy.exc.OperationalError: (sqlite3.OperationalError) no such table: users
E       [SQL: SELECT users.id AS users_id, users.username AS users_username, users.email AS users_email, users.hashed_password AS users_hashed_password, users.role AS users_role, users.is_active AS users_is_active, users.created_at AS users_created_at 
E       FROM users 
E       WHERE users.username = ?
E        LIMIT ? OFFSET ?]
E       [parameters: ('viewer_user', 1, 0)]
E       (Background on this error at: https://sqlalche.me/e/20/e3q8)

C:\Users\nsing\AppData\Local\Programs\Python\Python314\Lib\site-packages\sqlalchemy\engine\default.py:952: OperationalError
________ ERROR at setup of TestRBAC.test_analyst_can_access_dashboard _________

self = <sqlalchemy.engine.base.Connection object at 0x000001A5C45C49B0>
dialect = <sqlalchemy.dialects.sqlite.pysqlite.SQLiteDialect_pysqlite object at 0x000001A5C2B72AD0>
context = <sqlalchemy.dialects.sqlite.base.SQLiteExecutionContext object at 0x000001A5C33C8AD0>
statement = <sqlalchemy.dialects.sqlite.base.SQLiteCompiler object at 0x000001A5C3067450>
parameters = [('viewer_user', 1, 0)]

    def _exec_single_context(
        self,
        dialect: Dialect,
        context: ExecutionContext,
        statement: Union[str, Compiled],
        parameters: Optional[_AnyMultiExecuteParams],
    ) -> CursorResult[Any]:
        """continue the _execute_context() method for a single DBAPI
        cursor.execute() or cursor.executemany() call.
    
        """
        if dialect.bind_typing is BindTyping.SETINPUTSIZES:
            generic_setinputsizes = context._prepare_set_input_sizes()
    
            if generic_setinputsizes:
                try:
                    dialect.do_set_input_sizes(
                        context.cursor, generic_setinputsizes, context
                    )
                except BaseException as e:
                    self._handle_dbapi_exception(
                        e, str(statement), parameters, None, context
                    )
    
        cursor, str_statement, parameters = (
            context.cursor,
            context.statement,
            context.parameters,
        )
    
        effective_parameters: Optional[_AnyExecuteParams]
    
        if not context.executemany:
            effective_parameters = parameters[0]
        else:
            effective_parameters = parameters
    
        if self._has_events or self.engine._has_events:
            for fn in self.dispatch.before_cursor_execute:
                str_statement, effective_parameters = fn(
                    self,
                    cursor,
                    str_statement,
                    effective_parameters,
                    context,
                    context.executemany,
                )
    
        if self._echo:
            self._log_info(str_statement)
    
            stats = context._get_cache_stats()
    
            if not self.engine.hide_parameters:
                self._log_info(
                    "[%s] %r",
                    stats,
                    sql_util._repr_params(
                        effective_parameters,
                        batches=10,
                        ismulti=context.executemany,
                    ),
                )
            else:
                self._log_info(
                    "[%s] [SQL parameters hidden due to hide_parameters=True]",
                    stats,
                )
    
        evt_handled: bool = False
        try:
            if context.execute_style is ExecuteStyle.EXECUTEMANY:
                effective_parameters = cast(
                    "_CoreMultiExecuteParams", effective_parameters
                )
                if self.dialect._has_events:
                    for fn in self.dialect.dispatch.do_executemany:
                        if fn(
                            cursor,
                            str_statement,
                            effective_parameters,
                            context,
                        ):
                            evt_handled = True
                            break
                if not evt_handled:
                    self.dialect.do_executemany(
                        cursor,
                        str_statement,
                        effective_parameters,
                        context,
                    )
            elif not effective_parameters and context.no_parameters:
                if self.dialect._has_events:
                    for fn in self.dialect.dispatch.do_execute_no_params:
                        if fn(cursor, str_statement, context):
                            evt_handled = True
                            break
                if not evt_handled:
                    self.dialect.do_execute_no_params(
                        cursor, str_statement, context
                    )
            else:
                effective_parameters = cast(
                    "_CoreSingleExecuteParams", effective_parameters
                )
                if self.dialect._has_events:
                    for fn in self.dialect.dispatch.do_execute:
                        if fn(
                            cursor,
                            str_statement,
                            effective_parameters,
                            context,
                        ):
                            evt_handled = True
                            break
                if not evt_handled:
>                   self.dialect.do_execute(
                        cursor, str_statement, effective_parameters, context
                    )

C:\Users\nsing\AppData\Local\Programs\Python\Python314\Lib\site-packages\sqlalchemy\engine\base.py:1967: 
_ _ _ _ _ _ _ _ _ _ _ _ _ _ _ _ _ _ _ _ _ _ _ _ _ _ _ _ _ _ _ _ _ _ _ _ _ _ _ _

self = <sqlalchemy.dialects.sqlite.pysqlite.SQLiteDialect_pysqlite object at 0x000001A5C2B72AD0>
cursor = <sqlite3.Cursor object at 0x000001A5C66596C0>
statement = 'SELECT users.id AS users_id, users.username AS users_username, users.email AS users_email, users.hashed_password AS u...ve AS users_is_active, users.created_at AS users_created_at \nFROM users \nWHERE users.username = ?\n LIMIT ? OFFSET ?'
parameters = ('viewer_user', 1, 0)
context = <sqlalchemy.dialects.sqlite.base.SQLiteExecutionContext object at 0x000001A5C33C8AD0>

    def do_execute(self, cursor, statement, parameters, context=None):
>       cursor.execute(statement, parameters)
E       sqlite3.OperationalError: no such table: users

C:\Users\nsing\AppData\Local\Programs\Python\Python314\Lib\site-packages\sqlalchemy\engine\default.py:952: OperationalError

The above exception was the direct cause of the following exception:

self = <tests.test_api.TestRBAC object at 0x000001A5C310BCE0>

    def setup_method(self):
>       register("viewer_user", role="viewer")

tests\test_api.py:95: 
_ _ _ _ _ _ _ _ _ _ _ _ _ _ _ _ _ _ _ _ _ _ _ _ _ _ _ _ _ _ _ _ _ _ _ _ _ _ _ _
tests\test_api.py:49: in register
    return client.post("/auth/register", json={
C:\Users\nsing\AppData\Local\Programs\Python\Python314\Lib\site-packages\starlette\testclient.py:546: in post
    return super().post(
C:\Users\nsing\AppData\Local\Programs\Python\Python314\Lib\site-packages\httpx\_client.py:1144: in post
    return self.request(
C:\Users\nsing\AppData\Local\Programs\Python\Python314\Lib\site-packages\starlette\testclient.py:445: in request
    return super().request(
C:\Users\nsing\AppData\Local\Programs\Python\Python314\Lib\site-packages\httpx\_client.py:825: in request
    return self.send(request, auth=auth, follow_redirects=follow_redirects)
           ^^^^^^^^^^^^^^^^^^^^^^^^^^^^^^^^^^^^^^^^^^^^^^^^^^^^^^^^^^^^^^^^
C:\Users\nsing\AppData\Local\Programs\Python\Python314\Lib\site-packages\httpx\_client.py:914: in send
    response = self._send_handling_auth(
C:\Users\nsing\AppData\Local\Programs\Python\Python314\Lib\site-packages\httpx\_client.py:942: in _send_handling_auth
    response = self._send_handling_redirects(
C:\Users\nsing\AppData\Local\Programs\Python\Python314\Lib\site-packages\httpx\_client.py:979: in _send_handling_redirects
    response = self._send_single_request(request)
               ^^^^^^^^^^^^^^^^^^^^^^^^^^^^^^^^^^
C:\Users\nsing\AppData\Local\Programs\Python\Python314\Lib\site-packages\httpx\_client.py:1014: in _send_single_request
    response = transport.handle_request(request)
               ^^^^^^^^^^^^^^^^^^^^^^^^^^^^^^^^^
C:\Users\nsing\AppData\Local\Programs\Python\Python314\Lib\site-packages\starlette\testclient.py:348: in handle_request
    raise exc
C:\Users\nsing\AppData\Local\Programs\Python\Python314\Lib\site-packages\starlette\testclient.py:345: in handle_request
    portal.call(self.app, scope, receive, send)
C:\Users\nsing\AppData\Local\Programs\Python\Python314\Lib\site-packages\anyio\from_thread.py:334: in call
    return cast(T_Retval, self.start_task_soon(func, *args).result())
                          ^^^^^^^^^^^^^^^^^^^^^^^^^^^^^^^^^^^^^^^^^^
C:\Users\nsing\AppData\Local\Programs\Python\Python314\Lib\concurrent\futures\_base.py:450: in result
    return self.__get_result()
           ^^^^^^^^^^^^^^^^^^^
C:\Users\nsing\AppData\Local\Programs\Python\Python314\Lib\concurrent\futures\_base.py:395: in __get_result
    raise self._exception
C:\Users\nsing\AppData\Local\Programs\Python\Python314\Lib\site-packages\anyio\from_thread.py:259: in _call_func
    retval = await retval_or_awaitable
             ^^^^^^^^^^^^^^^^^^^^^^^^^
C:\Users\nsing\AppData\Local\Programs\Python\Python314\Lib\site-packages\fastapi\applications.py:1163: in __call__
    await super().__call__(scope, receive, send)
C:\Users\nsing\AppData\Local\Programs\Python\Python314\Lib\site-packages\starlette\applications.py:90: in __call__
    await self.middleware_stack(scope, receive, send)
C:\Users\nsing\AppData\Local\Programs\Python\Python314\Lib\site-packages\starlette\middleware\errors.py:186: in __call__
    raise exc
C:\Users\nsing\AppData\Local\Programs\Python\Python314\Lib\site-packages\starlette\middleware\errors.py:164: in __call__
    await self.app(scope, receive, _send)
C:\Users\nsing\AppData\Local\Programs\Python\Python314\Lib\site-packages\starlette\middleware\cors.py:88: in __call__
    await self.app(scope, receive, send)
C:\Users\nsing\AppData\Local\Programs\Python\Python314\Lib\site-packages\starlette\middleware\exceptions.py:63: in __call__
    await wrap_app_handling_exceptions(self.app, conn)(scope, receive, send)
C:\Users\nsing\AppData\Local\Programs\Python\Python314\Lib\site-packages\starlette\_exception_handler.py:53: in wrapped_app
    raise exc
C:\Users\nsing\AppData\Local\Programs\Python\Python314\Lib\site-packages\starlette\_exception_handler.py:42: in wrapped_app
    await app(scope, receive, sender)
C:\Users\nsing\AppData\Local\Programs\Python\Python314\Lib\site-packages\fastapi\middleware\asyncexitstack.py:18: in __call__
    await self.app(scope, receive, send)
C:\Users\nsing\AppData\Local\Programs\Python\Python314\Lib\site-packages\starlette\routing.py:660: in __call__
    await self.middleware_stack(scope, receive, send)
C:\Users\nsing\AppData\Local\Programs\Python\Python314\Lib\site-packages\starlette\routing.py:680: in app
    await route.handle(scope, receive, send)
C:\Users\nsing\AppData\Local\Programs\Python\Python314\Lib\site-packages\starlette\routing.py:276: in handle
    await self.app(scope, receive, send)
C:\Users\nsing\AppData\Local\Programs\Python\Python314\Lib\site-packages\fastapi\routing.py:134: in app
    await wrap_app_handling_exceptions(app, request)(scope, receive, send)
C:\Users\nsing\AppData\Local\Programs\Python\Python314\Lib\site-packages\starlette\_exception_handler.py:53: in wrapped_app
    raise exc
C:\Users\nsing\AppData\Local\Programs\Python\Python314\Lib\site-packages\starlette\_exception_handler.py:42: in wrapped_app
    await app(scope, receive, sender)
C:\Users\nsing\AppData\Local\Programs\Python\Python314\Lib\site-packages\fastapi\routing.py:120: in app
    response = await f(request)
               ^^^^^^^^^^^^^^^^
C:\Users\nsing\AppData\Local\Programs\Python\Python314\Lib\site-packages\fastapi\routing.py:674: in app
    raw_response = await run_endpoint_function(
C:\Users\nsing\AppData\Local\Programs\Python\Python314\Lib\site-packages\fastapi\routing.py:330: in run_endpoint_function
    return await run_in_threadpool(dependant.call, **values)
           ^^^^^^^^^^^^^^^^^^^^^^^^^^^^^^^^^^^^^^^^^^^^^^^^^
C:\Users\nsing\AppData\Local\Programs\Python\Python314\Lib\site-packages\starlette\concurrency.py:32: in run_in_threadpool
    return await anyio.to_thread.run_sync(func)
           ^^^^^^^^^^^^^^^^^^^^^^^^^^^^^^^^^^^^
C:\Users\nsing\AppData\Local\Programs\Python\Python314\Lib\site-packages\anyio\to_thread.py:63: in run_sync
    return await get_async_backend().run_sync_in_worker_thread(
C:\Users\nsing\AppData\Local\Programs\Python\Python314\Lib\site-packages\anyio\_backends\_asyncio.py:2518: in run_sync_in_worker_thread
    return await future
           ^^^^^^^^^^^^
C:\Users\nsing\AppData\Local\Programs\Python\Python314\Lib\site-packages\anyio\_backends\_asyncio.py:1002: in run
    result = context.run(func, *args)
             ^^^^^^^^^^^^^^^^^^^^^^^^
app\routers\auth.py:23: in register
    if db.query(User).filter(User.username == payload.username).first():
       ^^^^^^^^^^^^^^^^^^^^^^^^^^^^^^^^^^^^^^^^^^^^^^^^^^^^^^^^^^^^^^^^
C:\Users\nsing\AppData\Local\Programs\Python\Python314\Lib\site-packages\sqlalchemy\orm\query.py:2766: in first
    return self.limit(1)._iter().first()  # type: ignore
           ^^^^^^^^^^^^^^^^^^^^^
C:\Users\nsing\AppData\Local\Programs\Python\Python314\Lib\site-packages\sqlalchemy\orm\query.py:2864: in _iter
    result: Union[ScalarResult[_T], Result[_T]] = self.session.execute(
C:\Users\nsing\AppData\Local\Programs\Python\Python314\Lib\site-packages\sqlalchemy\orm\session.py:2351: in execute
    return self._execute_internal(
C:\Users\nsing\AppData\Local\Programs\Python\Python314\Lib\site-packages\sqlalchemy\orm\session.py:2249: in _execute_internal
    result: Result[Any] = compile_state_cls.orm_execute_statement(
C:\Users\nsing\AppData\Local\Programs\Python\Python314\Lib\site-packages\sqlalchemy\orm\context.py:306: in orm_execute_statement
    result = conn.execute(
C:\Users\nsing\AppData\Local\Programs\Python\Python314\Lib\site-packages\sqlalchemy\engine\base.py:1419: in execute
    return meth(
C:\Users\nsing\AppData\Local\Programs\Python\Python314\Lib\site-packages\sqlalchemy\sql\elements.py:527: in _execute_on_connection
    return connection._execute_clauseelement(
C:\Users\nsing\AppData\Local\Programs\Python\Python314\Lib\site-packages\sqlalchemy\engine\base.py:1641: in _execute_clauseelement
    ret = self._execute_context(
C:\Users\nsing\AppData\Local\Programs\Python\Python314\Lib\site-packages\sqlalchemy\engine\base.py:1846: in _execute_context
    return self._exec_single_context(
C:\Users\nsing\AppData\Local\Programs\Python\Python314\Lib\site-packages\sqlalchemy\engine\base.py:1986: in _exec_single_context
    self._handle_dbapi_exception(
C:\Users\nsing\AppData\Local\Programs\Python\Python314\Lib\site-packages\sqlalchemy\engine\base.py:2363: in _handle_dbapi_exception
    raise sqlalchemy_exception.with_traceback(exc_info[2]) from e
C:\Users\nsing\AppData\Local\Programs\Python\Python314\Lib\site-packages\sqlalchemy\engine\base.py:1967: in _exec_single_context
    self.dialect.do_execute(
_ _ _ _ _ _ _ _ _ _ _ _ _ _ _ _ _ _ _ _ _ _ _ _ _ _ _ _ _ _ _ _ _ _ _ _ _ _ _ _

self = <sqlalchemy.dialects.sqlite.pysqlite.SQLiteDialect_pysqlite object at 0x000001A5C2B72AD0>
cursor = <sqlite3.Cursor object at 0x000001A5C66596C0>
statement = 'SELECT users.id AS users_id, users.username AS users_username, users.email AS users_email, users.hashed_password AS u...ve AS users_is_active, users.created_at AS users_created_at \nFROM users \nWHERE users.username = ?\n LIMIT ? OFFSET ?'
parameters = ('viewer_user', 1, 0)
context = <sqlalchemy.dialects.sqlite.base.SQLiteExecutionContext object at 0x000001A5C33C8AD0>

    def do_execute(self, cursor, statement, parameters, context=None):
>       cursor.execute(statement, parameters)
E       sqlalchemy.exc.OperationalError: (sqlite3.OperationalError) no such table: users
E       [SQL: SELECT users.id AS users_id, users.username AS users_username, users.email AS users_email, users.hashed_password AS users_hashed_password, users.role AS users_role, users.is_active AS users_is_active, users.created_at AS users_created_at 
E       FROM users 
E       WHERE users.username = ?
E        LIMIT ? OFFSET ?]
E       [parameters: ('viewer_user', 1, 0)]
E       (Background on this error at: https://sqlalche.me/e/20/e3q8)

C:\Users\nsing\AppData\Local\Programs\Python\Python314\Lib\site-packages\sqlalchemy\engine\default.py:952: OperationalError
_____________ ERROR at setup of TestRecords.test_create_and_read ______________

self = <sqlalchemy.engine.base.Connection object at 0x000001A5C33AA300>
dialect = <sqlalchemy.dialects.sqlite.pysqlite.SQLiteDialect_pysqlite object at 0x000001A5C2B72AD0>
context = <sqlalchemy.dialects.sqlite.base.SQLiteExecutionContext object at 0x000001A5C33C8E50>
statement = <sqlalchemy.dialects.sqlite.base.SQLiteCompiler object at 0x000001A5C3067450>
parameters = [('admin_r', 1, 0)]

    def _exec_single_context(
        self,
        dialect: Dialect,
        context: ExecutionContext,
        statement: Union[str, Compiled],
        parameters: Optional[_AnyMultiExecuteParams],
    ) -> CursorResult[Any]:
        """continue the _execute_context() method for a single DBAPI
        cursor.execute() or cursor.executemany() call.
    
        """
        if dialect.bind_typing is BindTyping.SETINPUTSIZES:
            generic_setinputsizes = context._prepare_set_input_sizes()
    
            if generic_setinputsizes:
                try:
                    dialect.do_set_input_sizes(
                        context.cursor, generic_setinputsizes, context
                    )
                except BaseException as e:
                    self._handle_dbapi_exception(
                        e, str(statement), parameters, None, context
                    )
    
        cursor, str_statement, parameters = (
            context.cursor,
            context.statement,
            context.parameters,
        )
    
        effective_parameters: Optional[_AnyExecuteParams]
    
        if not context.executemany:
            effective_parameters = parameters[0]
        else:
            effective_parameters = parameters
    
        if self._has_events or self.engine._has_events:
            for fn in self.dispatch.before_cursor_execute:
                str_statement, effective_parameters = fn(
                    self,
                    cursor,
                    str_statement,
                    effective_parameters,
                    context,
                    context.executemany,
                )
    
        if self._echo:
            self._log_info(str_statement)
    
            stats = context._get_cache_stats()
    
            if not self.engine.hide_parameters:
                self._log_info(
                    "[%s] %r",
                    stats,
                    sql_util._repr_params(
                        effective_parameters,
                        batches=10,
                        ismulti=context.executemany,
                    ),
                )
            else:
                self._log_info(
                    "[%s] [SQL parameters hidden due to hide_parameters=True]",
                    stats,
                )
    
        evt_handled: bool = False
        try:
            if context.execute_style is ExecuteStyle.EXECUTEMANY:
                effective_parameters = cast(
                    "_CoreMultiExecuteParams", effective_parameters
                )
                if self.dialect._has_events:
                    for fn in self.dialect.dispatch.do_executemany:
                        if fn(
                            cursor,
                            str_statement,
                            effective_parameters,
                            context,
                        ):
                            evt_handled = True
                            break
                if not evt_handled:
                    self.dialect.do_executemany(
                        cursor,
                        str_statement,
                        effective_parameters,
                        context,
                    )
            elif not effective_parameters and context.no_parameters:
                if self.dialect._has_events:
                    for fn in self.dialect.dispatch.do_execute_no_params:
                        if fn(cursor, str_statement, context):
                            evt_handled = True
                            break
                if not evt_handled:
                    self.dialect.do_execute_no_params(
                        cursor, str_statement, context
                    )
            else:
                effective_parameters = cast(
                    "_CoreSingleExecuteParams", effective_parameters
                )
                if self.dialect._has_events:
                    for fn in self.dialect.dispatch.do_execute:
                        if fn(
                            cursor,
                            str_statement,
                            effective_parameters,
                            context,
                        ):
                            evt_handled = True
                            break
                if not evt_handled:
>                   self.dialect.do_execute(
                        cursor, str_statement, effective_parameters, context
                    )

C:\Users\nsing\AppData\Local\Programs\Python\Python314\Lib\site-packages\sqlalchemy\engine\base.py:1967: 
_ _ _ _ _ _ _ _ _ _ _ _ _ _ _ _ _ _ _ _ _ _ _ _ _ _ _ _ _ _ _ _ _ _ _ _ _ _ _ _

self = <sqlalchemy.dialects.sqlite.pysqlite.SQLiteDialect_pysqlite object at 0x000001A5C2B72AD0>
cursor = <sqlite3.Cursor object at 0x000001A5C4817740>
statement = 'SELECT users.id AS users_id, users.username AS users_username, users.email AS users_email, users.hashed_password AS u...ve AS users_is_active, users.created_at AS users_created_at \nFROM users \nWHERE users.username = ?\n LIMIT ? OFFSET ?'
parameters = ('admin_r', 1, 0)
context = <sqlalchemy.dialects.sqlite.base.SQLiteExecutionContext object at 0x000001A5C33C8E50>

    def do_execute(self, cursor, statement, parameters, context=None):
>       cursor.execute(statement, parameters)
E       sqlite3.OperationalError: no such table: users

C:\Users\nsing\AppData\Local\Programs\Python\Python314\Lib\site-packages\sqlalchemy\engine\default.py:952: OperationalError

The above exception was the direct cause of the following exception:

self = <tests.test_api.TestRecords object at 0x000001A5C30C1BD0>

    def setup_method(self):
>       register("admin_r", role="admin")

tests\test_api.py:154: 
_ _ _ _ _ _ _ _ _ _ _ _ _ _ _ _ _ _ _ _ _ _ _ _ _ _ _ _ _ _ _ _ _ _ _ _ _ _ _ _
tests\test_api.py:49: in register
    return client.post("/auth/register", json={
C:\Users\nsing\AppData\Local\Programs\Python\Python314\Lib\site-packages\starlette\testclient.py:546: in post
    return super().post(
C:\Users\nsing\AppData\Local\Programs\Python\Python314\Lib\site-packages\httpx\_client.py:1144: in post
    return self.request(
C:\Users\nsing\AppData\Local\Programs\Python\Python314\Lib\site-packages\starlette\testclient.py:445: in request
    return super().request(
C:\Users\nsing\AppData\Local\Programs\Python\Python314\Lib\site-packages\httpx\_client.py:825: in request
    return self.send(request, auth=auth, follow_redirects=follow_redirects)
           ^^^^^^^^^^^^^^^^^^^^^^^^^^^^^^^^^^^^^^^^^^^^^^^^^^^^^^^^^^^^^^^^
C:\Users\nsing\AppData\Local\Programs\Python\Python314\Lib\site-packages\httpx\_client.py:914: in send
    response = self._send_handling_auth(
C:\Users\nsing\AppData\Local\Programs\Python\Python314\Lib\site-packages\httpx\_client.py:942: in _send_handling_auth
    response = self._send_handling_redirects(
C:\Users\nsing\AppData\Local\Programs\Python\Python314\Lib\site-packages\httpx\_client.py:979: in _send_handling_redirects
    response = self._send_single_request(request)
               ^^^^^^^^^^^^^^^^^^^^^^^^^^^^^^^^^^
C:\Users\nsing\AppData\Local\Programs\Python\Python314\Lib\site-packages\httpx\_client.py:1014: in _send_single_request
    response = transport.handle_request(request)
               ^^^^^^^^^^^^^^^^^^^^^^^^^^^^^^^^^
C:\Users\nsing\AppData\Local\Programs\Python\Python314\Lib\site-packages\starlette\testclient.py:348: in handle_request
    raise exc
C:\Users\nsing\AppData\Local\Programs\Python\Python314\Lib\site-packages\starlette\testclient.py:345: in handle_request
    portal.call(self.app, scope, receive, send)
C:\Users\nsing\AppData\Local\Programs\Python\Python314\Lib\site-packages\anyio\from_thread.py:334: in call
    return cast(T_Retval, self.start_task_soon(func, *args).result())
                          ^^^^^^^^^^^^^^^^^^^^^^^^^^^^^^^^^^^^^^^^^^
C:\Users\nsing\AppData\Local\Programs\Python\Python314\Lib\concurrent\futures\_base.py:450: in result
    return self.__get_result()
           ^^^^^^^^^^^^^^^^^^^
C:\Users\nsing\AppData\Local\Programs\Python\Python314\Lib\concurrent\futures\_base.py:395: in __get_result
    raise self._exception
C:\Users\nsing\AppData\Local\Programs\Python\Python314\Lib\site-packages\anyio\from_thread.py:259: in _call_func
    retval = await retval_or_awaitable
             ^^^^^^^^^^^^^^^^^^^^^^^^^
C:\Users\nsing\AppData\Local\Programs\Python\Python314\Lib\site-packages\fastapi\applications.py:1163: in __call__
    await super().__call__(scope, receive, send)
C:\Users\nsing\AppData\Local\Programs\Python\Python314\Lib\site-packages\starlette\applications.py:90: in __call__
    await self.middleware_stack(scope, receive, send)
C:\Users\nsing\AppData\Local\Programs\Python\Python314\Lib\site-packages\starlette\middleware\errors.py:186: in __call__
    raise exc
C:\Users\nsing\AppData\Local\Programs\Python\Python314\Lib\site-packages\starlette\middleware\errors.py:164: in __call__
    await self.app(scope, receive, _send)
C:\Users\nsing\AppData\Local\Programs\Python\Python314\Lib\site-packages\starlette\middleware\cors.py:88: in __call__
    await self.app(scope, receive, send)
C:\Users\nsing\AppData\Local\Programs\Python\Python314\Lib\site-packages\starlette\middleware\exceptions.py:63: in __call__
    await wrap_app_handling_exceptions(self.app, conn)(scope, receive, send)
C:\Users\nsing\AppData\Local\Programs\Python\Python314\Lib\site-packages\starlette\_exception_handler.py:53: in wrapped_app
    raise exc
C:\Users\nsing\AppData\Local\Programs\Python\Python314\Lib\site-packages\starlette\_exception_handler.py:42: in wrapped_app
    await app(scope, receive, sender)
C:\Users\nsing\AppData\Local\Programs\Python\Python314\Lib\site-packages\fastapi\middleware\asyncexitstack.py:18: in __call__
    await self.app(scope, receive, send)
C:\Users\nsing\AppData\Local\Programs\Python\Python314\Lib\site-packages\starlette\routing.py:660: in __call__
    await self.middleware_stack(scope, receive, send)
C:\Users\nsing\AppData\Local\Programs\Python\Python314\Lib\site-packages\starlette\routing.py:680: in app
    await route.handle(scope, receive, send)
C:\Users\nsing\AppData\Local\Programs\Python\Python314\Lib\site-packages\starlette\routing.py:276: in handle
    await self.app(scope, receive, send)
C:\Users\nsing\AppData\Local\Programs\Python\Python314\Lib\site-packages\fastapi\routing.py:134: in app
    await wrap_app_handling_exceptions(app, request)(scope, receive, send)
C:\Users\nsing\AppData\Local\Programs\Python\Python314\Lib\site-packages\starlette\_exception_handler.py:53: in wrapped_app
    raise exc
C:\Users\nsing\AppData\Local\Programs\Python\Python314\Lib\site-packages\starlette\_exception_handler.py:42: in wrapped_app
    await app(scope, receive, sender)
C:\Users\nsing\AppData\Local\Programs\Python\Python314\Lib\site-packages\fastapi\routing.py:120: in app
    response = await f(request)
               ^^^^^^^^^^^^^^^^
C:\Users\nsing\AppData\Local\Programs\Python\Python314\Lib\site-packages\fastapi\routing.py:674: in app
    raw_response = await run_endpoint_function(
C:\Users\nsing\AppData\Local\Programs\Python\Python314\Lib\site-packages\fastapi\routing.py:330: in run_endpoint_function
    return await run_in_threadpool(dependant.call, **values)
           ^^^^^^^^^^^^^^^^^^^^^^^^^^^^^^^^^^^^^^^^^^^^^^^^^
C:\Users\nsing\AppData\Local\Programs\Python\Python314\Lib\site-packages\starlette\concurrency.py:32: in run_in_threadpool
    return await anyio.to_thread.run_sync(func)
           ^^^^^^^^^^^^^^^^^^^^^^^^^^^^^^^^^^^^
C:\Users\nsing\AppData\Local\Programs\Python\Python314\Lib\site-packages\anyio\to_thread.py:63: in run_sync
    return await get_async_backend().run_sync_in_worker_thread(
C:\Users\nsing\AppData\Local\Programs\Python\Python314\Lib\site-packages\anyio\_backends\_asyncio.py:2518: in run_sync_in_worker_thread
    return await future
           ^^^^^^^^^^^^
C:\Users\nsing\AppData\Local\Programs\Python\Python314\Lib\site-packages\anyio\_backends\_asyncio.py:1002: in run
    result = context.run(func, *args)
             ^^^^^^^^^^^^^^^^^^^^^^^^
app\routers\auth.py:23: in register
    if db.query(User).filter(User.username == payload.username).first():
       ^^^^^^^^^^^^^^^^^^^^^^^^^^^^^^^^^^^^^^^^^^^^^^^^^^^^^^^^^^^^^^^^
C:\Users\nsing\AppData\Local\Programs\Python\Python314\Lib\site-packages\sqlalchemy\orm\query.py:2766: in first
    return self.limit(1)._iter().first()  # type: ignore
           ^^^^^^^^^^^^^^^^^^^^^
C:\Users\nsing\AppData\Local\Programs\Python\Python314\Lib\site-packages\sqlalchemy\orm\query.py:2864: in _iter
    result: Union[ScalarResult[_T], Result[_T]] = self.session.execute(
C:\Users\nsing\AppData\Local\Programs\Python\Python314\Lib\site-packages\sqlalchemy\orm\session.py:2351: in execute
    return self._execute_internal(
C:\Users\nsing\AppData\Local\Programs\Python\Python314\Lib\site-packages\sqlalchemy\orm\session.py:2249: in _execute_internal
    result: Result[Any] = compile_state_cls.orm_execute_statement(
C:\Users\nsing\AppData\Local\Programs\Python\Python314\Lib\site-packages\sqlalchemy\orm\context.py:306: in orm_execute_statement
    result = conn.execute(
C:\Users\nsing\AppData\Local\Programs\Python\Python314\Lib\site-packages\sqlalchemy\engine\base.py:1419: in execute
    return meth(
C:\Users\nsing\AppData\Local\Programs\Python\Python314\Lib\site-packages\sqlalchemy\sql\elements.py:527: in _execute_on_connection
    return connection._execute_clauseelement(
C:\Users\nsing\AppData\Local\Programs\Python\Python314\Lib\site-packages\sqlalchemy\engine\base.py:1641: in _execute_clauseelement
    ret = self._execute_context(
C:\Users\nsing\AppData\Local\Programs\Python\Python314\Lib\site-packages\sqlalchemy\engine\base.py:1846: in _execute_context
    return self._exec_single_context(
C:\Users\nsing\AppData\Local\Programs\Python\Python314\Lib\site-packages\sqlalchemy\engine\base.py:1986: in _exec_single_context
    self._handle_dbapi_exception(
C:\Users\nsing\AppData\Local\Programs\Python\Python314\Lib\site-packages\sqlalchemy\engine\base.py:2363: in _handle_dbapi_exception
    raise sqlalchemy_exception.with_traceback(exc_info[2]) from e
C:\Users\nsing\AppData\Local\Programs\Python\Python314\Lib\site-packages\sqlalchemy\engine\base.py:1967: in _exec_single_context
    self.dialect.do_execute(
_ _ _ _ _ _ _ _ _ _ _ _ _ _ _ _ _ _ _ _ _ _ _ _ _ _ _ _ _ _ _ _ _ _ _ _ _ _ _ _

self = <sqlalchemy.dialects.sqlite.pysqlite.SQLiteDialect_pysqlite object at 0x000001A5C2B72AD0>
cursor = <sqlite3.Cursor object at 0x000001A5C4817740>
statement = 'SELECT users.id AS users_id, users.username AS users_username, users.email AS users_email, users.hashed_password AS u...ve AS users_is_active, users.created_at AS users_created_at \nFROM users \nWHERE users.username = ?\n LIMIT ? OFFSET ?'
parameters = ('admin_r', 1, 0)
context = <sqlalchemy.dialects.sqlite.base.SQLiteExecutionContext object at 0x000001A5C33C8E50>

    def do_execute(self, cursor, statement, parameters, context=None):
>       cursor.execute(statement, parameters)
E       sqlalchemy.exc.OperationalError: (sqlite3.OperationalError) no such table: users
E       [SQL: SELECT users.id AS users_id, users.username AS users_username, users.email AS users_email, users.hashed_password AS users_hashed_password, users.role AS users_role, users.is_active AS users_is_active, users.created_at AS users_created_at 
E       FROM users 
E       WHERE users.username = ?
E        LIMIT ? OFFSET ?]
E       [parameters: ('admin_r', 1, 0)]
E       (Background on this error at: https://sqlalche.me/e/20/e3q8)

C:\Users\nsing\AppData\Local\Programs\Python\Python314\Lib\site-packages\sqlalchemy\engine\default.py:952: OperationalError
______________ ERROR at setup of TestRecords.test_update_record _______________

self = <sqlalchemy.engine.base.Connection object at 0x000001A5C45C56D0>
dialect = <sqlalchemy.dialects.sqlite.pysqlite.SQLiteDialect_pysqlite object at 0x000001A5C2B72AD0>
context = <sqlalchemy.dialects.sqlite.base.SQLiteExecutionContext object at 0x000001A5C33E0050>
statement = <sqlalchemy.dialects.sqlite.base.SQLiteCompiler object at 0x000001A5C3067450>
parameters = [('admin_r', 1, 0)]

    def _exec_single_context(
        self,
        dialect: Dialect,
        context: ExecutionContext,
        statement: Union[str, Compiled],
        parameters: Optional[_AnyMultiExecuteParams],
    ) -> CursorResult[Any]:
        """continue the _execute_context() method for a single DBAPI
        cursor.execute() or cursor.executemany() call.
    
        """
        if dialect.bind_typing is BindTyping.SETINPUTSIZES:
            generic_setinputsizes = context._prepare_set_input_sizes()
    
            if generic_setinputsizes:
                try:
                    dialect.do_set_input_sizes(
                        context.cursor, generic_setinputsizes, context
                    )
                except BaseException as e:
                    self._handle_dbapi_exception(
                        e, str(statement), parameters, None, context
                    )
    
        cursor, str_statement, parameters = (
            context.cursor,
            context.statement,
            context.parameters,
        )
    
        effective_parameters: Optional[_AnyExecuteParams]
    
        if not context.executemany:
            effective_parameters = parameters[0]
        else:
            effective_parameters = parameters
    
        if self._has_events or self.engine._has_events:
            for fn in self.dispatch.before_cursor_execute:
                str_statement, effective_parameters = fn(
                    self,
                    cursor,
                    str_statement,
                    effective_parameters,
                    context,
                    context.executemany,
                )
    
        if self._echo:
            self._log_info(str_statement)
    
            stats = context._get_cache_stats()
    
            if not self.engine.hide_parameters:
                self._log_info(
                    "[%s] %r",
                    stats,
                    sql_util._repr_params(
                        effective_parameters,
                        batches=10,
                        ismulti=context.executemany,
                    ),
                )
            else:
                self._log_info(
                    "[%s] [SQL parameters hidden due to hide_parameters=True]",
                    stats,
                )
    
        evt_handled: bool = False
        try:
            if context.execute_style is ExecuteStyle.EXECUTEMANY:
                effective_parameters = cast(
                    "_CoreMultiExecuteParams", effective_parameters
                )
                if self.dialect._has_events:
                    for fn in self.dialect.dispatch.do_executemany:
                        if fn(
                            cursor,
                            str_statement,
                            effective_parameters,
                            context,
                        ):
                            evt_handled = True
                            break
                if not evt_handled:
                    self.dialect.do_executemany(
                        cursor,
                        str_statement,
                        effective_parameters,
                        context,
                    )
            elif not effective_parameters and context.no_parameters:
                if self.dialect._has_events:
                    for fn in self.dialect.dispatch.do_execute_no_params:
                        if fn(cursor, str_statement, context):
                            evt_handled = True
                            break
                if not evt_handled:
                    self.dialect.do_execute_no_params(
                        cursor, str_statement, context
                    )
            else:
                effective_parameters = cast(
                    "_CoreSingleExecuteParams", effective_parameters
                )
                if self.dialect._has_events:
                    for fn in self.dialect.dispatch.do_execute:
                        if fn(
                            cursor,
                            str_statement,
                            effective_parameters,
                            context,
                        ):
                            evt_handled = True
                            break
                if not evt_handled:
>                   self.dialect.do_execute(
                        cursor, str_statement, effective_parameters, context
                    )

C:\Users\nsing\AppData\Local\Programs\Python\Python314\Lib\site-packages\sqlalchemy\engine\base.py:1967: 
_ _ _ _ _ _ _ _ _ _ _ _ _ _ _ _ _ _ _ _ _ _ _ _ _ _ _ _ _ _ _ _ _ _ _ _ _ _ _ _

self = <sqlalchemy.dialects.sqlite.pysqlite.SQLiteDialect_pysqlite object at 0x000001A5C2B72AD0>
cursor = <sqlite3.Cursor object at 0x000001A5C667D140>
statement = 'SELECT users.id AS users_id, users.username AS users_username, users.email AS users_email, users.hashed_password AS u...ve AS users_is_active, users.created_at AS users_created_at \nFROM users \nWHERE users.username = ?\n LIMIT ? OFFSET ?'
parameters = ('admin_r', 1, 0)
context = <sqlalchemy.dialects.sqlite.base.SQLiteExecutionContext object at 0x000001A5C33E0050>

    def do_execute(self, cursor, statement, parameters, context=None):
>       cursor.execute(statement, parameters)
E       sqlite3.OperationalError: no such table: users

C:\Users\nsing\AppData\Local\Programs\Python\Python314\Lib\site-packages\sqlalchemy\engine\default.py:952: OperationalError

The above exception was the direct cause of the following exception:

self = <tests.test_api.TestRecords object at 0x000001A5C30C1D10>

    def setup_method(self):
>       register("admin_r", role="admin")

tests\test_api.py:154: 
_ _ _ _ _ _ _ _ _ _ _ _ _ _ _ _ _ _ _ _ _ _ _ _ _ _ _ _ _ _ _ _ _ _ _ _ _ _ _ _
tests\test_api.py:49: in register
    return client.post("/auth/register", json={
C:\Users\nsing\AppData\Local\Programs\Python\Python314\Lib\site-packages\starlette\testclient.py:546: in post
    return super().post(
C:\Users\nsing\AppData\Local\Programs\Python\Python314\Lib\site-packages\httpx\_client.py:1144: in post
    return self.request(
C:\Users\nsing\AppData\Local\Programs\Python\Python314\Lib\site-packages\starlette\testclient.py:445: in request
    return super().request(
C:\Users\nsing\AppData\Local\Programs\Python\Python314\Lib\site-packages\httpx\_client.py:825: in request
    return self.send(request, auth=auth, follow_redirects=follow_redirects)
           ^^^^^^^^^^^^^^^^^^^^^^^^^^^^^^^^^^^^^^^^^^^^^^^^^^^^^^^^^^^^^^^^
C:\Users\nsing\AppData\Local\Programs\Python\Python314\Lib\site-packages\httpx\_client.py:914: in send
    response = self._send_handling_auth(
C:\Users\nsing\AppData\Local\Programs\Python\Python314\Lib\site-packages\httpx\_client.py:942: in _send_handling_auth
    response = self._send_handling_redirects(
C:\Users\nsing\AppData\Local\Programs\Python\Python314\Lib\site-packages\httpx\_client.py:979: in _send_handling_redirects
    response = self._send_single_request(request)
               ^^^^^^^^^^^^^^^^^^^^^^^^^^^^^^^^^^
C:\Users\nsing\AppData\Local\Programs\Python\Python314\Lib\site-packages\httpx\_client.py:1014: in _send_single_request
    response = transport.handle_request(request)
               ^^^^^^^^^^^^^^^^^^^^^^^^^^^^^^^^^
C:\Users\nsing\AppData\Local\Programs\Python\Python314\Lib\site-packages\starlette\testclient.py:348: in handle_request
    raise exc
C:\Users\nsing\AppData\Local\Programs\Python\Python314\Lib\site-packages\starlette\testclient.py:345: in handle_request
    portal.call(self.app, scope, receive, send)
C:\Users\nsing\AppData\Local\Programs\Python\Python314\Lib\site-packages\anyio\from_thread.py:334: in call
    return cast(T_Retval, self.start_task_soon(func, *args).result())
                          ^^^^^^^^^^^^^^^^^^^^^^^^^^^^^^^^^^^^^^^^^^
C:\Users\nsing\AppData\Local\Programs\Python\Python314\Lib\concurrent\futures\_base.py:450: in result
    return self.__get_result()
           ^^^^^^^^^^^^^^^^^^^
C:\Users\nsing\AppData\Local\Programs\Python\Python314\Lib\concurrent\futures\_base.py:395: in __get_result
    raise self._exception
C:\Users\nsing\AppData\Local\Programs\Python\Python314\Lib\site-packages\anyio\from_thread.py:259: in _call_func
    retval = await retval_or_awaitable
             ^^^^^^^^^^^^^^^^^^^^^^^^^
C:\Users\nsing\AppData\Local\Programs\Python\Python314\Lib\site-packages\fastapi\applications.py:1163: in __call__
    await super().__call__(scope, receive, send)
C:\Users\nsing\AppData\Local\Programs\Python\Python314\Lib\site-packages\starlette\applications.py:90: in __call__
    await self.middleware_stack(scope, receive, send)
C:\Users\nsing\AppData\Local\Programs\Python\Python314\Lib\site-packages\starlette\middleware\errors.py:186: in __call__
    raise exc
C:\Users\nsing\AppData\Local\Programs\Python\Python314\Lib\site-packages\starlette\middleware\errors.py:164: in __call__
    await self.app(scope, receive, _send)
C:\Users\nsing\AppData\Local\Programs\Python\Python314\Lib\site-packages\starlette\middleware\cors.py:88: in __call__
    await self.app(scope, receive, send)
C:\Users\nsing\AppData\Local\Programs\Python\Python314\Lib\site-packages\starlette\middleware\exceptions.py:63: in __call__
    await wrap_app_handling_exceptions(self.app, conn)(scope, receive, send)
C:\Users\nsing\AppData\Local\Programs\Python\Python314\Lib\site-packages\starlette\_exception_handler.py:53: in wrapped_app
    raise exc
C:\Users\nsing\AppData\Local\Programs\Python\Python314\Lib\site-packages\starlette\_exception_handler.py:42: in wrapped_app
    await app(scope, receive, sender)
C:\Users\nsing\AppData\Local\Programs\Python\Python314\Lib\site-packages\fastapi\middleware\asyncexitstack.py:18: in __call__
    await self.app(scope, receive, send)
C:\Users\nsing\AppData\Local\Programs\Python\Python314\Lib\site-packages\starlette\routing.py:660: in __call__
    await self.middleware_stack(scope, receive, send)
C:\Users\nsing\AppData\Local\Programs\Python\Python314\Lib\site-packages\starlette\routing.py:680: in app
    await route.handle(scope, receive, send)
C:\Users\nsing\AppData\Local\Programs\Python\Python314\Lib\site-packages\starlette\routing.py:276: in handle
    await self.app(scope, receive, send)
C:\Users\nsing\AppData\Local\Programs\Python\Python314\Lib\site-packages\fastapi\routing.py:134: in app
    await wrap_app_handling_exceptions(app, request)(scope, receive, send)
C:\Users\nsing\AppData\Local\Programs\Python\Python314\Lib\site-packages\starlette\_exception_handler.py:53: in wrapped_app
    raise exc
C:\Users\nsing\AppData\Local\Programs\Python\Python314\Lib\site-packages\starlette\_exception_handler.py:42: in wrapped_app
    await app(scope, receive, sender)
C:\Users\nsing\AppData\Local\Programs\Python\Python314\Lib\site-packages\fastapi\routing.py:120: in app
    response = await f(request)
               ^^^^^^^^^^^^^^^^
C:\Users\nsing\AppData\Local\Programs\Python\Python314\Lib\site-packages\fastapi\routing.py:674: in app
    raw_response = await run_endpoint_function(
C:\Users\nsing\AppData\Local\Programs\Python\Python314\Lib\site-packages\fastapi\routing.py:330: in run_endpoint_function
    return await run_in_threadpool(dependant.call, **values)
           ^^^^^^^^^^^^^^^^^^^^^^^^^^^^^^^^^^^^^^^^^^^^^^^^^
C:\Users\nsing\AppData\Local\Programs\Python\Python314\Lib\site-packages\starlette\concurrency.py:32: in run_in_threadpool
    return await anyio.to_thread.run_sync(func)
           ^^^^^^^^^^^^^^^^^^^^^^^^^^^^^^^^^^^^
C:\Users\nsing\AppData\Local\Programs\Python\Python314\Lib\site-packages\anyio\to_thread.py:63: in run_sync
    return await get_async_backend().run_sync_in_worker_thread(
C:\Users\nsing\AppData\Local\Programs\Python\Python314\Lib\site-packages\anyio\_backends\_asyncio.py:2518: in run_sync_in_worker_thread
    return await future
           ^^^^^^^^^^^^
C:\Users\nsing\AppData\Local\Programs\Python\Python314\Lib\site-packages\anyio\_backends\_asyncio.py:1002: in run
    result = context.run(func, *args)
             ^^^^^^^^^^^^^^^^^^^^^^^^
app\routers\auth.py:23: in register
    if db.query(User).filter(User.username == payload.username).first():
       ^^^^^^^^^^^^^^^^^^^^^^^^^^^^^^^^^^^^^^^^^^^^^^^^^^^^^^^^^^^^^^^^
C:\Users\nsing\AppData\Local\Programs\Python\Python314\Lib\site-packages\sqlalchemy\orm\query.py:2766: in first
    return self.limit(1)._iter().first()  # type: ignore
           ^^^^^^^^^^^^^^^^^^^^^
C:\Users\nsing\AppData\Local\Programs\Python\Python314\Lib\site-packages\sqlalchemy\orm\query.py:2864: in _iter
    result: Union[ScalarResult[_T], Result[_T]] = self.session.execute(
C:\Users\nsing\AppData\Local\Programs\Python\Python314\Lib\site-packages\sqlalchemy\orm\session.py:2351: in execute
    return self._execute_internal(
C:\Users\nsing\AppData\Local\Programs\Python\Python314\Lib\site-packages\sqlalchemy\orm\session.py:2249: in _execute_internal
    result: Result[Any] = compile_state_cls.orm_execute_statement(
C:\Users\nsing\AppData\Local\Programs\Python\Python314\Lib\site-packages\sqlalchemy\orm\context.py:306: in orm_execute_statement
    result = conn.execute(
C:\Users\nsing\AppData\Local\Programs\Python\Python314\Lib\site-packages\sqlalchemy\engine\base.py:1419: in execute
    return meth(
C:\Users\nsing\AppData\Local\Programs\Python\Python314\Lib\site-packages\sqlalchemy\sql\elements.py:527: in _execute_on_connection
    return connection._execute_clauseelement(
C:\Users\nsing\AppData\Local\Programs\Python\Python314\Lib\site-packages\sqlalchemy\engine\base.py:1641: in _execute_clauseelement
    ret = self._execute_context(
C:\Users\nsing\AppData\Local\Programs\Python\Python314\Lib\site-packages\sqlalchemy\engine\base.py:1846: in _execute_context
    return self._exec_single_context(
C:\Users\nsing\AppData\Local\Programs\Python\Python314\Lib\site-packages\sqlalchemy\engine\base.py:1986: in _exec_single_context
    self._handle_dbapi_exception(
C:\Users\nsing\AppData\Local\Programs\Python\Python314\Lib\site-packages\sqlalchemy\engine\base.py:2363: in _handle_dbapi_exception
    raise sqlalchemy_exception.with_traceback(exc_info[2]) from e
C:\Users\nsing\AppData\Local\Programs\Python\Python314\Lib\site-packages\sqlalchemy\engine\base.py:1967: in _exec_single_context
    self.dialect.do_execute(
_ _ _ _ _ _ _ _ _ _ _ _ _ _ _ _ _ _ _ _ _ _ _ _ _ _ _ _ _ _ _ _ _ _ _ _ _ _ _ _

self = <sqlalchemy.dialects.sqlite.pysqlite.SQLiteDialect_pysqlite object at 0x000001A5C2B72AD0>
cursor = <sqlite3.Cursor object at 0x000001A5C667D140>
statement = 'SELECT users.id AS users_id, users.username AS users_username, users.email AS users_email, users.hashed_password AS u...ve AS users_is_active, users.created_at AS users_created_at \nFROM users \nWHERE users.username = ?\n LIMIT ? OFFSET ?'
parameters = ('admin_r', 1, 0)
context = <sqlalchemy.dialects.sqlite.base.SQLiteExecutionContext object at 0x000001A5C33E0050>

    def do_execute(self, cursor, statement, parameters, context=None):
>       cursor.execute(statement, parameters)
E       sqlalchemy.exc.OperationalError: (sqlite3.OperationalError) no such table: users
E       [SQL: SELECT users.id AS users_id, users.username AS users_username, users.email AS users_email, users.hashed_password AS users_hashed_password, users.role AS users_role, users.is_active AS users_is_active, users.created_at AS users_created_at 
E       FROM users 
E       WHERE users.username = ?
E        LIMIT ? OFFSET ?]
E       [parameters: ('admin_r', 1, 0)]
E       (Background on this error at: https://sqlalche.me/e/20/e3q8)

C:\Users\nsing\AppData\Local\Programs\Python\Python314\Lib\site-packages\sqlalchemy\engine\default.py:952: OperationalError
_________ ERROR at setup of TestRecords.test_soft_delete_hides_record _________

self = <sqlalchemy.engine.base.Connection object at 0x000001A5C45C4050>
dialect = <sqlalchemy.dialects.sqlite.pysqlite.SQLiteDialect_pysqlite object at 0x000001A5C2B72AD0>
context = <sqlalchemy.dialects.sqlite.base.SQLiteExecutionContext object at 0x000001A5C33CAEB0>
statement = <sqlalchemy.dialects.sqlite.base.SQLiteCompiler object at 0x000001A5C3067450>
parameters = [('admin_r', 1, 0)]

    def _exec_single_context(
        self,
        dialect: Dialect,
        context: ExecutionContext,
        statement: Union[str, Compiled],
        parameters: Optional[_AnyMultiExecuteParams],
    ) -> CursorResult[Any]:
        """continue the _execute_context() method for a single DBAPI
        cursor.execute() or cursor.executemany() call.
    
        """
        if dialect.bind_typing is BindTyping.SETINPUTSIZES:
            generic_setinputsizes = context._prepare_set_input_sizes()
    
            if generic_setinputsizes:
                try:
                    dialect.do_set_input_sizes(
                        context.cursor, generic_setinputsizes, context
                    )
                except BaseException as e:
                    self._handle_dbapi_exception(
                        e, str(statement), parameters, None, context
                    )
    
        cursor, str_statement, parameters = (
            context.cursor,
            context.statement,
            context.parameters,
        )
    
        effective_parameters: Optional[_AnyExecuteParams]
    
        if not context.executemany:
            effective_parameters = parameters[0]
        else:
            effective_parameters = parameters
    
        if self._has_events or self.engine._has_events:
            for fn in self.dispatch.before_cursor_execute:
                str_statement, effective_parameters = fn(
                    self,
                    cursor,
                    str_statement,
                    effective_parameters,
                    context,
                    context.executemany,
                )
    
        if self._echo:
            self._log_info(str_statement)
    
            stats = context._get_cache_stats()
    
            if not self.engine.hide_parameters:
                self._log_info(
                    "[%s] %r",
                    stats,
                    sql_util._repr_params(
                        effective_parameters,
                        batches=10,
                        ismulti=context.executemany,
                    ),
                )
            else:
                self._log_info(
                    "[%s] [SQL parameters hidden due to hide_parameters=True]",
                    stats,
                )
    
        evt_handled: bool = False
        try:
            if context.execute_style is ExecuteStyle.EXECUTEMANY:
                effective_parameters = cast(
                    "_CoreMultiExecuteParams", effective_parameters
                )
                if self.dialect._has_events:
                    for fn in self.dialect.dispatch.do_executemany:
                        if fn(
                            cursor,
                            str_statement,
                            effective_parameters,
                            context,
                        ):
                            evt_handled = True
                            break
                if not evt_handled:
                    self.dialect.do_executemany(
                        cursor,
                        str_statement,
                        effective_parameters,
                        context,
                    )
            elif not effective_parameters and context.no_parameters:
                if self.dialect._has_events:
                    for fn in self.dialect.dispatch.do_execute_no_params:
                        if fn(cursor, str_statement, context):
                            evt_handled = True
                            break
                if not evt_handled:
                    self.dialect.do_execute_no_params(
                        cursor, str_statement, context
                    )
            else:
                effective_parameters = cast(
                    "_CoreSingleExecuteParams", effective_parameters
                )
                if self.dialect._has_events:
                    for fn in self.dialect.dispatch.do_execute:
                        if fn(
                            cursor,
                            str_statement,
                            effective_parameters,
                            context,
                        ):
                            evt_handled = True
                            break
                if not evt_handled:
>                   self.dialect.do_execute(
                        cursor, str_statement, effective_parameters, context
                    )

C:\Users\nsing\AppData\Local\Programs\Python\Python314\Lib\site-packages\sqlalchemy\engine\base.py:1967: 
_ _ _ _ _ _ _ _ _ _ _ _ _ _ _ _ _ _ _ _ _ _ _ _ _ _ _ _ _ _ _ _ _ _ _ _ _ _ _ _

self = <sqlalchemy.dialects.sqlite.pysqlite.SQLiteDialect_pysqlite object at 0x000001A5C2B72AD0>
cursor = <sqlite3.Cursor object at 0x000001A5C43A05C0>
statement = 'SELECT users.id AS users_id, users.username AS users_username, users.email AS users_email, users.hashed_password AS u...ve AS users_is_active, users.created_at AS users_created_at \nFROM users \nWHERE users.username = ?\n LIMIT ? OFFSET ?'
parameters = ('admin_r', 1, 0)
context = <sqlalchemy.dialects.sqlite.base.SQLiteExecutionContext object at 0x000001A5C33CAEB0>

    def do_execute(self, cursor, statement, parameters, context=None):
>       cursor.execute(statement, parameters)
E       sqlite3.OperationalError: no such table: users

C:\Users\nsing\AppData\Local\Programs\Python\Python314\Lib\site-packages\sqlalchemy\engine\default.py:952: OperationalError

The above exception was the direct cause of the following exception:

self = <tests.test_api.TestRecords object at 0x000001A5C31675C0>

    def setup_method(self):
>       register("admin_r", role="admin")

tests\test_api.py:154: 
_ _ _ _ _ _ _ _ _ _ _ _ _ _ _ _ _ _ _ _ _ _ _ _ _ _ _ _ _ _ _ _ _ _ _ _ _ _ _ _
tests\test_api.py:49: in register
    return client.post("/auth/register", json={
C:\Users\nsing\AppData\Local\Programs\Python\Python314\Lib\site-packages\starlette\testclient.py:546: in post
    return super().post(
C:\Users\nsing\AppData\Local\Programs\Python\Python314\Lib\site-packages\httpx\_client.py:1144: in post
    return self.request(
C:\Users\nsing\AppData\Local\Programs\Python\Python314\Lib\site-packages\starlette\testclient.py:445: in request
    return super().request(
C:\Users\nsing\AppData\Local\Programs\Python\Python314\Lib\site-packages\httpx\_client.py:825: in request
    return self.send(request, auth=auth, follow_redirects=follow_redirects)
           ^^^^^^^^^^^^^^^^^^^^^^^^^^^^^^^^^^^^^^^^^^^^^^^^^^^^^^^^^^^^^^^^
C:\Users\nsing\AppData\Local\Programs\Python\Python314\Lib\site-packages\httpx\_client.py:914: in send
    response = self._send_handling_auth(
C:\Users\nsing\AppData\Local\Programs\Python\Python314\Lib\site-packages\httpx\_client.py:942: in _send_handling_auth
    response = self._send_handling_redirects(
C:\Users\nsing\AppData\Local\Programs\Python\Python314\Lib\site-packages\httpx\_client.py:979: in _send_handling_redirects
    response = self._send_single_request(request)
               ^^^^^^^^^^^^^^^^^^^^^^^^^^^^^^^^^^
C:\Users\nsing\AppData\Local\Programs\Python\Python314\Lib\site-packages\httpx\_client.py:1014: in _send_single_request
    response = transport.handle_request(request)
               ^^^^^^^^^^^^^^^^^^^^^^^^^^^^^^^^^
C:\Users\nsing\AppData\Local\Programs\Python\Python314\Lib\site-packages\starlette\testclient.py:348: in handle_request
    raise exc
C:\Users\nsing\AppData\Local\Programs\Python\Python314\Lib\site-packages\starlette\testclient.py:345: in handle_request
    portal.call(self.app, scope, receive, send)
C:\Users\nsing\AppData\Local\Programs\Python\Python314\Lib\site-packages\anyio\from_thread.py:334: in call
    return cast(T_Retval, self.start_task_soon(func, *args).result())
                          ^^^^^^^^^^^^^^^^^^^^^^^^^^^^^^^^^^^^^^^^^^
C:\Users\nsing\AppData\Local\Programs\Python\Python314\Lib\concurrent\futures\_base.py:450: in result
    return self.__get_result()
           ^^^^^^^^^^^^^^^^^^^
C:\Users\nsing\AppData\Local\Programs\Python\Python314\Lib\concurrent\futures\_base.py:395: in __get_result
    raise self._exception
C:\Users\nsing\AppData\Local\Programs\Python\Python314\Lib\site-packages\anyio\from_thread.py:259: in _call_func
    retval = await retval_or_awaitable
             ^^^^^^^^^^^^^^^^^^^^^^^^^
C:\Users\nsing\AppData\Local\Programs\Python\Python314\Lib\site-packages\fastapi\applications.py:1163: in __call__
    await super().__call__(scope, receive, send)
C:\Users\nsing\AppData\Local\Programs\Python\Python314\Lib\site-packages\starlette\applications.py:90: in __call__
    await self.middleware_stack(scope, receive, send)
C:\Users\nsing\AppData\Local\Programs\Python\Python314\Lib\site-packages\starlette\middleware\errors.py:186: in __call__
    raise exc
C:\Users\nsing\AppData\Local\Programs\Python\Python314\Lib\site-packages\starlette\middleware\errors.py:164: in __call__
    await self.app(scope, receive, _send)
C:\Users\nsing\AppData\Local\Programs\Python\Python314\Lib\site-packages\starlette\middleware\cors.py:88: in __call__
    await self.app(scope, receive, send)
C:\Users\nsing\AppData\Local\Programs\Python\Python314\Lib\site-packages\starlette\middleware\exceptions.py:63: in __call__
    await wrap_app_handling_exceptions(self.app, conn)(scope, receive, send)
C:\Users\nsing\AppData\Local\Programs\Python\Python314\Lib\site-packages\starlette\_exception_handler.py:53: in wrapped_app
    raise exc
C:\Users\nsing\AppData\Local\Programs\Python\Python314\Lib\site-packages\starlette\_exception_handler.py:42: in wrapped_app
    await app(scope, receive, sender)
C:\Users\nsing\AppData\Local\Programs\Python\Python314\Lib\site-packages\fastapi\middleware\asyncexitstack.py:18: in __call__
    await self.app(scope, receive, send)
C:\Users\nsing\AppData\Local\Programs\Python\Python314\Lib\site-packages\starlette\routing.py:660: in __call__
    await self.middleware_stack(scope, receive, send)
C:\Users\nsing\AppData\Local\Programs\Python\Python314\Lib\site-packages\starlette\routing.py:680: in app
    await route.handle(scope, receive, send)
C:\Users\nsing\AppData\Local\Programs\Python\Python314\Lib\site-packages\starlette\routing.py:276: in handle
    await self.app(scope, receive, send)
C:\Users\nsing\AppData\Local\Programs\Python\Python314\Lib\site-packages\fastapi\routing.py:134: in app
    await wrap_app_handling_exceptions(app, request)(scope, receive, send)
C:\Users\nsing\AppData\Local\Programs\Python\Python314\Lib\site-packages\starlette\_exception_handler.py:53: in wrapped_app
    raise exc
C:\Users\nsing\AppData\Local\Programs\Python\Python314\Lib\site-packages\starlette\_exception_handler.py:42: in wrapped_app
    await app(scope, receive, sender)
C:\Users\nsing\AppData\Local\Programs\Python\Python314\Lib\site-packages\fastapi\routing.py:120: in app
    response = await f(request)
               ^^^^^^^^^^^^^^^^
C:\Users\nsing\AppData\Local\Programs\Python\Python314\Lib\site-packages\fastapi\routing.py:674: in app
    raw_response = await run_endpoint_function(
C:\Users\nsing\AppData\Local\Programs\Python\Python314\Lib\site-packages\fastapi\routing.py:330: in run_endpoint_function
    return await run_in_threadpool(dependant.call, **values)
           ^^^^^^^^^^^^^^^^^^^^^^^^^^^^^^^^^^^^^^^^^^^^^^^^^
C:\Users\nsing\AppData\Local\Programs\Python\Python314\Lib\site-packages\starlette\concurrency.py:32: in run_in_threadpool
    return await anyio.to_thread.run_sync(func)
           ^^^^^^^^^^^^^^^^^^^^^^^^^^^^^^^^^^^^
C:\Users\nsing\AppData\Local\Programs\Python\Python314\Lib\site-packages\anyio\to_thread.py:63: in run_sync
    return await get_async_backend().run_sync_in_worker_thread(
C:\Users\nsing\AppData\Local\Programs\Python\Python314\Lib\site-packages\anyio\_backends\_asyncio.py:2518: in run_sync_in_worker_thread
    return await future
           ^^^^^^^^^^^^
C:\Users\nsing\AppData\Local\Programs\Python\Python314\Lib\site-packages\anyio\_backends\_asyncio.py:1002: in run
    result = context.run(func, *args)
             ^^^^^^^^^^^^^^^^^^^^^^^^
app\routers\auth.py:23: in register
    if db.query(User).filter(User.username == payload.username).first():
       ^^^^^^^^^^^^^^^^^^^^^^^^^^^^^^^^^^^^^^^^^^^^^^^^^^^^^^^^^^^^^^^^
C:\Users\nsing\AppData\Local\Programs\Python\Python314\Lib\site-packages\sqlalchemy\orm\query.py:2766: in first
    return self.limit(1)._iter().first()  # type: ignore
           ^^^^^^^^^^^^^^^^^^^^^
C:\Users\nsing\AppData\Local\Programs\Python\Python314\Lib\site-packages\sqlalchemy\orm\query.py:2864: in _iter
    result: Union[ScalarResult[_T], Result[_T]] = self.session.execute(
C:\Users\nsing\AppData\Local\Programs\Python\Python314\Lib\site-packages\sqlalchemy\orm\session.py:2351: in execute
    return self._execute_internal(
C:\Users\nsing\AppData\Local\Programs\Python\Python314\Lib\site-packages\sqlalchemy\orm\session.py:2249: in _execute_internal
    result: Result[Any] = compile_state_cls.orm_execute_statement(
C:\Users\nsing\AppData\Local\Programs\Python\Python314\Lib\site-packages\sqlalchemy\orm\context.py:306: in orm_execute_statement
    result = conn.execute(
C:\Users\nsing\AppData\Local\Programs\Python\Python314\Lib\site-packages\sqlalchemy\engine\base.py:1419: in execute
    return meth(
C:\Users\nsing\AppData\Local\Programs\Python\Python314\Lib\site-packages\sqlalchemy\sql\elements.py:527: in _execute_on_connection
    return connection._execute_clauseelement(
C:\Users\nsing\AppData\Local\Programs\Python\Python314\Lib\site-packages\sqlalchemy\engine\base.py:1641: in _execute_clauseelement
    ret = self._execute_context(
C:\Users\nsing\AppData\Local\Programs\Python\Python314\Lib\site-packages\sqlalchemy\engine\base.py:1846: in _execute_context
    return self._exec_single_context(
C:\Users\nsing\AppData\Local\Programs\Python\Python314\Lib\site-packages\sqlalchemy\engine\base.py:1986: in _exec_single_context
    self._handle_dbapi_exception(
C:\Users\nsing\AppData\Local\Programs\Python\Python314\Lib\site-packages\sqlalchemy\engine\base.py:2363: in _handle_dbapi_exception
    raise sqlalchemy_exception.with_traceback(exc_info[2]) from e
C:\Users\nsing\AppData\Local\Programs\Python\Python314\Lib\site-packages\sqlalchemy\engine\base.py:1967: in _exec_single_context
    self.dialect.do_execute(
_ _ _ _ _ _ _ _ _ _ _ _ _ _ _ _ _ _ _ _ _ _ _ _ _ _ _ _ _ _ _ _ _ _ _ _ _ _ _ _

self = <sqlalchemy.dialects.sqlite.pysqlite.SQLiteDialect_pysqlite object at 0x000001A5C2B72AD0>
cursor = <sqlite3.Cursor object at 0x000001A5C43A05C0>
statement = 'SELECT users.id AS users_id, users.username AS users_username, users.email AS users_email, users.hashed_password AS u...ve AS users_is_active, users.created_at AS users_created_at \nFROM users \nWHERE users.username = ?\n LIMIT ? OFFSET ?'
parameters = ('admin_r', 1, 0)
context = <sqlalchemy.dialects.sqlite.base.SQLiteExecutionContext object at 0x000001A5C33CAEB0>

    def do_execute(self, cursor, statement, parameters, context=None):
>       cursor.execute(statement, parameters)
E       sqlalchemy.exc.OperationalError: (sqlite3.OperationalError) no such table: users
E       [SQL: SELECT users.id AS users_id, users.username AS users_username, users.email AS users_email, users.hashed_password AS users_hashed_password, users.role AS users_role, users.is_active AS users_is_active, users.created_at AS users_created_at 
E       FROM users 
E       WHERE users.username = ?
E        LIMIT ? OFFSET ?]
E       [parameters: ('admin_r', 1, 0)]
E       (Background on this error at: https://sqlalche.me/e/20/e3q8)

C:\Users\nsing\AppData\Local\Programs\Python\Python314\Lib\site-packages\sqlalchemy\engine\default.py:952: OperationalError
______________ ERROR at setup of TestRecords.test_filter_by_type ______________

self = <sqlalchemy.engine.base.Connection object at 0x000001A5C33DCAA0>
dialect = <sqlalchemy.dialects.sqlite.pysqlite.SQLiteDialect_pysqlite object at 0x000001A5C2B72AD0>
context = <sqlalchemy.dialects.sqlite.base.SQLiteExecutionContext object at 0x000001A5C33CC3D0>
statement = <sqlalchemy.dialects.sqlite.base.SQLiteCompiler object at 0x000001A5C3067450>
parameters = [('admin_r', 1, 0)]

    def _exec_single_context(
        self,
        dialect: Dialect,
        context: ExecutionContext,
        statement: Union[str, Compiled],
        parameters: Optional[_AnyMultiExecuteParams],
    ) -> CursorResult[Any]:
        """continue the _execute_context() method for a single DBAPI
        cursor.execute() or cursor.executemany() call.
    
        """
        if dialect.bind_typing is BindTyping.SETINPUTSIZES:
            generic_setinputsizes = context._prepare_set_input_sizes()
    
            if generic_setinputsizes:
                try:
                    dialect.do_set_input_sizes(
                        context.cursor, generic_setinputsizes, context
                    )
                except BaseException as e:
                    self._handle_dbapi_exception(
                        e, str(statement), parameters, None, context
                    )
    
        cursor, str_statement, parameters = (
            context.cursor,
            context.statement,
            context.parameters,
        )
    
        effective_parameters: Optional[_AnyExecuteParams]
    
        if not context.executemany:
            effective_parameters = parameters[0]
        else:
            effective_parameters = parameters
    
        if self._has_events or self.engine._has_events:
            for fn in self.dispatch.before_cursor_execute:
                str_statement, effective_parameters = fn(
                    self,
                    cursor,
                    str_statement,
                    effective_parameters,
                    context,
                    context.executemany,
                )
    
        if self._echo:
            self._log_info(str_statement)
    
            stats = context._get_cache_stats()
    
            if not self.engine.hide_parameters:
                self._log_info(
                    "[%s] %r",
                    stats,
                    sql_util._repr_params(
                        effective_parameters,
                        batches=10,
                        ismulti=context.executemany,
                    ),
                )
            else:
                self._log_info(
                    "[%s] [SQL parameters hidden due to hide_parameters=True]",
                    stats,
                )
    
        evt_handled: bool = False
        try:
            if context.execute_style is ExecuteStyle.EXECUTEMANY:
                effective_parameters = cast(
                    "_CoreMultiExecuteParams", effective_parameters
                )
                if self.dialect._has_events:
                    for fn in self.dialect.dispatch.do_executemany:
                        if fn(
                            cursor,
                            str_statement,
                            effective_parameters,
                            context,
                        ):
                            evt_handled = True
                            break
                if not evt_handled:
                    self.dialect.do_executemany(
                        cursor,
                        str_statement,
                        effective_parameters,
                        context,
                    )
            elif not effective_parameters and context.no_parameters:
                if self.dialect._has_events:
                    for fn in self.dialect.dispatch.do_execute_no_params:
                        if fn(cursor, str_statement, context):
                            evt_handled = True
                            break
                if not evt_handled:
                    self.dialect.do_execute_no_params(
                        cursor, str_statement, context
                    )
            else:
                effective_parameters = cast(
                    "_CoreSingleExecuteParams", effective_parameters
                )
                if self.dialect._has_events:
                    for fn in self.dialect.dispatch.do_execute:
                        if fn(
                            cursor,
                            str_statement,
                            effective_parameters,
                            context,
                        ):
                            evt_handled = True
                            break
                if not evt_handled:
>                   self.dialect.do_execute(
                        cursor, str_statement, effective_parameters, context
                    )

C:\Users\nsing\AppData\Local\Programs\Python\Python314\Lib\site-packages\sqlalchemy\engine\base.py:1967: 
_ _ _ _ _ _ _ _ _ _ _ _ _ _ _ _ _ _ _ _ _ _ _ _ _ _ _ _ _ _ _ _ _ _ _ _ _ _ _ _

self = <sqlalchemy.dialects.sqlite.pysqlite.SQLiteDialect_pysqlite object at 0x000001A5C2B72AD0>
cursor = <sqlite3.Cursor object at 0x000001A5C665A940>
statement = 'SELECT users.id AS users_id, users.username AS users_username, users.email AS users_email, users.hashed_password AS u...ve AS users_is_active, users.created_at AS users_created_at \nFROM users \nWHERE users.username = ?\n LIMIT ? OFFSET ?'
parameters = ('admin_r', 1, 0)
context = <sqlalchemy.dialects.sqlite.base.SQLiteExecutionContext object at 0x000001A5C33CC3D0>

    def do_execute(self, cursor, statement, parameters, context=None):
>       cursor.execute(statement, parameters)
E       sqlite3.OperationalError: no such table: users

C:\Users\nsing\AppData\Local\Programs\Python\Python314\Lib\site-packages\sqlalchemy\engine\default.py:952: OperationalError

The above exception was the direct cause of the following exception:

self = <tests.test_api.TestRecords object at 0x000001A5C3167490>

    def setup_method(self):
>       register("admin_r", role="admin")

tests\test_api.py:154: 
_ _ _ _ _ _ _ _ _ _ _ _ _ _ _ _ _ _ _ _ _ _ _ _ _ _ _ _ _ _ _ _ _ _ _ _ _ _ _ _
tests\test_api.py:49: in register
    return client.post("/auth/register", json={
C:\Users\nsing\AppData\Local\Programs\Python\Python314\Lib\site-packages\starlette\testclient.py:546: in post
    return super().post(
C:\Users\nsing\AppData\Local\Programs\Python\Python314\Lib\site-packages\httpx\_client.py:1144: in post
    return self.request(
C:\Users\nsing\AppData\Local\Programs\Python\Python314\Lib\site-packages\starlette\testclient.py:445: in request
    return super().request(
C:\Users\nsing\AppData\Local\Programs\Python\Python314\Lib\site-packages\httpx\_client.py:825: in request
    return self.send(request, auth=auth, follow_redirects=follow_redirects)
           ^^^^^^^^^^^^^^^^^^^^^^^^^^^^^^^^^^^^^^^^^^^^^^^^^^^^^^^^^^^^^^^^
C:\Users\nsing\AppData\Local\Programs\Python\Python314\Lib\site-packages\httpx\_client.py:914: in send
    response = self._send_handling_auth(
C:\Users\nsing\AppData\Local\Programs\Python\Python314\Lib\site-packages\httpx\_client.py:942: in _send_handling_auth
    response = self._send_handling_redirects(
C:\Users\nsing\AppData\Local\Programs\Python\Python314\Lib\site-packages\httpx\_client.py:979: in _send_handling_redirects
    response = self._send_single_request(request)
               ^^^^^^^^^^^^^^^^^^^^^^^^^^^^^^^^^^
C:\Users\nsing\AppData\Local\Programs\Python\Python314\Lib\site-packages\httpx\_client.py:1014: in _send_single_request
    response = transport.handle_request(request)
               ^^^^^^^^^^^^^^^^^^^^^^^^^^^^^^^^^
C:\Users\nsing\AppData\Local\Programs\Python\Python314\Lib\site-packages\starlette\testclient.py:348: in handle_request
    raise exc
C:\Users\nsing\AppData\Local\Programs\Python\Python314\Lib\site-packages\starlette\testclient.py:345: in handle_request
    portal.call(self.app, scope, receive, send)
C:\Users\nsing\AppData\Local\Programs\Python\Python314\Lib\site-packages\anyio\from_thread.py:334: in call
    return cast(T_Retval, self.start_task_soon(func, *args).result())
                          ^^^^^^^^^^^^^^^^^^^^^^^^^^^^^^^^^^^^^^^^^^
C:\Users\nsing\AppData\Local\Programs\Python\Python314\Lib\concurrent\futures\_base.py:450: in result
    return self.__get_result()
           ^^^^^^^^^^^^^^^^^^^
C:\Users\nsing\AppData\Local\Programs\Python\Python314\Lib\concurrent\futures\_base.py:395: in __get_result
    raise self._exception
C:\Users\nsing\AppData\Local\Programs\Python\Python314\Lib\site-packages\anyio\from_thread.py:259: in _call_func
    retval = await retval_or_awaitable
             ^^^^^^^^^^^^^^^^^^^^^^^^^
C:\Users\nsing\AppData\Local\Programs\Python\Python314\Lib\site-packages\fastapi\applications.py:1163: in __call__
    await super().__call__(scope, receive, send)
C:\Users\nsing\AppData\Local\Programs\Python\Python314\Lib\site-packages\starlette\applications.py:90: in __call__
    await self.middleware_stack(scope, receive, send)
C:\Users\nsing\AppData\Local\Programs\Python\Python314\Lib\site-packages\starlette\middleware\errors.py:186: in __call__
    raise exc
C:\Users\nsing\AppData\Local\Programs\Python\Python314\Lib\site-packages\starlette\middleware\errors.py:164: in __call__
    await self.app(scope, receive, _send)
C:\Users\nsing\AppData\Local\Programs\Python\Python314\Lib\site-packages\starlette\middleware\cors.py:88: in __call__
    await self.app(scope, receive, send)
C:\Users\nsing\AppData\Local\Programs\Python\Python314\Lib\site-packages\starlette\middleware\exceptions.py:63: in __call__
    await wrap_app_handling_exceptions(self.app, conn)(scope, receive, send)
C:\Users\nsing\AppData\Local\Programs\Python\Python314\Lib\site-packages\starlette\_exception_handler.py:53: in wrapped_app
    raise exc
C:\Users\nsing\AppData\Local\Programs\Python\Python314\Lib\site-packages\starlette\_exception_handler.py:42: in wrapped_app
    await app(scope, receive, sender)
C:\Users\nsing\AppData\Local\Programs\Python\Python314\Lib\site-packages\fastapi\middleware\asyncexitstack.py:18: in __call__
    await self.app(scope, receive, send)
C:\Users\nsing\AppData\Local\Programs\Python\Python314\Lib\site-packages\starlette\routing.py:660: in __call__
    await self.middleware_stack(scope, receive, send)
C:\Users\nsing\AppData\Local\Programs\Python\Python314\Lib\site-packages\starlette\routing.py:680: in app
    await route.handle(scope, receive, send)
C:\Users\nsing\AppData\Local\Programs\Python\Python314\Lib\site-packages\starlette\routing.py:276: in handle
    await self.app(scope, receive, send)
C:\Users\nsing\AppData\Local\Programs\Python\Python314\Lib\site-packages\fastapi\routing.py:134: in app
    await wrap_app_handling_exceptions(app, request)(scope, receive, send)
C:\Users\nsing\AppData\Local\Programs\Python\Python314\Lib\site-packages\starlette\_exception_handler.py:53: in wrapped_app
    raise exc
C:\Users\nsing\AppData\Local\Programs\Python\Python314\Lib\site-packages\starlette\_exception_handler.py:42: in wrapped_app
    await app(scope, receive, sender)
C:\Users\nsing\AppData\Local\Programs\Python\Python314\Lib\site-packages\fastapi\routing.py:120: in app
    response = await f(request)
               ^^^^^^^^^^^^^^^^
C:\Users\nsing\AppData\Local\Programs\Python\Python314\Lib\site-packages\fastapi\routing.py:674: in app
    raw_response = await run_endpoint_function(
C:\Users\nsing\AppData\Local\Programs\Python\Python314\Lib\site-packages\fastapi\routing.py:330: in run_endpoint_function
    return await run_in_threadpool(dependant.call, **values)
           ^^^^^^^^^^^^^^^^^^^^^^^^^^^^^^^^^^^^^^^^^^^^^^^^^
C:\Users\nsing\AppData\Local\Programs\Python\Python314\Lib\site-packages\starlette\concurrency.py:32: in run_in_threadpool
    return await anyio.to_thread.run_sync(func)
           ^^^^^^^^^^^^^^^^^^^^^^^^^^^^^^^^^^^^
C:\Users\nsing\AppData\Local\Programs\Python\Python314\Lib\site-packages\anyio\to_thread.py:63: in run_sync
    return await get_async_backend().run_sync_in_worker_thread(
C:\Users\nsing\AppData\Local\Programs\Python\Python314\Lib\site-packages\anyio\_backends\_asyncio.py:2518: in run_sync_in_worker_thread
    return await future
           ^^^^^^^^^^^^
C:\Users\nsing\AppData\Local\Programs\Python\Python314\Lib\site-packages\anyio\_backends\_asyncio.py:1002: in run
    result = context.run(func, *args)
             ^^^^^^^^^^^^^^^^^^^^^^^^
app\routers\auth.py:23: in register
    if db.query(User).filter(User.username == payload.username).first():
       ^^^^^^^^^^^^^^^^^^^^^^^^^^^^^^^^^^^^^^^^^^^^^^^^^^^^^^^^^^^^^^^^
C:\Users\nsing\AppData\Local\Programs\Python\Python314\Lib\site-packages\sqlalchemy\orm\query.py:2766: in first
    return self.limit(1)._iter().first()  # type: ignore
           ^^^^^^^^^^^^^^^^^^^^^
C:\Users\nsing\AppData\Local\Programs\Python\Python314\Lib\site-packages\sqlalchemy\orm\query.py:2864: in _iter
    result: Union[ScalarResult[_T], Result[_T]] = self.session.execute(
C:\Users\nsing\AppData\Local\Programs\Python\Python314\Lib\site-packages\sqlalchemy\orm\session.py:2351: in execute
    return self._execute_internal(
C:\Users\nsing\AppData\Local\Programs\Python\Python314\Lib\site-packages\sqlalchemy\orm\session.py:2249: in _execute_internal
    result: Result[Any] = compile_state_cls.orm_execute_statement(
C:\Users\nsing\AppData\Local\Programs\Python\Python314\Lib\site-packages\sqlalchemy\orm\context.py:306: in orm_execute_statement
    result = conn.execute(
C:\Users\nsing\AppData\Local\Programs\Python\Python314\Lib\site-packages\sqlalchemy\engine\base.py:1419: in execute
    return meth(
C:\Users\nsing\AppData\Local\Programs\Python\Python314\Lib\site-packages\sqlalchemy\sql\elements.py:527: in _execute_on_connection
    return connection._execute_clauseelement(
C:\Users\nsing\AppData\Local\Programs\Python\Python314\Lib\site-packages\sqlalchemy\engine\base.py:1641: in _execute_clauseelement
    ret = self._execute_context(
C:\Users\nsing\AppData\Local\Programs\Python\Python314\Lib\site-packages\sqlalchemy\engine\base.py:1846: in _execute_context
    return self._exec_single_context(
C:\Users\nsing\AppData\Local\Programs\Python\Python314\Lib\site-packages\sqlalchemy\engine\base.py:1986: in _exec_single_context
    self._handle_dbapi_exception(
C:\Users\nsing\AppData\Local\Programs\Python\Python314\Lib\site-packages\sqlalchemy\engine\base.py:2363: in _handle_dbapi_exception
    raise sqlalchemy_exception.with_traceback(exc_info[2]) from e
C:\Users\nsing\AppData\Local\Programs\Python\Python314\Lib\site-packages\sqlalchemy\engine\base.py:1967: in _exec_single_context
    self.dialect.do_execute(
_ _ _ _ _ _ _ _ _ _ _ _ _ _ _ _ _ _ _ _ _ _ _ _ _ _ _ _ _ _ _ _ _ _ _ _ _ _ _ _

self = <sqlalchemy.dialects.sqlite.pysqlite.SQLiteDialect_pysqlite object at 0x000001A5C2B72AD0>
cursor = <sqlite3.Cursor object at 0x000001A5C665A940>
statement = 'SELECT users.id AS users_id, users.username AS users_username, users.email AS users_email, users.hashed_password AS u...ve AS users_is_active, users.created_at AS users_created_at \nFROM users \nWHERE users.username = ?\n LIMIT ? OFFSET ?'
parameters = ('admin_r', 1, 0)
context = <sqlalchemy.dialects.sqlite.base.SQLiteExecutionContext object at 0x000001A5C33CC3D0>

    def do_execute(self, cursor, statement, parameters, context=None):
>       cursor.execute(statement, parameters)
E       sqlalchemy.exc.OperationalError: (sqlite3.OperationalError) no such table: users
E       [SQL: SELECT users.id AS users_id, users.username AS users_username, users.email AS users_email, users.hashed_password AS users_hashed_password, users.role AS users_role, users.is_active AS users_is_active, users.created_at AS users_created_at 
E       FROM users 
E       WHERE users.username = ?
E        LIMIT ? OFFSET ?]
E       [parameters: ('admin_r', 1, 0)]
E       (Background on this error at: https://sqlalche.me/e/20/e3q8)

C:\Users\nsing\AppData\Local\Programs\Python\Python314\Lib\site-packages\sqlalchemy\engine\default.py:952: OperationalError
___________ ERROR at setup of TestRecords.test_filter_by_date_range ___________

self = <sqlalchemy.engine.base.Connection object at 0x000001A5C33AC500>
dialect = <sqlalchemy.dialects.sqlite.pysqlite.SQLiteDialect_pysqlite object at 0x000001A5C2B72AD0>
context = <sqlalchemy.dialects.sqlite.base.SQLiteExecutionContext object at 0x000001A5C33C8130>
statement = <sqlalchemy.dialects.sqlite.base.SQLiteCompiler object at 0x000001A5C3067450>
parameters = [('admin_r', 1, 0)]

    def _exec_single_context(
        self,
        dialect: Dialect,
        context: ExecutionContext,
        statement: Union[str, Compiled],
        parameters: Optional[_AnyMultiExecuteParams],
    ) -> CursorResult[Any]:
        """continue the _execute_context() method for a single DBAPI
        cursor.execute() or cursor.executemany() call.
    
        """
        if dialect.bind_typing is BindTyping.SETINPUTSIZES:
            generic_setinputsizes = context._prepare_set_input_sizes()
    
            if generic_setinputsizes:
                try:
                    dialect.do_set_input_sizes(
                        context.cursor, generic_setinputsizes, context
                    )
                except BaseException as e:
                    self._handle_dbapi_exception(
                        e, str(statement), parameters, None, context
                    )
    
        cursor, str_statement, parameters = (
            context.cursor,
            context.statement,
            context.parameters,
        )
    
        effective_parameters: Optional[_AnyExecuteParams]
    
        if not context.executemany:
            effective_parameters = parameters[0]
        else:
            effective_parameters = parameters
    
        if self._has_events or self.engine._has_events:
            for fn in self.dispatch.before_cursor_execute:
                str_statement, effective_parameters = fn(
                    self,
                    cursor,
                    str_statement,
                    effective_parameters,
                    context,
                    context.executemany,
                )
    
        if self._echo:
            self._log_info(str_statement)
    
            stats = context._get_cache_stats()
    
            if not self.engine.hide_parameters:
                self._log_info(
                    "[%s] %r",
                    stats,
                    sql_util._repr_params(
                        effective_parameters,
                        batches=10,
                        ismulti=context.executemany,
                    ),
                )
            else:
                self._log_info(
                    "[%s] [SQL parameters hidden due to hide_parameters=True]",
                    stats,
                )
    
        evt_handled: bool = False
        try:
            if context.execute_style is ExecuteStyle.EXECUTEMANY:
                effective_parameters = cast(
                    "_CoreMultiExecuteParams", effective_parameters
                )
                if self.dialect._has_events:
                    for fn in self.dialect.dispatch.do_executemany:
                        if fn(
                            cursor,
                            str_statement,
                            effective_parameters,
                            context,
                        ):
                            evt_handled = True
                            break
                if not evt_handled:
                    self.dialect.do_executemany(
                        cursor,
                        str_statement,
                        effective_parameters,
                        context,
                    )
            elif not effective_parameters and context.no_parameters:
                if self.dialect._has_events:
                    for fn in self.dialect.dispatch.do_execute_no_params:
                        if fn(cursor, str_statement, context):
                            evt_handled = True
                            break
                if not evt_handled:
                    self.dialect.do_execute_no_params(
                        cursor, str_statement, context
                    )
            else:
                effective_parameters = cast(
                    "_CoreSingleExecuteParams", effective_parameters
                )
                if self.dialect._has_events:
                    for fn in self.dialect.dispatch.do_execute:
                        if fn(
                            cursor,
                            str_statement,
                            effective_parameters,
                            context,
                        ):
                            evt_handled = True
                            break
                if not evt_handled:
>                   self.dialect.do_execute(
                        cursor, str_statement, effective_parameters, context
                    )

C:\Users\nsing\AppData\Local\Programs\Python\Python314\Lib\site-packages\sqlalchemy\engine\base.py:1967: 
_ _ _ _ _ _ _ _ _ _ _ _ _ _ _ _ _ _ _ _ _ _ _ _ _ _ _ _ _ _ _ _ _ _ _ _ _ _ _ _

self = <sqlalchemy.dialects.sqlite.pysqlite.SQLiteDialect_pysqlite object at 0x000001A5C2B72AD0>
cursor = <sqlite3.Cursor object at 0x000001A5C3C5F2C0>
statement = 'SELECT users.id AS users_id, users.username AS users_username, users.email AS users_email, users.hashed_password AS u...ve AS users_is_active, users.created_at AS users_created_at \nFROM users \nWHERE users.username = ?\n LIMIT ? OFFSET ?'
parameters = ('admin_r', 1, 0)
context = <sqlalchemy.dialects.sqlite.base.SQLiteExecutionContext object at 0x000001A5C33C8130>

    def do_execute(self, cursor, statement, parameters, context=None):
>       cursor.execute(statement, parameters)
E       sqlite3.OperationalError: no such table: users

C:\Users\nsing\AppData\Local\Programs\Python\Python314\Lib\site-packages\sqlalchemy\engine\default.py:952: OperationalError

The above exception was the direct cause of the following exception:

self = <tests.test_api.TestRecords object at 0x000001A5C3081EB0>

    def setup_method(self):
>       register("admin_r", role="admin")

tests\test_api.py:154: 
_ _ _ _ _ _ _ _ _ _ _ _ _ _ _ _ _ _ _ _ _ _ _ _ _ _ _ _ _ _ _ _ _ _ _ _ _ _ _ _
tests\test_api.py:49: in register
    return client.post("/auth/register", json={
C:\Users\nsing\AppData\Local\Programs\Python\Python314\Lib\site-packages\starlette\testclient.py:546: in post
    return super().post(
C:\Users\nsing\AppData\Local\Programs\Python\Python314\Lib\site-packages\httpx\_client.py:1144: in post
    return self.request(
C:\Users\nsing\AppData\Local\Programs\Python\Python314\Lib\site-packages\starlette\testclient.py:445: in request
    return super().request(
C:\Users\nsing\AppData\Local\Programs\Python\Python314\Lib\site-packages\httpx\_client.py:825: in request
    return self.send(request, auth=auth, follow_redirects=follow_redirects)
           ^^^^^^^^^^^^^^^^^^^^^^^^^^^^^^^^^^^^^^^^^^^^^^^^^^^^^^^^^^^^^^^^
C:\Users\nsing\AppData\Local\Programs\Python\Python314\Lib\site-packages\httpx\_client.py:914: in send
    response = self._send_handling_auth(
C:\Users\nsing\AppData\Local\Programs\Python\Python314\Lib\site-packages\httpx\_client.py:942: in _send_handling_auth
    response = self._send_handling_redirects(
C:\Users\nsing\AppData\Local\Programs\Python\Python314\Lib\site-packages\httpx\_client.py:979: in _send_handling_redirects
    response = self._send_single_request(request)
               ^^^^^^^^^^^^^^^^^^^^^^^^^^^^^^^^^^
C:\Users\nsing\AppData\Local\Programs\Python\Python314\Lib\site-packages\httpx\_client.py:1014: in _send_single_request
    response = transport.handle_request(request)
               ^^^^^^^^^^^^^^^^^^^^^^^^^^^^^^^^^
C:\Users\nsing\AppData\Local\Programs\Python\Python314\Lib\site-packages\starlette\testclient.py:348: in handle_request
    raise exc
C:\Users\nsing\AppData\Local\Programs\Python\Python314\Lib\site-packages\starlette\testclient.py:345: in handle_request
    portal.call(self.app, scope, receive, send)
C:\Users\nsing\AppData\Local\Programs\Python\Python314\Lib\site-packages\anyio\from_thread.py:334: in call
    return cast(T_Retval, self.start_task_soon(func, *args).result())
                          ^^^^^^^^^^^^^^^^^^^^^^^^^^^^^^^^^^^^^^^^^^
C:\Users\nsing\AppData\Local\Programs\Python\Python314\Lib\concurrent\futures\_base.py:450: in result
    return self.__get_result()
           ^^^^^^^^^^^^^^^^^^^
C:\Users\nsing\AppData\Local\Programs\Python\Python314\Lib\concurrent\futures\_base.py:395: in __get_result
    raise self._exception
C:\Users\nsing\AppData\Local\Programs\Python\Python314\Lib\site-packages\anyio\from_thread.py:259: in _call_func
    retval = await retval_or_awaitable
             ^^^^^^^^^^^^^^^^^^^^^^^^^
C:\Users\nsing\AppData\Local\Programs\Python\Python314\Lib\site-packages\fastapi\applications.py:1163: in __call__
    await super().__call__(scope, receive, send)
C:\Users\nsing\AppData\Local\Programs\Python\Python314\Lib\site-packages\starlette\applications.py:90: in __call__
    await self.middleware_stack(scope, receive, send)
C:\Users\nsing\AppData\Local\Programs\Python\Python314\Lib\site-packages\starlette\middleware\errors.py:186: in __call__
    raise exc
C:\Users\nsing\AppData\Local\Programs\Python\Python314\Lib\site-packages\starlette\middleware\errors.py:164: in __call__
    await self.app(scope, receive, _send)
C:\Users\nsing\AppData\Local\Programs\Python\Python314\Lib\site-packages\starlette\middleware\cors.py:88: in __call__
    await self.app(scope, receive, send)
C:\Users\nsing\AppData\Local\Programs\Python\Python314\Lib\site-packages\starlette\middleware\exceptions.py:63: in __call__
    await wrap_app_handling_exceptions(self.app, conn)(scope, receive, send)
C:\Users\nsing\AppData\Local\Programs\Python\Python314\Lib\site-packages\starlette\_exception_handler.py:53: in wrapped_app
    raise exc
C:\Users\nsing\AppData\Local\Programs\Python\Python314\Lib\site-packages\starlette\_exception_handler.py:42: in wrapped_app
    await app(scope, receive, sender)
C:\Users\nsing\AppData\Local\Programs\Python\Python314\Lib\site-packages\fastapi\middleware\asyncexitstack.py:18: in __call__
    await self.app(scope, receive, send)
C:\Users\nsing\AppData\Local\Programs\Python\Python314\Lib\site-packages\starlette\routing.py:660: in __call__
    await self.middleware_stack(scope, receive, send)
C:\Users\nsing\AppData\Local\Programs\Python\Python314\Lib\site-packages\starlette\routing.py:680: in app
    await route.handle(scope, receive, send)
C:\Users\nsing\AppData\Local\Programs\Python\Python314\Lib\site-packages\starlette\routing.py:276: in handle
    await self.app(scope, receive, send)
C:\Users\nsing\AppData\Local\Programs\Python\Python314\Lib\site-packages\fastapi\routing.py:134: in app
    await wrap_app_handling_exceptions(app, request)(scope, receive, send)
C:\Users\nsing\AppData\Local\Programs\Python\Python314\Lib\site-packages\starlette\_exception_handler.py:53: in wrapped_app
    raise exc
C:\Users\nsing\AppData\Local\Programs\Python\Python314\Lib\site-packages\starlette\_exception_handler.py:42: in wrapped_app
    await app(scope, receive, sender)
C:\Users\nsing\AppData\Local\Programs\Python\Python314\Lib\site-packages\fastapi\routing.py:120: in app
    response = await f(request)
               ^^^^^^^^^^^^^^^^
C:\Users\nsing\AppData\Local\Programs\Python\Python314\Lib\site-packages\fastapi\routing.py:674: in app
    raw_response = await run_endpoint_function(
C:\Users\nsing\AppData\Local\Programs\Python\Python314\Lib\site-packages\fastapi\routing.py:330: in run_endpoint_function
    return await run_in_threadpool(dependant.call, **values)
           ^^^^^^^^^^^^^^^^^^^^^^^^^^^^^^^^^^^^^^^^^^^^^^^^^
C:\Users\nsing\AppData\Local\Programs\Python\Python314\Lib\site-packages\starlette\concurrency.py:32: in run_in_threadpool
    return await anyio.to_thread.run_sync(func)
           ^^^^^^^^^^^^^^^^^^^^^^^^^^^^^^^^^^^^
C:\Users\nsing\AppData\Local\Programs\Python\Python314\Lib\site-packages\anyio\to_thread.py:63: in run_sync
    return await get_async_backend().run_sync_in_worker_thread(
C:\Users\nsing\AppData\Local\Programs\Python\Python314\Lib\site-packages\anyio\_backends\_asyncio.py:2518: in run_sync_in_worker_thread
    return await future
           ^^^^^^^^^^^^
C:\Users\nsing\AppData\Local\Programs\Python\Python314\Lib\site-packages\anyio\_backends\_asyncio.py:1002: in run
    result = context.run(func, *args)
             ^^^^^^^^^^^^^^^^^^^^^^^^
app\routers\auth.py:23: in register
    if db.query(User).filter(User.username == payload.username).first():
       ^^^^^^^^^^^^^^^^^^^^^^^^^^^^^^^^^^^^^^^^^^^^^^^^^^^^^^^^^^^^^^^^
C:\Users\nsing\AppData\Local\Programs\Python\Python314\Lib\site-packages\sqlalchemy\orm\query.py:2766: in first
    return self.limit(1)._iter().first()  # type: ignore
           ^^^^^^^^^^^^^^^^^^^^^
C:\Users\nsing\AppData\Local\Programs\Python\Python314\Lib\site-packages\sqlalchemy\orm\query.py:2864: in _iter
    result: Union[ScalarResult[_T], Result[_T]] = self.session.execute(
C:\Users\nsing\AppData\Local\Programs\Python\Python314\Lib\site-packages\sqlalchemy\orm\session.py:2351: in execute
    return self._execute_internal(
C:\Users\nsing\AppData\Local\Programs\Python\Python314\Lib\site-packages\sqlalchemy\orm\session.py:2249: in _execute_internal
    result: Result[Any] = compile_state_cls.orm_execute_statement(
C:\Users\nsing\AppData\Local\Programs\Python\Python314\Lib\site-packages\sqlalchemy\orm\context.py:306: in orm_execute_statement
    result = conn.execute(
C:\Users\nsing\AppData\Local\Programs\Python\Python314\Lib\site-packages\sqlalchemy\engine\base.py:1419: in execute
    return meth(
C:\Users\nsing\AppData\Local\Programs\Python\Python314\Lib\site-packages\sqlalchemy\sql\elements.py:527: in _execute_on_connection
    return connection._execute_clauseelement(
C:\Users\nsing\AppData\Local\Programs\Python\Python314\Lib\site-packages\sqlalchemy\engine\base.py:1641: in _execute_clauseelement
    ret = self._execute_context(
C:\Users\nsing\AppData\Local\Programs\Python\Python314\Lib\site-packages\sqlalchemy\engine\base.py:1846: in _execute_context
    return self._exec_single_context(
C:\Users\nsing\AppData\Local\Programs\Python\Python314\Lib\site-packages\sqlalchemy\engine\base.py:1986: in _exec_single_context
    self._handle_dbapi_exception(
C:\Users\nsing\AppData\Local\Programs\Python\Python314\Lib\site-packages\sqlalchemy\engine\base.py:2363: in _handle_dbapi_exception
    raise sqlalchemy_exception.with_traceback(exc_info[2]) from e
C:\Users\nsing\AppData\Local\Programs\Python\Python314\Lib\site-packages\sqlalchemy\engine\base.py:1967: in _exec_single_context
    self.dialect.do_execute(
_ _ _ _ _ _ _ _ _ _ _ _ _ _ _ _ _ _ _ _ _ _ _ _ _ _ _ _ _ _ _ _ _ _ _ _ _ _ _ _

self = <sqlalchemy.dialects.sqlite.pysqlite.SQLiteDialect_pysqlite object at 0x000001A5C2B72AD0>
cursor = <sqlite3.Cursor object at 0x000001A5C3C5F2C0>
statement = 'SELECT users.id AS users_id, users.username AS users_username, users.email AS users_email, users.hashed_password AS u...ve AS users_is_active, users.created_at AS users_created_at \nFROM users \nWHERE users.username = ?\n LIMIT ? OFFSET ?'
parameters = ('admin_r', 1, 0)
context = <sqlalchemy.dialects.sqlite.base.SQLiteExecutionContext object at 0x000001A5C33C8130>

    def do_execute(self, cursor, statement, parameters, context=None):
>       cursor.execute(statement, parameters)
E       sqlalchemy.exc.OperationalError: (sqlite3.OperationalError) no such table: users
E       [SQL: SELECT users.id AS users_id, users.username AS users_username, users.email AS users_email, users.hashed_password AS users_hashed_password, users.role AS users_role, users.is_active AS users_is_active, users.created_at AS users_created_at 
E       FROM users 
E       WHERE users.username = ?
E        LIMIT ? OFFSET ?]
E       [parameters: ('admin_r', 1, 0)]
E       (Background on this error at: https://sqlalche.me/e/20/e3q8)

C:\Users\nsing\AppData\Local\Programs\Python\Python314\Lib\site-packages\sqlalchemy\engine\default.py:952: OperationalError
________________ ERROR at setup of TestRecords.test_pagination ________________

self = <sqlalchemy.engine.base.Connection object at 0x000001A5C317FE30>
dialect = <sqlalchemy.dialects.sqlite.pysqlite.SQLiteDialect_pysqlite object at 0x000001A5C2B72AD0>
context = <sqlalchemy.dialects.sqlite.base.SQLiteExecutionContext object at 0x000001A5C33E2C10>
statement = <sqlalchemy.dialects.sqlite.base.SQLiteCompiler object at 0x000001A5C3067450>
parameters = [('admin_r', 1, 0)]

    def _exec_single_context(
        self,
        dialect: Dialect,
        context: ExecutionContext,
        statement: Union[str, Compiled],
        parameters: Optional[_AnyMultiExecuteParams],
    ) -> CursorResult[Any]:
        """continue the _execute_context() method for a single DBAPI
        cursor.execute() or cursor.executemany() call.
    
        """
        if dialect.bind_typing is BindTyping.SETINPUTSIZES:
            generic_setinputsizes = context._prepare_set_input_sizes()
    
            if generic_setinputsizes:
                try:
                    dialect.do_set_input_sizes(
                        context.cursor, generic_setinputsizes, context
                    )
                except BaseException as e:
                    self._handle_dbapi_exception(
                        e, str(statement), parameters, None, context
                    )
    
        cursor, str_statement, parameters = (
            context.cursor,
            context.statement,
            context.parameters,
        )
    
        effective_parameters: Optional[_AnyExecuteParams]
    
        if not context.executemany:
            effective_parameters = parameters[0]
        else:
            effective_parameters = parameters
    
        if self._has_events or self.engine._has_events:
            for fn in self.dispatch.before_cursor_execute:
                str_statement, effective_parameters = fn(
                    self,
                    cursor,
                    str_statement,
                    effective_parameters,
                    context,
                    context.executemany,
                )
    
        if self._echo:
            self._log_info(str_statement)
    
            stats = context._get_cache_stats()
    
            if not self.engine.hide_parameters:
                self._log_info(
                    "[%s] %r",
                    stats,
                    sql_util._repr_params(
                        effective_parameters,
                        batches=10,
                        ismulti=context.executemany,
                    ),
                )
            else:
                self._log_info(
                    "[%s] [SQL parameters hidden due to hide_parameters=True]",
                    stats,
                )
    
        evt_handled: bool = False
        try:
            if context.execute_style is ExecuteStyle.EXECUTEMANY:
                effective_parameters = cast(
                    "_CoreMultiExecuteParams", effective_parameters
                )
                if self.dialect._has_events:
                    for fn in self.dialect.dispatch.do_executemany:
                        if fn(
                            cursor,
                            str_statement,
                            effective_parameters,
                            context,
                        ):
                            evt_handled = True
                            break
                if not evt_handled:
                    self.dialect.do_executemany(
                        cursor,
                        str_statement,
                        effective_parameters,
                        context,
                    )
            elif not effective_parameters and context.no_parameters:
                if self.dialect._has_events:
                    for fn in self.dialect.dispatch.do_execute_no_params:
                        if fn(cursor, str_statement, context):
                            evt_handled = True
                            break
                if not evt_handled:
                    self.dialect.do_execute_no_params(
                        cursor, str_statement, context
                    )
            else:
                effective_parameters = cast(
                    "_CoreSingleExecuteParams", effective_parameters
                )
                if self.dialect._has_events:
                    for fn in self.dialect.dispatch.do_execute:
                        if fn(
                            cursor,
                            str_statement,
                            effective_parameters,
                            context,
                        ):
                            evt_handled = True
                            break
                if not evt_handled:
>                   self.dialect.do_execute(
                        cursor, str_statement, effective_parameters, context
                    )

C:\Users\nsing\AppData\Local\Programs\Python\Python314\Lib\site-packages\sqlalchemy\engine\base.py:1967: 
_ _ _ _ _ _ _ _ _ _ _ _ _ _ _ _ _ _ _ _ _ _ _ _ _ _ _ _ _ _ _ _ _ _ _ _ _ _ _ _

self = <sqlalchemy.dialects.sqlite.pysqlite.SQLiteDialect_pysqlite object at 0x000001A5C2B72AD0>
cursor = <sqlite3.Cursor object at 0x000001A5C45108C0>
statement = 'SELECT users.id AS users_id, users.username AS users_username, users.email AS users_email, users.hashed_password AS u...ve AS users_is_active, users.created_at AS users_created_at \nFROM users \nWHERE users.username = ?\n LIMIT ? OFFSET ?'
parameters = ('admin_r', 1, 0)
context = <sqlalchemy.dialects.sqlite.base.SQLiteExecutionContext object at 0x000001A5C33E2C10>

    def do_execute(self, cursor, statement, parameters, context=None):
>       cursor.execute(statement, parameters)
E       sqlite3.OperationalError: no such table: users

C:\Users\nsing\AppData\Local\Programs\Python\Python314\Lib\site-packages\sqlalchemy\engine\default.py:952: OperationalError

The above exception was the direct cause of the following exception:

self = <tests.test_api.TestRecords object at 0x000001A5C31A0160>

    def setup_method(self):
>       register("admin_r", role="admin")

tests\test_api.py:154: 
_ _ _ _ _ _ _ _ _ _ _ _ _ _ _ _ _ _ _ _ _ _ _ _ _ _ _ _ _ _ _ _ _ _ _ _ _ _ _ _
tests\test_api.py:49: in register
    return client.post("/auth/register", json={
C:\Users\nsing\AppData\Local\Programs\Python\Python314\Lib\site-packages\starlette\testclient.py:546: in post
    return super().post(
C:\Users\nsing\AppData\Local\Programs\Python\Python314\Lib\site-packages\httpx\_client.py:1144: in post
    return self.request(
C:\Users\nsing\AppData\Local\Programs\Python\Python314\Lib\site-packages\starlette\testclient.py:445: in request
    return super().request(
C:\Users\nsing\AppData\Local\Programs\Python\Python314\Lib\site-packages\httpx\_client.py:825: in request
    return self.send(request, auth=auth, follow_redirects=follow_redirects)
           ^^^^^^^^^^^^^^^^^^^^^^^^^^^^^^^^^^^^^^^^^^^^^^^^^^^^^^^^^^^^^^^^
C:\Users\nsing\AppData\Local\Programs\Python\Python314\Lib\site-packages\httpx\_client.py:914: in send
    response = self._send_handling_auth(
C:\Users\nsing\AppData\Local\Programs\Python\Python314\Lib\site-packages\httpx\_client.py:942: in _send_handling_auth
    response = self._send_handling_redirects(
C:\Users\nsing\AppData\Local\Programs\Python\Python314\Lib\site-packages\httpx\_client.py:979: in _send_handling_redirects
    response = self._send_single_request(request)
               ^^^^^^^^^^^^^^^^^^^^^^^^^^^^^^^^^^
C:\Users\nsing\AppData\Local\Programs\Python\Python314\Lib\site-packages\httpx\_client.py:1014: in _send_single_request
    response = transport.handle_request(request)
               ^^^^^^^^^^^^^^^^^^^^^^^^^^^^^^^^^
C:\Users\nsing\AppData\Local\Programs\Python\Python314\Lib\site-packages\starlette\testclient.py:348: in handle_request
    raise exc
C:\Users\nsing\AppData\Local\Programs\Python\Python314\Lib\site-packages\starlette\testclient.py:345: in handle_request
    portal.call(self.app, scope, receive, send)
C:\Users\nsing\AppData\Local\Programs\Python\Python314\Lib\site-packages\anyio\from_thread.py:334: in call
    return cast(T_Retval, self.start_task_soon(func, *args).result())
                          ^^^^^^^^^^^^^^^^^^^^^^^^^^^^^^^^^^^^^^^^^^
C:\Users\nsing\AppData\Local\Programs\Python\Python314\Lib\concurrent\futures\_base.py:450: in result
    return self.__get_result()
           ^^^^^^^^^^^^^^^^^^^
C:\Users\nsing\AppData\Local\Programs\Python\Python314\Lib\concurrent\futures\_base.py:395: in __get_result
    raise self._exception
C:\Users\nsing\AppData\Local\Programs\Python\Python314\Lib\site-packages\anyio\from_thread.py:259: in _call_func
    retval = await retval_or_awaitable
             ^^^^^^^^^^^^^^^^^^^^^^^^^
C:\Users\nsing\AppData\Local\Programs\Python\Python314\Lib\site-packages\fastapi\applications.py:1163: in __call__
    await super().__call__(scope, receive, send)
C:\Users\nsing\AppData\Local\Programs\Python\Python314\Lib\site-packages\starlette\applications.py:90: in __call__
    await self.middleware_stack(scope, receive, send)
C:\Users\nsing\AppData\Local\Programs\Python\Python314\Lib\site-packages\starlette\middleware\errors.py:186: in __call__
    raise exc
C:\Users\nsing\AppData\Local\Programs\Python\Python314\Lib\site-packages\starlette\middleware\errors.py:164: in __call__
    await self.app(scope, receive, _send)
C:\Users\nsing\AppData\Local\Programs\Python\Python314\Lib\site-packages\starlette\middleware\cors.py:88: in __call__
    await self.app(scope, receive, send)
C:\Users\nsing\AppData\Local\Programs\Python\Python314\Lib\site-packages\starlette\middleware\exceptions.py:63: in __call__
    await wrap_app_handling_exceptions(self.app, conn)(scope, receive, send)
C:\Users\nsing\AppData\Local\Programs\Python\Python314\Lib\site-packages\starlette\_exception_handler.py:53: in wrapped_app
    raise exc
C:\Users\nsing\AppData\Local\Programs\Python\Python314\Lib\site-packages\starlette\_exception_handler.py:42: in wrapped_app
    await app(scope, receive, sender)
C:\Users\nsing\AppData\Local\Programs\Python\Python314\Lib\site-packages\fastapi\middleware\asyncexitstack.py:18: in __call__
    await self.app(scope, receive, send)
C:\Users\nsing\AppData\Local\Programs\Python\Python314\Lib\site-packages\starlette\routing.py:660: in __call__
    await self.middleware_stack(scope, receive, send)
C:\Users\nsing\AppData\Local\Programs\Python\Python314\Lib\site-packages\starlette\routing.py:680: in app
    await route.handle(scope, receive, send)
C:\Users\nsing\AppData\Local\Programs\Python\Python314\Lib\site-packages\starlette\routing.py:276: in handle
    await self.app(scope, receive, send)
C:\Users\nsing\AppData\Local\Programs\Python\Python314\Lib\site-packages\fastapi\routing.py:134: in app
    await wrap_app_handling_exceptions(app, request)(scope, receive, send)
C:\Users\nsing\AppData\Local\Programs\Python\Python314\Lib\site-packages\starlette\_exception_handler.py:53: in wrapped_app
    raise exc
C:\Users\nsing\AppData\Local\Programs\Python\Python314\Lib\site-packages\starlette\_exception_handler.py:42: in wrapped_app
    await app(scope, receive, sender)
C:\Users\nsing\AppData\Local\Programs\Python\Python314\Lib\site-packages\fastapi\routing.py:120: in app
    response = await f(request)
               ^^^^^^^^^^^^^^^^
C:\Users\nsing\AppData\Local\Programs\Python\Python314\Lib\site-packages\fastapi\routing.py:674: in app
    raw_response = await run_endpoint_function(
C:\Users\nsing\AppData\Local\Programs\Python\Python314\Lib\site-packages\fastapi\routing.py:330: in run_endpoint_function
    return await run_in_threadpool(dependant.call, **values)
           ^^^^^^^^^^^^^^^^^^^^^^^^^^^^^^^^^^^^^^^^^^^^^^^^^
C:\Users\nsing\AppData\Local\Programs\Python\Python314\Lib\site-packages\starlette\concurrency.py:32: in run_in_threadpool
    return await anyio.to_thread.run_sync(func)
           ^^^^^^^^^^^^^^^^^^^^^^^^^^^^^^^^^^^^
C:\Users\nsing\AppData\Local\Programs\Python\Python314\Lib\site-packages\anyio\to_thread.py:63: in run_sync
    return await get_async_backend().run_sync_in_worker_thread(
C:\Users\nsing\AppData\Local\Programs\Python\Python314\Lib\site-packages\anyio\_backends\_asyncio.py:2518: in run_sync_in_worker_thread
    return await future
           ^^^^^^^^^^^^
C:\Users\nsing\AppData\Local\Programs\Python\Python314\Lib\site-packages\anyio\_backends\_asyncio.py:1002: in run
    result = context.run(func, *args)
             ^^^^^^^^^^^^^^^^^^^^^^^^
app\routers\auth.py:23: in register
    if db.query(User).filter(User.username == payload.username).first():
       ^^^^^^^^^^^^^^^^^^^^^^^^^^^^^^^^^^^^^^^^^^^^^^^^^^^^^^^^^^^^^^^^
C:\Users\nsing\AppData\Local\Programs\Python\Python314\Lib\site-packages\sqlalchemy\orm\query.py:2766: in first
    return self.limit(1)._iter().first()  # type: ignore
           ^^^^^^^^^^^^^^^^^^^^^
C:\Users\nsing\AppData\Local\Programs\Python\Python314\Lib\site-packages\sqlalchemy\orm\query.py:2864: in _iter
    result: Union[ScalarResult[_T], Result[_T]] = self.session.execute(
C:\Users\nsing\AppData\Local\Programs\Python\Python314\Lib\site-packages\sqlalchemy\orm\session.py:2351: in execute
    return self._execute_internal(
C:\Users\nsing\AppData\Local\Programs\Python\Python314\Lib\site-packages\sqlalchemy\orm\session.py:2249: in _execute_internal
    result: Result[Any] = compile_state_cls.orm_execute_statement(
C:\Users\nsing\AppData\Local\Programs\Python\Python314\Lib\site-packages\sqlalchemy\orm\context.py:306: in orm_execute_statement
    result = conn.execute(
C:\Users\nsing\AppData\Local\Programs\Python\Python314\Lib\site-packages\sqlalchemy\engine\base.py:1419: in execute
    return meth(
C:\Users\nsing\AppData\Local\Programs\Python\Python314\Lib\site-packages\sqlalchemy\sql\elements.py:527: in _execute_on_connection
    return connection._execute_clauseelement(
C:\Users\nsing\AppData\Local\Programs\Python\Python314\Lib\site-packages\sqlalchemy\engine\base.py:1641: in _execute_clauseelement
    ret = self._execute_context(
C:\Users\nsing\AppData\Local\Programs\Python\Python314\Lib\site-packages\sqlalchemy\engine\base.py:1846: in _execute_context
    return self._exec_single_context(
C:\Users\nsing\AppData\Local\Programs\Python\Python314\Lib\site-packages\sqlalchemy\engine\base.py:1986: in _exec_single_context
    self._handle_dbapi_exception(
C:\Users\nsing\AppData\Local\Programs\Python\Python314\Lib\site-packages\sqlalchemy\engine\base.py:2363: in _handle_dbapi_exception
    raise sqlalchemy_exception.with_traceback(exc_info[2]) from e
C:\Users\nsing\AppData\Local\Programs\Python\Python314\Lib\site-packages\sqlalchemy\engine\base.py:1967: in _exec_single_context
    self.dialect.do_execute(
_ _ _ _ _ _ _ _ _ _ _ _ _ _ _ _ _ _ _ _ _ _ _ _ _ _ _ _ _ _ _ _ _ _ _ _ _ _ _ _

self = <sqlalchemy.dialects.sqlite.pysqlite.SQLiteDialect_pysqlite object at 0x000001A5C2B72AD0>
cursor = <sqlite3.Cursor object at 0x000001A5C45108C0>
statement = 'SELECT users.id AS users_id, users.username AS users_username, users.email AS users_email, users.hashed_password AS u...ve AS users_is_active, users.created_at AS users_created_at \nFROM users \nWHERE users.username = ?\n LIMIT ? OFFSET ?'
parameters = ('admin_r', 1, 0)
context = <sqlalchemy.dialects.sqlite.base.SQLiteExecutionContext object at 0x000001A5C33E2C10>

    def do_execute(self, cursor, statement, parameters, context=None):
>       cursor.execute(statement, parameters)
E       sqlalchemy.exc.OperationalError: (sqlite3.OperationalError) no such table: users
E       [SQL: SELECT users.id AS users_id, users.username AS users_username, users.email AS users_email, users.hashed_password AS users_hashed_password, users.role AS users_role, users.is_active AS users_is_active, users.created_at AS users_created_at 
E       FROM users 
E       WHERE users.username = ?
E        LIMIT ? OFFSET ?]
E       [parameters: ('admin_r', 1, 0)]
E       (Background on this error at: https://sqlalche.me/e/20/e3q8)

C:\Users\nsing\AppData\Local\Programs\Python\Python314\Lib\site-packages\sqlalchemy\engine\default.py:952: OperationalError
_________ ERROR at setup of TestRecords.test_invalid_amount_rejected __________

self = <sqlalchemy.engine.base.Connection object at 0x000001A5C33AB200>
dialect = <sqlalchemy.dialects.sqlite.pysqlite.SQLiteDialect_pysqlite object at 0x000001A5C2B72AD0>
context = <sqlalchemy.dialects.sqlite.base.SQLiteExecutionContext object at 0x000001A5C33E1E10>
statement = <sqlalchemy.dialects.sqlite.base.SQLiteCompiler object at 0x000001A5C3067450>
parameters = [('admin_r', 1, 0)]

    def _exec_single_context(
        self,
        dialect: Dialect,
        context: ExecutionContext,
        statement: Union[str, Compiled],
        parameters: Optional[_AnyMultiExecuteParams],
    ) -> CursorResult[Any]:
        """continue the _execute_context() method for a single DBAPI
        cursor.execute() or cursor.executemany() call.
    
        """
        if dialect.bind_typing is BindTyping.SETINPUTSIZES:
            generic_setinputsizes = context._prepare_set_input_sizes()
    
            if generic_setinputsizes:
                try:
                    dialect.do_set_input_sizes(
                        context.cursor, generic_setinputsizes, context
                    )
                except BaseException as e:
                    self._handle_dbapi_exception(
                        e, str(statement), parameters, None, context
                    )
    
        cursor, str_statement, parameters = (
            context.cursor,
            context.statement,
            context.parameters,
        )
    
        effective_parameters: Optional[_AnyExecuteParams]
    
        if not context.executemany:
            effective_parameters = parameters[0]
        else:
            effective_parameters = parameters
    
        if self._has_events or self.engine._has_events:
            for fn in self.dispatch.before_cursor_execute:
                str_statement, effective_parameters = fn(
                    self,
                    cursor,
                    str_statement,
                    effective_parameters,
                    context,
                    context.executemany,
                )
    
        if self._echo:
            self._log_info(str_statement)
    
            stats = context._get_cache_stats()
    
            if not self.engine.hide_parameters:
                self._log_info(
                    "[%s] %r",
                    stats,
                    sql_util._repr_params(
                        effective_parameters,
                        batches=10,
                        ismulti=context.executemany,
                    ),
                )
            else:
                self._log_info(
                    "[%s] [SQL parameters hidden due to hide_parameters=True]",
                    stats,
                )
    
        evt_handled: bool = False
        try:
            if context.execute_style is ExecuteStyle.EXECUTEMANY:
                effective_parameters = cast(
                    "_CoreMultiExecuteParams", effective_parameters
                )
                if self.dialect._has_events:
                    for fn in self.dialect.dispatch.do_executemany:
                        if fn(
                            cursor,
                            str_statement,
                            effective_parameters,
                            context,
                        ):
                            evt_handled = True
                            break
                if not evt_handled:
                    self.dialect.do_executemany(
                        cursor,
                        str_statement,
                        effective_parameters,
                        context,
                    )
            elif not effective_parameters and context.no_parameters:
                if self.dialect._has_events:
                    for fn in self.dialect.dispatch.do_execute_no_params:
                        if fn(cursor, str_statement, context):
                            evt_handled = True
                            break
                if not evt_handled:
                    self.dialect.do_execute_no_params(
                        cursor, str_statement, context
                    )
            else:
                effective_parameters = cast(
                    "_CoreSingleExecuteParams", effective_parameters
                )
                if self.dialect._has_events:
                    for fn in self.dialect.dispatch.do_execute:
                        if fn(
                            cursor,
                            str_statement,
                            effective_parameters,
                            context,
                        ):
                            evt_handled = True
                            break
                if not evt_handled:
>                   self.dialect.do_execute(
                        cursor, str_statement, effective_parameters, context
                    )

C:\Users\nsing\AppData\Local\Programs\Python\Python314\Lib\site-packages\sqlalchemy\engine\base.py:1967: 
_ _ _ _ _ _ _ _ _ _ _ _ _ _ _ _ _ _ _ _ _ _ _ _ _ _ _ _ _ _ _ _ _ _ _ _ _ _ _ _

self = <sqlalchemy.dialects.sqlite.pysqlite.SQLiteDialect_pysqlite object at 0x000001A5C2B72AD0>
cursor = <sqlite3.Cursor object at 0x000001A5C31CBE40>
statement = 'SELECT users.id AS users_id, users.username AS users_username, users.email AS users_email, users.hashed_password AS u...ve AS users_is_active, users.created_at AS users_created_at \nFROM users \nWHERE users.username = ?\n LIMIT ? OFFSET ?'
parameters = ('admin_r', 1, 0)
context = <sqlalchemy.dialects.sqlite.base.SQLiteExecutionContext object at 0x000001A5C33E1E10>

    def do_execute(self, cursor, statement, parameters, context=None):
>       cursor.execute(statement, parameters)
E       sqlite3.OperationalError: no such table: users

C:\Users\nsing\AppData\Local\Programs\Python\Python314\Lib\site-packages\sqlalchemy\engine\default.py:952: OperationalError

The above exception was the direct cause of the following exception:

self = <tests.test_api.TestRecords object at 0x000001A5C31A0270>

    def setup_method(self):
>       register("admin_r", role="admin")

tests\test_api.py:154: 
_ _ _ _ _ _ _ _ _ _ _ _ _ _ _ _ _ _ _ _ _ _ _ _ _ _ _ _ _ _ _ _ _ _ _ _ _ _ _ _
tests\test_api.py:49: in register
    return client.post("/auth/register", json={
C:\Users\nsing\AppData\Local\Programs\Python\Python314\Lib\site-packages\starlette\testclient.py:546: in post
    return super().post(
C:\Users\nsing\AppData\Local\Programs\Python\Python314\Lib\site-packages\httpx\_client.py:1144: in post
    return self.request(
C:\Users\nsing\AppData\Local\Programs\Python\Python314\Lib\site-packages\starlette\testclient.py:445: in request
    return super().request(
C:\Users\nsing\AppData\Local\Programs\Python\Python314\Lib\site-packages\httpx\_client.py:825: in request
    return self.send(request, auth=auth, follow_redirects=follow_redirects)
           ^^^^^^^^^^^^^^^^^^^^^^^^^^^^^^^^^^^^^^^^^^^^^^^^^^^^^^^^^^^^^^^^
C:\Users\nsing\AppData\Local\Programs\Python\Python314\Lib\site-packages\httpx\_client.py:914: in send
    response = self._send_handling_auth(
C:\Users\nsing\AppData\Local\Programs\Python\Python314\Lib\site-packages\httpx\_client.py:942: in _send_handling_auth
    response = self._send_handling_redirects(
C:\Users\nsing\AppData\Local\Programs\Python\Python314\Lib\site-packages\httpx\_client.py:979: in _send_handling_redirects
    response = self._send_single_request(request)
               ^^^^^^^^^^^^^^^^^^^^^^^^^^^^^^^^^^
C:\Users\nsing\AppData\Local\Programs\Python\Python314\Lib\site-packages\httpx\_client.py:1014: in _send_single_request
    response = transport.handle_request(request)
               ^^^^^^^^^^^^^^^^^^^^^^^^^^^^^^^^^
C:\Users\nsing\AppData\Local\Programs\Python\Python314\Lib\site-packages\starlette\testclient.py:348: in handle_request
    raise exc
C:\Users\nsing\AppData\Local\Programs\Python\Python314\Lib\site-packages\starlette\testclient.py:345: in handle_request
    portal.call(self.app, scope, receive, send)
C:\Users\nsing\AppData\Local\Programs\Python\Python314\Lib\site-packages\anyio\from_thread.py:334: in call
    return cast(T_Retval, self.start_task_soon(func, *args).result())
                          ^^^^^^^^^^^^^^^^^^^^^^^^^^^^^^^^^^^^^^^^^^
C:\Users\nsing\AppData\Local\Programs\Python\Python314\Lib\concurrent\futures\_base.py:450: in result
    return self.__get_result()
           ^^^^^^^^^^^^^^^^^^^
C:\Users\nsing\AppData\Local\Programs\Python\Python314\Lib\concurrent\futures\_base.py:395: in __get_result
    raise self._exception
C:\Users\nsing\AppData\Local\Programs\Python\Python314\Lib\site-packages\anyio\from_thread.py:259: in _call_func
    retval = await retval_or_awaitable
             ^^^^^^^^^^^^^^^^^^^^^^^^^
C:\Users\nsing\AppData\Local\Programs\Python\Python314\Lib\site-packages\fastapi\applications.py:1163: in __call__
    await super().__call__(scope, receive, send)
C:\Users\nsing\AppData\Local\Programs\Python\Python314\Lib\site-packages\starlette\applications.py:90: in __call__
    await self.middleware_stack(scope, receive, send)
C:\Users\nsing\AppData\Local\Programs\Python\Python314\Lib\site-packages\starlette\middleware\errors.py:186: in __call__
    raise exc
C:\Users\nsing\AppData\Local\Programs\Python\Python314\Lib\site-packages\starlette\middleware\errors.py:164: in __call__
    await self.app(scope, receive, _send)
C:\Users\nsing\AppData\Local\Programs\Python\Python314\Lib\site-packages\starlette\middleware\cors.py:88: in __call__
    await self.app(scope, receive, send)
C:\Users\nsing\AppData\Local\Programs\Python\Python314\Lib\site-packages\starlette\middleware\exceptions.py:63: in __call__
    await wrap_app_handling_exceptions(self.app, conn)(scope, receive, send)
C:\Users\nsing\AppData\Local\Programs\Python\Python314\Lib\site-packages\starlette\_exception_handler.py:53: in wrapped_app
    raise exc
C:\Users\nsing\AppData\Local\Programs\Python\Python314\Lib\site-packages\starlette\_exception_handler.py:42: in wrapped_app
    await app(scope, receive, sender)
C:\Users\nsing\AppData\Local\Programs\Python\Python314\Lib\site-packages\fastapi\middleware\asyncexitstack.py:18: in __call__
    await self.app(scope, receive, send)
C:\Users\nsing\AppData\Local\Programs\Python\Python314\Lib\site-packages\starlette\routing.py:660: in __call__
    await self.middleware_stack(scope, receive, send)
C:\Users\nsing\AppData\Local\Programs\Python\Python314\Lib\site-packages\starlette\routing.py:680: in app
    await route.handle(scope, receive, send)
C:\Users\nsing\AppData\Local\Programs\Python\Python314\Lib\site-packages\starlette\routing.py:276: in handle
    await self.app(scope, receive, send)
C:\Users\nsing\AppData\Local\Programs\Python\Python314\Lib\site-packages\fastapi\routing.py:134: in app
    await wrap_app_handling_exceptions(app, request)(scope, receive, send)
C:\Users\nsing\AppData\Local\Programs\Python\Python314\Lib\site-packages\starlette\_exception_handler.py:53: in wrapped_app
    raise exc
C:\Users\nsing\AppData\Local\Programs\Python\Python314\Lib\site-packages\starlette\_exception_handler.py:42: in wrapped_app
    await app(scope, receive, sender)
C:\Users\nsing\AppData\Local\Programs\Python\Python314\Lib\site-packages\fastapi\routing.py:120: in app
    response = await f(request)
               ^^^^^^^^^^^^^^^^
C:\Users\nsing\AppData\Local\Programs\Python\Python314\Lib\site-packages\fastapi\routing.py:674: in app
    raw_response = await run_endpoint_function(
C:\Users\nsing\AppData\Local\Programs\Python\Python314\Lib\site-packages\fastapi\routing.py:330: in run_endpoint_function
    return await run_in_threadpool(dependant.call, **values)
           ^^^^^^^^^^^^^^^^^^^^^^^^^^^^^^^^^^^^^^^^^^^^^^^^^
C:\Users\nsing\AppData\Local\Programs\Python\Python314\Lib\site-packages\starlette\concurrency.py:32: in run_in_threadpool
    return await anyio.to_thread.run_sync(func)
           ^^^^^^^^^^^^^^^^^^^^^^^^^^^^^^^^^^^^
C:\Users\nsing\AppData\Local\Programs\Python\Python314\Lib\site-packages\anyio\to_thread.py:63: in run_sync
    return await get_async_backend().run_sync_in_worker_thread(
C:\Users\nsing\AppData\Local\Programs\Python\Python314\Lib\site-packages\anyio\_backends\_asyncio.py:2518: in run_sync_in_worker_thread
    return await future
           ^^^^^^^^^^^^
C:\Users\nsing\AppData\Local\Programs\Python\Python314\Lib\site-packages\anyio\_backends\_asyncio.py:1002: in run
    result = context.run(func, *args)
             ^^^^^^^^^^^^^^^^^^^^^^^^
app\routers\auth.py:23: in register
    if db.query(User).filter(User.username == payload.username).first():
       ^^^^^^^^^^^^^^^^^^^^^^^^^^^^^^^^^^^^^^^^^^^^^^^^^^^^^^^^^^^^^^^^
C:\Users\nsing\AppData\Local\Programs\Python\Python314\Lib\site-packages\sqlalchemy\orm\query.py:2766: in first
    return self.limit(1)._iter().first()  # type: ignore
           ^^^^^^^^^^^^^^^^^^^^^
C:\Users\nsing\AppData\Local\Programs\Python\Python314\Lib\site-packages\sqlalchemy\orm\query.py:2864: in _iter
    result: Union[ScalarResult[_T], Result[_T]] = self.session.execute(
C:\Users\nsing\AppData\Local\Programs\Python\Python314\Lib\site-packages\sqlalchemy\orm\session.py:2351: in execute
    return self._execute_internal(
C:\Users\nsing\AppData\Local\Programs\Python\Python314\Lib\site-packages\sqlalchemy\orm\session.py:2249: in _execute_internal
    result: Result[Any] = compile_state_cls.orm_execute_statement(
C:\Users\nsing\AppData\Local\Programs\Python\Python314\Lib\site-packages\sqlalchemy\orm\context.py:306: in orm_execute_statement
    result = conn.execute(
C:\Users\nsing\AppData\Local\Programs\Python\Python314\Lib\site-packages\sqlalchemy\engine\base.py:1419: in execute
    return meth(
C:\Users\nsing\AppData\Local\Programs\Python\Python314\Lib\site-packages\sqlalchemy\sql\elements.py:527: in _execute_on_connection
    return connection._execute_clauseelement(
C:\Users\nsing\AppData\Local\Programs\Python\Python314\Lib\site-packages\sqlalchemy\engine\base.py:1641: in _execute_clauseelement
    ret = self._execute_context(
C:\Users\nsing\AppData\Local\Programs\Python\Python314\Lib\site-packages\sqlalchemy\engine\base.py:1846: in _execute_context
    return self._exec_single_context(
C:\Users\nsing\AppData\Local\Programs\Python\Python314\Lib\site-packages\sqlalchemy\engine\base.py:1986: in _exec_single_context
    self._handle_dbapi_exception(
C:\Users\nsing\AppData\Local\Programs\Python\Python314\Lib\site-packages\sqlalchemy\engine\base.py:2363: in _handle_dbapi_exception
    raise sqlalchemy_exception.with_traceback(exc_info[2]) from e
C:\Users\nsing\AppData\Local\Programs\Python\Python314\Lib\site-packages\sqlalchemy\engine\base.py:1967: in _exec_single_context
    self.dialect.do_execute(
_ _ _ _ _ _ _ _ _ _ _ _ _ _ _ _ _ _ _ _ _ _ _ _ _ _ _ _ _ _ _ _ _ _ _ _ _ _ _ _

self = <sqlalchemy.dialects.sqlite.pysqlite.SQLiteDialect_pysqlite object at 0x000001A5C2B72AD0>
cursor = <sqlite3.Cursor object at 0x000001A5C31CBE40>
statement = 'SELECT users.id AS users_id, users.username AS users_username, users.email AS users_email, users.hashed_password AS u...ve AS users_is_active, users.created_at AS users_created_at \nFROM users \nWHERE users.username = ?\n LIMIT ? OFFSET ?'
parameters = ('admin_r', 1, 0)
context = <sqlalchemy.dialects.sqlite.base.SQLiteExecutionContext object at 0x000001A5C33E1E10>

    def do_execute(self, cursor, statement, parameters, context=None):
>       cursor.execute(statement, parameters)
E       sqlalchemy.exc.OperationalError: (sqlite3.OperationalError) no such table: users
E       [SQL: SELECT users.id AS users_id, users.username AS users_username, users.email AS users_email, users.hashed_password AS users_hashed_password, users.role AS users_role, users.is_active AS users_is_active, users.created_at AS users_created_at 
E       FROM users 
E       WHERE users.username = ?
E        LIMIT ? OFFSET ?]
E       [parameters: ('admin_r', 1, 0)]
E       (Background on this error at: https://sqlalche.me/e/20/e3q8)

C:\Users\nsing\AppData\Local\Programs\Python\Python314\Lib\site-packages\sqlalchemy\engine\default.py:952: OperationalError
_____________ ERROR at setup of TestDashboard.test_summary_totals _____________

self = <sqlalchemy.engine.base.Connection object at 0x000001A5C33A9C70>
dialect = <sqlalchemy.dialects.sqlite.pysqlite.SQLiteDialect_pysqlite object at 0x000001A5C2B72AD0>
context = <sqlalchemy.dialects.sqlite.base.SQLiteExecutionContext object at 0x000001A5C33E2190>
statement = <sqlalchemy.dialects.sqlite.base.SQLiteCompiler object at 0x000001A5C3067450>
parameters = [('analyst_d', 1, 0)]

    def _exec_single_context(
        self,
        dialect: Dialect,
        context: ExecutionContext,
        statement: Union[str, Compiled],
        parameters: Optional[_AnyMultiExecuteParams],
    ) -> CursorResult[Any]:
        """continue the _execute_context() method for a single DBAPI
        cursor.execute() or cursor.executemany() call.
    
        """
        if dialect.bind_typing is BindTyping.SETINPUTSIZES:
            generic_setinputsizes = context._prepare_set_input_sizes()
    
            if generic_setinputsizes:
                try:
                    dialect.do_set_input_sizes(
                        context.cursor, generic_setinputsizes, context
                    )
                except BaseException as e:
                    self._handle_dbapi_exception(
                        e, str(statement), parameters, None, context
                    )
    
        cursor, str_statement, parameters = (
            context.cursor,
            context.statement,
            context.parameters,
        )
    
        effective_parameters: Optional[_AnyExecuteParams]
    
        if not context.executemany:
            effective_parameters = parameters[0]
        else:
            effective_parameters = parameters
    
        if self._has_events or self.engine._has_events:
            for fn in self.dispatch.before_cursor_execute:
                str_statement, effective_parameters = fn(
                    self,
                    cursor,
                    str_statement,
                    effective_parameters,
                    context,
                    context.executemany,
                )
    
        if self._echo:
            self._log_info(str_statement)
    
            stats = context._get_cache_stats()
    
            if not self.engine.hide_parameters:
                self._log_info(
                    "[%s] %r",
                    stats,
                    sql_util._repr_params(
                        effective_parameters,
                        batches=10,
                        ismulti=context.executemany,
                    ),
                )
            else:
                self._log_info(
                    "[%s] [SQL parameters hidden due to hide_parameters=True]",
                    stats,
                )
    
        evt_handled: bool = False
        try:
            if context.execute_style is ExecuteStyle.EXECUTEMANY:
                effective_parameters = cast(
                    "_CoreMultiExecuteParams", effective_parameters
                )
                if self.dialect._has_events:
                    for fn in self.dialect.dispatch.do_executemany:
                        if fn(
                            cursor,
                            str_statement,
                            effective_parameters,
                            context,
                        ):
                            evt_handled = True
                            break
                if not evt_handled:
                    self.dialect.do_executemany(
                        cursor,
                        str_statement,
                        effective_parameters,
                        context,
                    )
            elif not effective_parameters and context.no_parameters:
                if self.dialect._has_events:
                    for fn in self.dialect.dispatch.do_execute_no_params:
                        if fn(cursor, str_statement, context):
                            evt_handled = True
                            break
                if not evt_handled:
                    self.dialect.do_execute_no_params(
                        cursor, str_statement, context
                    )
            else:
                effective_parameters = cast(
                    "_CoreSingleExecuteParams", effective_parameters
                )
                if self.dialect._has_events:
                    for fn in self.dialect.dispatch.do_execute:
                        if fn(
                            cursor,
                            str_statement,
                            effective_parameters,
                            context,
                        ):
                            evt_handled = True
                            break
                if not evt_handled:
>                   self.dialect.do_execute(
                        cursor, str_statement, effective_parameters, context
                    )

C:\Users\nsing\AppData\Local\Programs\Python\Python314\Lib\site-packages\sqlalchemy\engine\base.py:1967: 
_ _ _ _ _ _ _ _ _ _ _ _ _ _ _ _ _ _ _ _ _ _ _ _ _ _ _ _ _ _ _ _ _ _ _ _ _ _ _ _

self = <sqlalchemy.dialects.sqlite.pysqlite.SQLiteDialect_pysqlite object at 0x000001A5C2B72AD0>
cursor = <sqlite3.Cursor object at 0x000001A5C3BA4540>
statement = 'SELECT users.id AS users_id, users.username AS users_username, users.email AS users_email, users.hashed_password AS u...ve AS users_is_active, users.created_at AS users_created_at \nFROM users \nWHERE users.username = ?\n LIMIT ? OFFSET ?'
parameters = ('analyst_d', 1, 0)
context = <sqlalchemy.dialects.sqlite.base.SQLiteExecutionContext object at 0x000001A5C33E2190>

    def do_execute(self, cursor, statement, parameters, context=None):
>       cursor.execute(statement, parameters)
E       sqlite3.OperationalError: no such table: users

C:\Users\nsing\AppData\Local\Programs\Python\Python314\Lib\site-packages\sqlalchemy\engine\default.py:952: OperationalError

The above exception was the direct cause of the following exception:

self = <tests.test_api.TestDashboard object at 0x000001A5C30C1E50>

    def setup_method(self):
>       register("analyst_d", role="analyst")

tests\test_api.py:226: 
_ _ _ _ _ _ _ _ _ _ _ _ _ _ _ _ _ _ _ _ _ _ _ _ _ _ _ _ _ _ _ _ _ _ _ _ _ _ _ _
tests\test_api.py:49: in register
    return client.post("/auth/register", json={
C:\Users\nsing\AppData\Local\Programs\Python\Python314\Lib\site-packages\starlette\testclient.py:546: in post
    return super().post(
C:\Users\nsing\AppData\Local\Programs\Python\Python314\Lib\site-packages\httpx\_client.py:1144: in post
    return self.request(
C:\Users\nsing\AppData\Local\Programs\Python\Python314\Lib\site-packages\starlette\testclient.py:445: in request
    return super().request(
C:\Users\nsing\AppData\Local\Programs\Python\Python314\Lib\site-packages\httpx\_client.py:825: in request
    return self.send(request, auth=auth, follow_redirects=follow_redirects)
           ^^^^^^^^^^^^^^^^^^^^^^^^^^^^^^^^^^^^^^^^^^^^^^^^^^^^^^^^^^^^^^^^
C:\Users\nsing\AppData\Local\Programs\Python\Python314\Lib\site-packages\httpx\_client.py:914: in send
    response = self._send_handling_auth(
C:\Users\nsing\AppData\Local\Programs\Python\Python314\Lib\site-packages\httpx\_client.py:942: in _send_handling_auth
    response = self._send_handling_redirects(
C:\Users\nsing\AppData\Local\Programs\Python\Python314\Lib\site-packages\httpx\_client.py:979: in _send_handling_redirects
    response = self._send_single_request(request)
               ^^^^^^^^^^^^^^^^^^^^^^^^^^^^^^^^^^
C:\Users\nsing\AppData\Local\Programs\Python\Python314\Lib\site-packages\httpx\_client.py:1014: in _send_single_request
    response = transport.handle_request(request)
               ^^^^^^^^^^^^^^^^^^^^^^^^^^^^^^^^^
C:\Users\nsing\AppData\Local\Programs\Python\Python314\Lib\site-packages\starlette\testclient.py:348: in handle_request
    raise exc
C:\Users\nsing\AppData\Local\Programs\Python\Python314\Lib\site-packages\starlette\testclient.py:345: in handle_request
    portal.call(self.app, scope, receive, send)
C:\Users\nsing\AppData\Local\Programs\Python\Python314\Lib\site-packages\anyio\from_thread.py:334: in call
    return cast(T_Retval, self.start_task_soon(func, *args).result())
                          ^^^^^^^^^^^^^^^^^^^^^^^^^^^^^^^^^^^^^^^^^^
C:\Users\nsing\AppData\Local\Programs\Python\Python314\Lib\concurrent\futures\_base.py:450: in result
    return self.__get_result()
           ^^^^^^^^^^^^^^^^^^^
C:\Users\nsing\AppData\Local\Programs\Python\Python314\Lib\concurrent\futures\_base.py:395: in __get_result
    raise self._exception
C:\Users\nsing\AppData\Local\Programs\Python\Python314\Lib\site-packages\anyio\from_thread.py:259: in _call_func
    retval = await retval_or_awaitable
             ^^^^^^^^^^^^^^^^^^^^^^^^^
C:\Users\nsing\AppData\Local\Programs\Python\Python314\Lib\site-packages\fastapi\applications.py:1163: in __call__
    await super().__call__(scope, receive, send)
C:\Users\nsing\AppData\Local\Programs\Python\Python314\Lib\site-packages\starlette\applications.py:90: in __call__
    await self.middleware_stack(scope, receive, send)
C:\Users\nsing\AppData\Local\Programs\Python\Python314\Lib\site-packages\starlette\middleware\errors.py:186: in __call__
    raise exc
C:\Users\nsing\AppData\Local\Programs\Python\Python314\Lib\site-packages\starlette\middleware\errors.py:164: in __call__
    await self.app(scope, receive, _send)
C:\Users\nsing\AppData\Local\Programs\Python\Python314\Lib\site-packages\starlette\middleware\cors.py:88: in __call__
    await self.app(scope, receive, send)
C:\Users\nsing\AppData\Local\Programs\Python\Python314\Lib\site-packages\starlette\middleware\exceptions.py:63: in __call__
    await wrap_app_handling_exceptions(self.app, conn)(scope, receive, send)
C:\Users\nsing\AppData\Local\Programs\Python\Python314\Lib\site-packages\starlette\_exception_handler.py:53: in wrapped_app
    raise exc
C:\Users\nsing\AppData\Local\Programs\Python\Python314\Lib\site-packages\starlette\_exception_handler.py:42: in wrapped_app
    await app(scope, receive, sender)
C:\Users\nsing\AppData\Local\Programs\Python\Python314\Lib\site-packages\fastapi\middleware\asyncexitstack.py:18: in __call__
    await self.app(scope, receive, send)
C:\Users\nsing\AppData\Local\Programs\Python\Python314\Lib\site-packages\starlette\routing.py:660: in __call__
    await self.middleware_stack(scope, receive, send)
C:\Users\nsing\AppData\Local\Programs\Python\Python314\Lib\site-packages\starlette\routing.py:680: in app
    await route.handle(scope, receive, send)
C:\Users\nsing\AppData\Local\Programs\Python\Python314\Lib\site-packages\starlette\routing.py:276: in handle
    await self.app(scope, receive, send)
C:\Users\nsing\AppData\Local\Programs\Python\Python314\Lib\site-packages\fastapi\routing.py:134: in app
    await wrap_app_handling_exceptions(app, request)(scope, receive, send)
C:\Users\nsing\AppData\Local\Programs\Python\Python314\Lib\site-packages\starlette\_exception_handler.py:53: in wrapped_app
    raise exc
C:\Users\nsing\AppData\Local\Programs\Python\Python314\Lib\site-packages\starlette\_exception_handler.py:42: in wrapped_app
    await app(scope, receive, sender)
C:\Users\nsing\AppData\Local\Programs\Python\Python314\Lib\site-packages\fastapi\routing.py:120: in app
    response = await f(request)
               ^^^^^^^^^^^^^^^^
C:\Users\nsing\AppData\Local\Programs\Python\Python314\Lib\site-packages\fastapi\routing.py:674: in app
    raw_response = await run_endpoint_function(
C:\Users\nsing\AppData\Local\Programs\Python\Python314\Lib\site-packages\fastapi\routing.py:330: in run_endpoint_function
    return await run_in_threadpool(dependant.call, **values)
           ^^^^^^^^^^^^^^^^^^^^^^^^^^^^^^^^^^^^^^^^^^^^^^^^^
C:\Users\nsing\AppData\Local\Programs\Python\Python314\Lib\site-packages\starlette\concurrency.py:32: in run_in_threadpool
    return await anyio.to_thread.run_sync(func)
           ^^^^^^^^^^^^^^^^^^^^^^^^^^^^^^^^^^^^
C:\Users\nsing\AppData\Local\Programs\Python\Python314\Lib\site-packages\anyio\to_thread.py:63: in run_sync
    return await get_async_backend().run_sync_in_worker_thread(
C:\Users\nsing\AppData\Local\Programs\Python\Python314\Lib\site-packages\anyio\_backends\_asyncio.py:2518: in run_sync_in_worker_thread
    return await future
           ^^^^^^^^^^^^
C:\Users\nsing\AppData\Local\Programs\Python\Python314\Lib\site-packages\anyio\_backends\_asyncio.py:1002: in run
    result = context.run(func, *args)
             ^^^^^^^^^^^^^^^^^^^^^^^^
app\routers\auth.py:23: in register
    if db.query(User).filter(User.username == payload.username).first():
       ^^^^^^^^^^^^^^^^^^^^^^^^^^^^^^^^^^^^^^^^^^^^^^^^^^^^^^^^^^^^^^^^
C:\Users\nsing\AppData\Local\Programs\Python\Python314\Lib\site-packages\sqlalchemy\orm\query.py:2766: in first
    return self.limit(1)._iter().first()  # type: ignore
           ^^^^^^^^^^^^^^^^^^^^^
C:\Users\nsing\AppData\Local\Programs\Python\Python314\Lib\site-packages\sqlalchemy\orm\query.py:2864: in _iter
    result: Union[ScalarResult[_T], Result[_T]] = self.session.execute(
C:\Users\nsing\AppData\Local\Programs\Python\Python314\Lib\site-packages\sqlalchemy\orm\session.py:2351: in execute
    return self._execute_internal(
C:\Users\nsing\AppData\Local\Programs\Python\Python314\Lib\site-packages\sqlalchemy\orm\session.py:2249: in _execute_internal
    result: Result[Any] = compile_state_cls.orm_execute_statement(
C:\Users\nsing\AppData\Local\Programs\Python\Python314\Lib\site-packages\sqlalchemy\orm\context.py:306: in orm_execute_statement
    result = conn.execute(
C:\Users\nsing\AppData\Local\Programs\Python\Python314\Lib\site-packages\sqlalchemy\engine\base.py:1419: in execute
    return meth(
C:\Users\nsing\AppData\Local\Programs\Python\Python314\Lib\site-packages\sqlalchemy\sql\elements.py:527: in _execute_on_connection
    return connection._execute_clauseelement(
C:\Users\nsing\AppData\Local\Programs\Python\Python314\Lib\site-packages\sqlalchemy\engine\base.py:1641: in _execute_clauseelement
    ret = self._execute_context(
C:\Users\nsing\AppData\Local\Programs\Python\Python314\Lib\site-packages\sqlalchemy\engine\base.py:1846: in _execute_context
    return self._exec_single_context(
C:\Users\nsing\AppData\Local\Programs\Python\Python314\Lib\site-packages\sqlalchemy\engine\base.py:1986: in _exec_single_context
    self._handle_dbapi_exception(
C:\Users\nsing\AppData\Local\Programs\Python\Python314\Lib\site-packages\sqlalchemy\engine\base.py:2363: in _handle_dbapi_exception
    raise sqlalchemy_exception.with_traceback(exc_info[2]) from e
C:\Users\nsing\AppData\Local\Programs\Python\Python314\Lib\site-packages\sqlalchemy\engine\base.py:1967: in _exec_single_context
    self.dialect.do_execute(
_ _ _ _ _ _ _ _ _ _ _ _ _ _ _ _ _ _ _ _ _ _ _ _ _ _ _ _ _ _ _ _ _ _ _ _ _ _ _ _

self = <sqlalchemy.dialects.sqlite.pysqlite.SQLiteDialect_pysqlite object at 0x000001A5C2B72AD0>
cursor = <sqlite3.Cursor object at 0x000001A5C3BA4540>
statement = 'SELECT users.id AS users_id, users.username AS users_username, users.email AS users_email, users.hashed_password AS u...ve AS users_is_active, users.created_at AS users_created_at \nFROM users \nWHERE users.username = ?\n LIMIT ? OFFSET ?'
parameters = ('analyst_d', 1, 0)
context = <sqlalchemy.dialects.sqlite.base.SQLiteExecutionContext object at 0x000001A5C33E2190>

    def do_execute(self, cursor, statement, parameters, context=None):
>       cursor.execute(statement, parameters)
E       sqlalchemy.exc.OperationalError: (sqlite3.OperationalError) no such table: users
E       [SQL: SELECT users.id AS users_id, users.username AS users_username, users.email AS users_email, users.hashed_password AS users_hashed_password, users.role AS users_role, users.is_active AS users_is_active, users.created_at AS users_created_at 
E       FROM users 
E       WHERE users.username = ?
E        LIMIT ? OFFSET ?]
E       [parameters: ('analyst_d', 1, 0)]
E       (Background on this error at: https://sqlalche.me/e/20/e3q8)

C:\Users\nsing\AppData\Local\Programs\Python\Python314\Lib\site-packages\sqlalchemy\engine\default.py:952: OperationalError
_______ ERROR at setup of TestDashboard.test_summary_category_breakdown _______

self = <sqlalchemy.engine.base.Connection object at 0x000001A5C45C46E0>
dialect = <sqlalchemy.dialects.sqlite.pysqlite.SQLiteDialect_pysqlite object at 0x000001A5C2B72AD0>
context = <sqlalchemy.dialects.sqlite.base.SQLiteExecutionContext object at 0x000001A5C33CADD0>
statement = <sqlalchemy.dialects.sqlite.base.SQLiteCompiler object at 0x000001A5C3067450>
parameters = [('analyst_d', 1, 0)]

    def _exec_single_context(
        self,
        dialect: Dialect,
        context: ExecutionContext,
        statement: Union[str, Compiled],
        parameters: Optional[_AnyMultiExecuteParams],
    ) -> CursorResult[Any]:
        """continue the _execute_context() method for a single DBAPI
        cursor.execute() or cursor.executemany() call.
    
        """
        if dialect.bind_typing is BindTyping.SETINPUTSIZES:
            generic_setinputsizes = context._prepare_set_input_sizes()
    
            if generic_setinputsizes:
                try:
                    dialect.do_set_input_sizes(
                        context.cursor, generic_setinputsizes, context
                    )
                except BaseException as e:
                    self._handle_dbapi_exception(
                        e, str(statement), parameters, None, context
                    )
    
        cursor, str_statement, parameters = (
            context.cursor,
            context.statement,
            context.parameters,
        )
    
        effective_parameters: Optional[_AnyExecuteParams]
    
        if not context.executemany:
            effective_parameters = parameters[0]
        else:
            effective_parameters = parameters
    
        if self._has_events or self.engine._has_events:
            for fn in self.dispatch.before_cursor_execute:
                str_statement, effective_parameters = fn(
                    self,
                    cursor,
                    str_statement,
                    effective_parameters,
                    context,
                    context.executemany,
                )
    
        if self._echo:
            self._log_info(str_statement)
    
            stats = context._get_cache_stats()
    
            if not self.engine.hide_parameters:
                self._log_info(
                    "[%s] %r",
                    stats,
                    sql_util._repr_params(
                        effective_parameters,
                        batches=10,
                        ismulti=context.executemany,
                    ),
                )
            else:
                self._log_info(
                    "[%s] [SQL parameters hidden due to hide_parameters=True]",
                    stats,
                )
    
        evt_handled: bool = False
        try:
            if context.execute_style is ExecuteStyle.EXECUTEMANY:
                effective_parameters = cast(
                    "_CoreMultiExecuteParams", effective_parameters
                )
                if self.dialect._has_events:
                    for fn in self.dialect.dispatch.do_executemany:
                        if fn(
                            cursor,
                            str_statement,
                            effective_parameters,
                            context,
                        ):
                            evt_handled = True
                            break
                if not evt_handled:
                    self.dialect.do_executemany(
                        cursor,
                        str_statement,
                        effective_parameters,
                        context,
                    )
            elif not effective_parameters and context.no_parameters:
                if self.dialect._has_events:
                    for fn in self.dialect.dispatch.do_execute_no_params:
                        if fn(cursor, str_statement, context):
                            evt_handled = True
                            break
                if not evt_handled:
                    self.dialect.do_execute_no_params(
                        cursor, str_statement, context
                    )
            else:
                effective_parameters = cast(
                    "_CoreSingleExecuteParams", effective_parameters
                )
                if self.dialect._has_events:
                    for fn in self.dialect.dispatch.do_execute:
                        if fn(
                            cursor,
                            str_statement,
                            effective_parameters,
                            context,
                        ):
                            evt_handled = True
                            break
                if not evt_handled:
>                   self.dialect.do_execute(
                        cursor, str_statement, effective_parameters, context
                    )

C:\Users\nsing\AppData\Local\Programs\Python\Python314\Lib\site-packages\sqlalchemy\engine\base.py:1967: 
_ _ _ _ _ _ _ _ _ _ _ _ _ _ _ _ _ _ _ _ _ _ _ _ _ _ _ _ _ _ _ _ _ _ _ _ _ _ _ _

self = <sqlalchemy.dialects.sqlite.pysqlite.SQLiteDialect_pysqlite object at 0x000001A5C2B72AD0>
cursor = <sqlite3.Cursor object at 0x000001A5C4816840>
statement = 'SELECT users.id AS users_id, users.username AS users_username, users.email AS users_email, users.hashed_password AS u...ve AS users_is_active, users.created_at AS users_created_at \nFROM users \nWHERE users.username = ?\n LIMIT ? OFFSET ?'
parameters = ('analyst_d', 1, 0)
context = <sqlalchemy.dialects.sqlite.base.SQLiteExecutionContext object at 0x000001A5C33CADD0>

    def do_execute(self, cursor, statement, parameters, context=None):
>       cursor.execute(statement, parameters)
E       sqlite3.OperationalError: no such table: users

C:\Users\nsing\AppData\Local\Programs\Python\Python314\Lib\site-packages\sqlalchemy\engine\default.py:952: OperationalError

The above exception was the direct cause of the following exception:

self = <tests.test_api.TestDashboard object at 0x000001A5C30C1F90>

    def setup_method(self):
>       register("analyst_d", role="analyst")

tests\test_api.py:226: 
_ _ _ _ _ _ _ _ _ _ _ _ _ _ _ _ _ _ _ _ _ _ _ _ _ _ _ _ _ _ _ _ _ _ _ _ _ _ _ _
tests\test_api.py:49: in register
    return client.post("/auth/register", json={
C:\Users\nsing\AppData\Local\Programs\Python\Python314\Lib\site-packages\starlette\testclient.py:546: in post
    return super().post(
C:\Users\nsing\AppData\Local\Programs\Python\Python314\Lib\site-packages\httpx\_client.py:1144: in post
    return self.request(
C:\Users\nsing\AppData\Local\Programs\Python\Python314\Lib\site-packages\starlette\testclient.py:445: in request
    return super().request(
C:\Users\nsing\AppData\Local\Programs\Python\Python314\Lib\site-packages\httpx\_client.py:825: in request
    return self.send(request, auth=auth, follow_redirects=follow_redirects)
           ^^^^^^^^^^^^^^^^^^^^^^^^^^^^^^^^^^^^^^^^^^^^^^^^^^^^^^^^^^^^^^^^
C:\Users\nsing\AppData\Local\Programs\Python\Python314\Lib\site-packages\httpx\_client.py:914: in send
    response = self._send_handling_auth(
C:\Users\nsing\AppData\Local\Programs\Python\Python314\Lib\site-packages\httpx\_client.py:942: in _send_handling_auth
    response = self._send_handling_redirects(
C:\Users\nsing\AppData\Local\Programs\Python\Python314\Lib\site-packages\httpx\_client.py:979: in _send_handling_redirects
    response = self._send_single_request(request)
               ^^^^^^^^^^^^^^^^^^^^^^^^^^^^^^^^^^
C:\Users\nsing\AppData\Local\Programs\Python\Python314\Lib\site-packages\httpx\_client.py:1014: in _send_single_request
    response = transport.handle_request(request)
               ^^^^^^^^^^^^^^^^^^^^^^^^^^^^^^^^^
C:\Users\nsing\AppData\Local\Programs\Python\Python314\Lib\site-packages\starlette\testclient.py:348: in handle_request
    raise exc
C:\Users\nsing\AppData\Local\Programs\Python\Python314\Lib\site-packages\starlette\testclient.py:345: in handle_request
    portal.call(self.app, scope, receive, send)
C:\Users\nsing\AppData\Local\Programs\Python\Python314\Lib\site-packages\anyio\from_thread.py:334: in call
    return cast(T_Retval, self.start_task_soon(func, *args).result())
                          ^^^^^^^^^^^^^^^^^^^^^^^^^^^^^^^^^^^^^^^^^^
C:\Users\nsing\AppData\Local\Programs\Python\Python314\Lib\concurrent\futures\_base.py:450: in result
    return self.__get_result()
           ^^^^^^^^^^^^^^^^^^^
C:\Users\nsing\AppData\Local\Programs\Python\Python314\Lib\concurrent\futures\_base.py:395: in __get_result
    raise self._exception
C:\Users\nsing\AppData\Local\Programs\Python\Python314\Lib\site-packages\anyio\from_thread.py:259: in _call_func
    retval = await retval_or_awaitable
             ^^^^^^^^^^^^^^^^^^^^^^^^^
C:\Users\nsing\AppData\Local\Programs\Python\Python314\Lib\site-packages\fastapi\applications.py:1163: in __call__
    await super().__call__(scope, receive, send)
C:\Users\nsing\AppData\Local\Programs\Python\Python314\Lib\site-packages\starlette\applications.py:90: in __call__
    await self.middleware_stack(scope, receive, send)
C:\Users\nsing\AppData\Local\Programs\Python\Python314\Lib\site-packages\starlette\middleware\errors.py:186: in __call__
    raise exc
C:\Users\nsing\AppData\Local\Programs\Python\Python314\Lib\site-packages\starlette\middleware\errors.py:164: in __call__
    await self.app(scope, receive, _send)
C:\Users\nsing\AppData\Local\Programs\Python\Python314\Lib\site-packages\starlette\middleware\cors.py:88: in __call__
    await self.app(scope, receive, send)
C:\Users\nsing\AppData\Local\Programs\Python\Python314\Lib\site-packages\starlette\middleware\exceptions.py:63: in __call__
    await wrap_app_handling_exceptions(self.app, conn)(scope, receive, send)
C:\Users\nsing\AppData\Local\Programs\Python\Python314\Lib\site-packages\starlette\_exception_handler.py:53: in wrapped_app
    raise exc
C:\Users\nsing\AppData\Local\Programs\Python\Python314\Lib\site-packages\starlette\_exception_handler.py:42: in wrapped_app
    await app(scope, receive, sender)
C:\Users\nsing\AppData\Local\Programs\Python\Python314\Lib\site-packages\fastapi\middleware\asyncexitstack.py:18: in __call__
    await self.app(scope, receive, send)
C:\Users\nsing\AppData\Local\Programs\Python\Python314\Lib\site-packages\starlette\routing.py:660: in __call__
    await self.middleware_stack(scope, receive, send)
C:\Users\nsing\AppData\Local\Programs\Python\Python314\Lib\site-packages\starlette\routing.py:680: in app
    await route.handle(scope, receive, send)
C:\Users\nsing\AppData\Local\Programs\Python\Python314\Lib\site-packages\starlette\routing.py:276: in handle
    await self.app(scope, receive, send)
C:\Users\nsing\AppData\Local\Programs\Python\Python314\Lib\site-packages\fastapi\routing.py:134: in app
    await wrap_app_handling_exceptions(app, request)(scope, receive, send)
C:\Users\nsing\AppData\Local\Programs\Python\Python314\Lib\site-packages\starlette\_exception_handler.py:53: in wrapped_app
    raise exc
C:\Users\nsing\AppData\Local\Programs\Python\Python314\Lib\site-packages\starlette\_exception_handler.py:42: in wrapped_app
    await app(scope, receive, sender)
C:\Users\nsing\AppData\Local\Programs\Python\Python314\Lib\site-packages\fastapi\routing.py:120: in app
    response = await f(request)
               ^^^^^^^^^^^^^^^^
C:\Users\nsing\AppData\Local\Programs\Python\Python314\Lib\site-packages\fastapi\routing.py:674: in app
    raw_response = await run_endpoint_function(
C:\Users\nsing\AppData\Local\Programs\Python\Python314\Lib\site-packages\fastapi\routing.py:330: in run_endpoint_function
    return await run_in_threadpool(dependant.call, **values)
           ^^^^^^^^^^^^^^^^^^^^^^^^^^^^^^^^^^^^^^^^^^^^^^^^^
C:\Users\nsing\AppData\Local\Programs\Python\Python314\Lib\site-packages\starlette\concurrency.py:32: in run_in_threadpool
    return await anyio.to_thread.run_sync(func)
           ^^^^^^^^^^^^^^^^^^^^^^^^^^^^^^^^^^^^
C:\Users\nsing\AppData\Local\Programs\Python\Python314\Lib\site-packages\anyio\to_thread.py:63: in run_sync
    return await get_async_backend().run_sync_in_worker_thread(
C:\Users\nsing\AppData\Local\Programs\Python\Python314\Lib\site-packages\anyio\_backends\_asyncio.py:2518: in run_sync_in_worker_thread
    return await future
           ^^^^^^^^^^^^
C:\Users\nsing\AppData\Local\Programs\Python\Python314\Lib\site-packages\anyio\_backends\_asyncio.py:1002: in run
    result = context.run(func, *args)
             ^^^^^^^^^^^^^^^^^^^^^^^^
app\routers\auth.py:23: in register
    if db.query(User).filter(User.username == payload.username).first():
       ^^^^^^^^^^^^^^^^^^^^^^^^^^^^^^^^^^^^^^^^^^^^^^^^^^^^^^^^^^^^^^^^
C:\Users\nsing\AppData\Local\Programs\Python\Python314\Lib\site-packages\sqlalchemy\orm\query.py:2766: in first
    return self.limit(1)._iter().first()  # type: ignore
           ^^^^^^^^^^^^^^^^^^^^^
C:\Users\nsing\AppData\Local\Programs\Python\Python314\Lib\site-packages\sqlalchemy\orm\query.py:2864: in _iter
    result: Union[ScalarResult[_T], Result[_T]] = self.session.execute(
C:\Users\nsing\AppData\Local\Programs\Python\Python314\Lib\site-packages\sqlalchemy\orm\session.py:2351: in execute
    return self._execute_internal(
C:\Users\nsing\AppData\Local\Programs\Python\Python314\Lib\site-packages\sqlalchemy\orm\session.py:2249: in _execute_internal
    result: Result[Any] = compile_state_cls.orm_execute_statement(
C:\Users\nsing\AppData\Local\Programs\Python\Python314\Lib\site-packages\sqlalchemy\orm\context.py:306: in orm_execute_statement
    result = conn.execute(
C:\Users\nsing\AppData\Local\Programs\Python\Python314\Lib\site-packages\sqlalchemy\engine\base.py:1419: in execute
    return meth(
C:\Users\nsing\AppData\Local\Programs\Python\Python314\Lib\site-packages\sqlalchemy\sql\elements.py:527: in _execute_on_connection
    return connection._execute_clauseelement(
C:\Users\nsing\AppData\Local\Programs\Python\Python314\Lib\site-packages\sqlalchemy\engine\base.py:1641: in _execute_clauseelement
    ret = self._execute_context(
C:\Users\nsing\AppData\Local\Programs\Python\Python314\Lib\site-packages\sqlalchemy\engine\base.py:1846: in _execute_context
    return self._exec_single_context(
C:\Users\nsing\AppData\Local\Programs\Python\Python314\Lib\site-packages\sqlalchemy\engine\base.py:1986: in _exec_single_context
    self._handle_dbapi_exception(
C:\Users\nsing\AppData\Local\Programs\Python\Python314\Lib\site-packages\sqlalchemy\engine\base.py:2363: in _handle_dbapi_exception
    raise sqlalchemy_exception.with_traceback(exc_info[2]) from e
C:\Users\nsing\AppData\Local\Programs\Python\Python314\Lib\site-packages\sqlalchemy\engine\base.py:1967: in _exec_single_context
    self.dialect.do_execute(
_ _ _ _ _ _ _ _ _ _ _ _ _ _ _ _ _ _ _ _ _ _ _ _ _ _ _ _ _ _ _ _ _ _ _ _ _ _ _ _

self = <sqlalchemy.dialects.sqlite.pysqlite.SQLiteDialect_pysqlite object at 0x000001A5C2B72AD0>
cursor = <sqlite3.Cursor object at 0x000001A5C4816840>
statement = 'SELECT users.id AS users_id, users.username AS users_username, users.email AS users_email, users.hashed_password AS u...ve AS users_is_active, users.created_at AS users_created_at \nFROM users \nWHERE users.username = ?\n LIMIT ? OFFSET ?'
parameters = ('analyst_d', 1, 0)
context = <sqlalchemy.dialects.sqlite.base.SQLiteExecutionContext object at 0x000001A5C33CADD0>

    def do_execute(self, cursor, statement, parameters, context=None):
>       cursor.execute(statement, parameters)
E       sqlalchemy.exc.OperationalError: (sqlite3.OperationalError) no such table: users
E       [SQL: SELECT users.id AS users_id, users.username AS users_username, users.email AS users_email, users.hashed_password AS users_hashed_password, users.role AS users_role, users.is_active AS users_is_active, users.created_at AS users_created_at 
E       FROM users 
E       WHERE users.username = ?
E        LIMIT ? OFFSET ?]
E       [parameters: ('analyst_d', 1, 0)]
E       (Background on this error at: https://sqlalche.me/e/20/e3q8)

C:\Users\nsing\AppData\Local\Programs\Python\Python314\Lib\site-packages\sqlalchemy\engine\default.py:952: OperationalError
_____________ ERROR at setup of TestDashboard.test_monthly_trends _____________

self = <sqlalchemy.engine.base.Connection object at 0x000001A5C33AC8C0>
dialect = <sqlalchemy.dialects.sqlite.pysqlite.SQLiteDialect_pysqlite object at 0x000001A5C2B72AD0>
context = <sqlalchemy.dialects.sqlite.base.SQLiteExecutionContext object at 0x000001A5C3D6FCB0>
statement = <sqlalchemy.dialects.sqlite.base.SQLiteCompiler object at 0x000001A5C3067450>
parameters = [('analyst_d', 1, 0)]

    def _exec_single_context(
        self,
        dialect: Dialect,
        context: ExecutionContext,
        statement: Union[str, Compiled],
        parameters: Optional[_AnyMultiExecuteParams],
    ) -> CursorResult[Any]:
        """continue the _execute_context() method for a single DBAPI
        cursor.execute() or cursor.executemany() call.
    
        """
        if dialect.bind_typing is BindTyping.SETINPUTSIZES:
            generic_setinputsizes = context._prepare_set_input_sizes()
    
            if generic_setinputsizes:
                try:
                    dialect.do_set_input_sizes(
                        context.cursor, generic_setinputsizes, context
                    )
                except BaseException as e:
                    self._handle_dbapi_exception(
                        e, str(statement), parameters, None, context
                    )
    
        cursor, str_statement, parameters = (
            context.cursor,
            context.statement,
            context.parameters,
        )
    
        effective_parameters: Optional[_AnyExecuteParams]
    
        if not context.executemany:
            effective_parameters = parameters[0]
        else:
            effective_parameters = parameters
    
        if self._has_events or self.engine._has_events:
            for fn in self.dispatch.before_cursor_execute:
                str_statement, effective_parameters = fn(
                    self,
                    cursor,
                    str_statement,
                    effective_parameters,
                    context,
                    context.executemany,
                )
    
        if self._echo:
            self._log_info(str_statement)
    
            stats = context._get_cache_stats()
    
            if not self.engine.hide_parameters:
                self._log_info(
                    "[%s] %r",
                    stats,
                    sql_util._repr_params(
                        effective_parameters,
                        batches=10,
                        ismulti=context.executemany,
                    ),
                )
            else:
                self._log_info(
                    "[%s] [SQL parameters hidden due to hide_parameters=True]",
                    stats,
                )
    
        evt_handled: bool = False
        try:
            if context.execute_style is ExecuteStyle.EXECUTEMANY:
                effective_parameters = cast(
                    "_CoreMultiExecuteParams", effective_parameters
                )
                if self.dialect._has_events:
                    for fn in self.dialect.dispatch.do_executemany:
                        if fn(
                            cursor,
                            str_statement,
                            effective_parameters,
                            context,
                        ):
                            evt_handled = True
                            break
                if not evt_handled:
                    self.dialect.do_executemany(
                        cursor,
                        str_statement,
                        effective_parameters,
                        context,
                    )
            elif not effective_parameters and context.no_parameters:
                if self.dialect._has_events:
                    for fn in self.dialect.dispatch.do_execute_no_params:
                        if fn(cursor, str_statement, context):
                            evt_handled = True
                            break
                if not evt_handled:
                    self.dialect.do_execute_no_params(
                        cursor, str_statement, context
                    )
            else:
                effective_parameters = cast(
                    "_CoreSingleExecuteParams", effective_parameters
                )
                if self.dialect._has_events:
                    for fn in self.dialect.dispatch.do_execute:
                        if fn(
                            cursor,
                            str_statement,
                            effective_parameters,
                            context,
                        ):
                            evt_handled = True
                            break
                if not evt_handled:
>                   self.dialect.do_execute(
                        cursor, str_statement, effective_parameters, context
                    )

C:\Users\nsing\AppData\Local\Programs\Python\Python314\Lib\site-packages\sqlalchemy\engine\base.py:1967: 
_ _ _ _ _ _ _ _ _ _ _ _ _ _ _ _ _ _ _ _ _ _ _ _ _ _ _ _ _ _ _ _ _ _ _ _ _ _ _ _

self = <sqlalchemy.dialects.sqlite.pysqlite.SQLiteDialect_pysqlite object at 0x000001A5C2B72AD0>
cursor = <sqlite3.Cursor object at 0x000001A5C00DEFC0>
statement = 'SELECT users.id AS users_id, users.username AS users_username, users.email AS users_email, users.hashed_password AS u...ve AS users_is_active, users.created_at AS users_created_at \nFROM users \nWHERE users.username = ?\n LIMIT ? OFFSET ?'
parameters = ('analyst_d', 1, 0)
context = <sqlalchemy.dialects.sqlite.base.SQLiteExecutionContext object at 0x000001A5C3D6FCB0>

    def do_execute(self, cursor, statement, parameters, context=None):
>       cursor.execute(statement, parameters)
E       sqlite3.OperationalError: no such table: users

C:\Users\nsing\AppData\Local\Programs\Python\Python314\Lib\site-packages\sqlalchemy\engine\default.py:952: OperationalError

The above exception was the direct cause of the following exception:

self = <tests.test_api.TestDashboard object at 0x000001A5C31676F0>

    def setup_method(self):
>       register("analyst_d", role="analyst")

tests\test_api.py:226: 
_ _ _ _ _ _ _ _ _ _ _ _ _ _ _ _ _ _ _ _ _ _ _ _ _ _ _ _ _ _ _ _ _ _ _ _ _ _ _ _
tests\test_api.py:49: in register
    return client.post("/auth/register", json={
C:\Users\nsing\AppData\Local\Programs\Python\Python314\Lib\site-packages\starlette\testclient.py:546: in post
    return super().post(
C:\Users\nsing\AppData\Local\Programs\Python\Python314\Lib\site-packages\httpx\_client.py:1144: in post
    return self.request(
C:\Users\nsing\AppData\Local\Programs\Python\Python314\Lib\site-packages\starlette\testclient.py:445: in request
    return super().request(
C:\Users\nsing\AppData\Local\Programs\Python\Python314\Lib\site-packages\httpx\_client.py:825: in request
    return self.send(request, auth=auth, follow_redirects=follow_redirects)
           ^^^^^^^^^^^^^^^^^^^^^^^^^^^^^^^^^^^^^^^^^^^^^^^^^^^^^^^^^^^^^^^^
C:\Users\nsing\AppData\Local\Programs\Python\Python314\Lib\site-packages\httpx\_client.py:914: in send
    response = self._send_handling_auth(
C:\Users\nsing\AppData\Local\Programs\Python\Python314\Lib\site-packages\httpx\_client.py:942: in _send_handling_auth
    response = self._send_handling_redirects(
C:\Users\nsing\AppData\Local\Programs\Python\Python314\Lib\site-packages\httpx\_client.py:979: in _send_handling_redirects
    response = self._send_single_request(request)
               ^^^^^^^^^^^^^^^^^^^^^^^^^^^^^^^^^^
C:\Users\nsing\AppData\Local\Programs\Python\Python314\Lib\site-packages\httpx\_client.py:1014: in _send_single_request
    response = transport.handle_request(request)
               ^^^^^^^^^^^^^^^^^^^^^^^^^^^^^^^^^
C:\Users\nsing\AppData\Local\Programs\Python\Python314\Lib\site-packages\starlette\testclient.py:348: in handle_request
    raise exc
C:\Users\nsing\AppData\Local\Programs\Python\Python314\Lib\site-packages\starlette\testclient.py:345: in handle_request
    portal.call(self.app, scope, receive, send)
C:\Users\nsing\AppData\Local\Programs\Python\Python314\Lib\site-packages\anyio\from_thread.py:334: in call
    return cast(T_Retval, self.start_task_soon(func, *args).result())
                          ^^^^^^^^^^^^^^^^^^^^^^^^^^^^^^^^^^^^^^^^^^
C:\Users\nsing\AppData\Local\Programs\Python\Python314\Lib\concurrent\futures\_base.py:450: in result
    return self.__get_result()
           ^^^^^^^^^^^^^^^^^^^
C:\Users\nsing\AppData\Local\Programs\Python\Python314\Lib\concurrent\futures\_base.py:395: in __get_result
    raise self._exception
C:\Users\nsing\AppData\Local\Programs\Python\Python314\Lib\site-packages\anyio\from_thread.py:259: in _call_func
    retval = await retval_or_awaitable
             ^^^^^^^^^^^^^^^^^^^^^^^^^
C:\Users\nsing\AppData\Local\Programs\Python\Python314\Lib\site-packages\fastapi\applications.py:1163: in __call__
    await super().__call__(scope, receive, send)
C:\Users\nsing\AppData\Local\Programs\Python\Python314\Lib\site-packages\starlette\applications.py:90: in __call__
    await self.middleware_stack(scope, receive, send)
C:\Users\nsing\AppData\Local\Programs\Python\Python314\Lib\site-packages\starlette\middleware\errors.py:186: in __call__
    raise exc
C:\Users\nsing\AppData\Local\Programs\Python\Python314\Lib\site-packages\starlette\middleware\errors.py:164: in __call__
    await self.app(scope, receive, _send)
C:\Users\nsing\AppData\Local\Programs\Python\Python314\Lib\site-packages\starlette\middleware\cors.py:88: in __call__
    await self.app(scope, receive, send)
C:\Users\nsing\AppData\Local\Programs\Python\Python314\Lib\site-packages\starlette\middleware\exceptions.py:63: in __call__
    await wrap_app_handling_exceptions(self.app, conn)(scope, receive, send)
C:\Users\nsing\AppData\Local\Programs\Python\Python314\Lib\site-packages\starlette\_exception_handler.py:53: in wrapped_app
    raise exc
C:\Users\nsing\AppData\Local\Programs\Python\Python314\Lib\site-packages\starlette\_exception_handler.py:42: in wrapped_app
    await app(scope, receive, sender)
C:\Users\nsing\AppData\Local\Programs\Python\Python314\Lib\site-packages\fastapi\middleware\asyncexitstack.py:18: in __call__
    await self.app(scope, receive, send)
C:\Users\nsing\AppData\Local\Programs\Python\Python314\Lib\site-packages\starlette\routing.py:660: in __call__
    await self.middleware_stack(scope, receive, send)
C:\Users\nsing\AppData\Local\Programs\Python\Python314\Lib\site-packages\starlette\routing.py:680: in app
    await route.handle(scope, receive, send)
C:\Users\nsing\AppData\Local\Programs\Python\Python314\Lib\site-packages\starlette\routing.py:276: in handle
    await self.app(scope, receive, send)
C:\Users\nsing\AppData\Local\Programs\Python\Python314\Lib\site-packages\fastapi\routing.py:134: in app
    await wrap_app_handling_exceptions(app, request)(scope, receive, send)
C:\Users\nsing\AppData\Local\Programs\Python\Python314\Lib\site-packages\starlette\_exception_handler.py:53: in wrapped_app
    raise exc
C:\Users\nsing\AppData\Local\Programs\Python\Python314\Lib\site-packages\starlette\_exception_handler.py:42: in wrapped_app
    await app(scope, receive, sender)
C:\Users\nsing\AppData\Local\Programs\Python\Python314\Lib\site-packages\fastapi\routing.py:120: in app
    response = await f(request)
               ^^^^^^^^^^^^^^^^
C:\Users\nsing\AppData\Local\Programs\Python\Python314\Lib\site-packages\fastapi\routing.py:674: in app
    raw_response = await run_endpoint_function(
C:\Users\nsing\AppData\Local\Programs\Python\Python314\Lib\site-packages\fastapi\routing.py:330: in run_endpoint_function
    return await run_in_threadpool(dependant.call, **values)
           ^^^^^^^^^^^^^^^^^^^^^^^^^^^^^^^^^^^^^^^^^^^^^^^^^
C:\Users\nsing\AppData\Local\Programs\Python\Python314\Lib\site-packages\starlette\concurrency.py:32: in run_in_threadpool
    return await anyio.to_thread.run_sync(func)
           ^^^^^^^^^^^^^^^^^^^^^^^^^^^^^^^^^^^^
C:\Users\nsing\AppData\Local\Programs\Python\Python314\Lib\site-packages\anyio\to_thread.py:63: in run_sync
    return await get_async_backend().run_sync_in_worker_thread(
C:\Users\nsing\AppData\Local\Programs\Python\Python314\Lib\site-packages\anyio\_backends\_asyncio.py:2518: in run_sync_in_worker_thread
    return await future
           ^^^^^^^^^^^^
C:\Users\nsing\AppData\Local\Programs\Python\Python314\Lib\site-packages\anyio\_backends\_asyncio.py:1002: in run
    result = context.run(func, *args)
             ^^^^^^^^^^^^^^^^^^^^^^^^
app\routers\auth.py:23: in register
    if db.query(User).filter(User.username == payload.username).first():
       ^^^^^^^^^^^^^^^^^^^^^^^^^^^^^^^^^^^^^^^^^^^^^^^^^^^^^^^^^^^^^^^^
C:\Users\nsing\AppData\Local\Programs\Python\Python314\Lib\site-packages\sqlalchemy\orm\query.py:2766: in first
    return self.limit(1)._iter().first()  # type: ignore
           ^^^^^^^^^^^^^^^^^^^^^
C:\Users\nsing\AppData\Local\Programs\Python\Python314\Lib\site-packages\sqlalchemy\orm\query.py:2864: in _iter
    result: Union[ScalarResult[_T], Result[_T]] = self.session.execute(
C:\Users\nsing\AppData\Local\Programs\Python\Python314\Lib\site-packages\sqlalchemy\orm\session.py:2351: in execute
    return self._execute_internal(
C:\Users\nsing\AppData\Local\Programs\Python\Python314\Lib\site-packages\sqlalchemy\orm\session.py:2249: in _execute_internal
    result: Result[Any] = compile_state_cls.orm_execute_statement(
C:\Users\nsing\AppData\Local\Programs\Python\Python314\Lib\site-packages\sqlalchemy\orm\context.py:306: in orm_execute_statement
    result = conn.execute(
C:\Users\nsing\AppData\Local\Programs\Python\Python314\Lib\site-packages\sqlalchemy\engine\base.py:1419: in execute
    return meth(
C:\Users\nsing\AppData\Local\Programs\Python\Python314\Lib\site-packages\sqlalchemy\sql\elements.py:527: in _execute_on_connection
    return connection._execute_clauseelement(
C:\Users\nsing\AppData\Local\Programs\Python\Python314\Lib\site-packages\sqlalchemy\engine\base.py:1641: in _execute_clauseelement
    ret = self._execute_context(
C:\Users\nsing\AppData\Local\Programs\Python\Python314\Lib\site-packages\sqlalchemy\engine\base.py:1846: in _execute_context
    return self._exec_single_context(
C:\Users\nsing\AppData\Local\Programs\Python\Python314\Lib\site-packages\sqlalchemy\engine\base.py:1986: in _exec_single_context
    self._handle_dbapi_exception(
C:\Users\nsing\AppData\Local\Programs\Python\Python314\Lib\site-packages\sqlalchemy\engine\base.py:2363: in _handle_dbapi_exception
    raise sqlalchemy_exception.with_traceback(exc_info[2]) from e
C:\Users\nsing\AppData\Local\Programs\Python\Python314\Lib\site-packages\sqlalchemy\engine\base.py:1967: in _exec_single_context
    self.dialect.do_execute(
_ _ _ _ _ _ _ _ _ _ _ _ _ _ _ _ _ _ _ _ _ _ _ _ _ _ _ _ _ _ _ _ _ _ _ _ _ _ _ _

self = <sqlalchemy.dialects.sqlite.pysqlite.SQLiteDialect_pysqlite object at 0x000001A5C2B72AD0>
cursor = <sqlite3.Cursor object at 0x000001A5C00DEFC0>
statement = 'SELECT users.id AS users_id, users.username AS users_username, users.email AS users_email, users.hashed_password AS u...ve AS users_is_active, users.created_at AS users_created_at \nFROM users \nWHERE users.username = ?\n LIMIT ? OFFSET ?'
parameters = ('analyst_d', 1, 0)
context = <sqlalchemy.dialects.sqlite.base.SQLiteExecutionContext object at 0x000001A5C3D6FCB0>

    def do_execute(self, cursor, statement, parameters, context=None):
>       cursor.execute(statement, parameters)
E       sqlalchemy.exc.OperationalError: (sqlite3.OperationalError) no such table: users
E       [SQL: SELECT users.id AS users_id, users.username AS users_username, users.email AS users_email, users.hashed_password AS users_hashed_password, users.role AS users_role, users.is_active AS users_is_active, users.created_at AS users_created_at 
E       FROM users 
E       WHERE users.username = ?
E        LIMIT ? OFFSET ?]
E       [parameters: ('analyst_d', 1, 0)]
E       (Background on this error at: https://sqlalche.me/e/20/e3q8)

C:\Users\nsing\AppData\Local\Programs\Python\Python314\Lib\site-packages\sqlalchemy\engine\default.py:952: OperationalError
__________ ERROR at setup of TestDashboard.test_date_scoped_summary ___________

self = <sqlalchemy.engine.base.Connection object at 0x000001A5C45C5D60>
dialect = <sqlalchemy.dialects.sqlite.pysqlite.SQLiteDialect_pysqlite object at 0x000001A5C2B72AD0>
context = <sqlalchemy.dialects.sqlite.base.SQLiteExecutionContext object at 0x000001A5C33C83D0>
statement = <sqlalchemy.dialects.sqlite.base.SQLiteCompiler object at 0x000001A5C3067450>
parameters = [('analyst_d', 1, 0)]

    def _exec_single_context(
        self,
        dialect: Dialect,
        context: ExecutionContext,
        statement: Union[str, Compiled],
        parameters: Optional[_AnyMultiExecuteParams],
    ) -> CursorResult[Any]:
        """continue the _execute_context() method for a single DBAPI
        cursor.execute() or cursor.executemany() call.
    
        """
        if dialect.bind_typing is BindTyping.SETINPUTSIZES:
            generic_setinputsizes = context._prepare_set_input_sizes()
    
            if generic_setinputsizes:
                try:
                    dialect.do_set_input_sizes(
                        context.cursor, generic_setinputsizes, context
                    )
                except BaseException as e:
                    self._handle_dbapi_exception(
                        e, str(statement), parameters, None, context
                    )
    
        cursor, str_statement, parameters = (
            context.cursor,
            context.statement,
            context.parameters,
        )
    
        effective_parameters: Optional[_AnyExecuteParams]
    
        if not context.executemany:
            effective_parameters = parameters[0]
        else:
            effective_parameters = parameters
    
        if self._has_events or self.engine._has_events:
            for fn in self.dispatch.before_cursor_execute:
                str_statement, effective_parameters = fn(
                    self,
                    cursor,
                    str_statement,
                    effective_parameters,
                    context,
                    context.executemany,
                )
    
        if self._echo:
            self._log_info(str_statement)
    
            stats = context._get_cache_stats()
    
            if not self.engine.hide_parameters:
                self._log_info(
                    "[%s] %r",
                    stats,
                    sql_util._repr_params(
                        effective_parameters,
                        batches=10,
                        ismulti=context.executemany,
                    ),
                )
            else:
                self._log_info(
                    "[%s] [SQL parameters hidden due to hide_parameters=True]",
                    stats,
                )
    
        evt_handled: bool = False
        try:
            if context.execute_style is ExecuteStyle.EXECUTEMANY:
                effective_parameters = cast(
                    "_CoreMultiExecuteParams", effective_parameters
                )
                if self.dialect._has_events:
                    for fn in self.dialect.dispatch.do_executemany:
                        if fn(
                            cursor,
                            str_statement,
                            effective_parameters,
                            context,
                        ):
                            evt_handled = True
                            break
                if not evt_handled:
                    self.dialect.do_executemany(
                        cursor,
                        str_statement,
                        effective_parameters,
                        context,
                    )
            elif not effective_parameters and context.no_parameters:
                if self.dialect._has_events:
                    for fn in self.dialect.dispatch.do_execute_no_params:
                        if fn(cursor, str_statement, context):
                            evt_handled = True
                            break
                if not evt_handled:
                    self.dialect.do_execute_no_params(
                        cursor, str_statement, context
                    )
            else:
                effective_parameters = cast(
                    "_CoreSingleExecuteParams", effective_parameters
                )
                if self.dialect._has_events:
                    for fn in self.dialect.dispatch.do_execute:
                        if fn(
                            cursor,
                            str_statement,
                            effective_parameters,
                            context,
                        ):
                            evt_handled = True
                            break
                if not evt_handled:
>                   self.dialect.do_execute(
                        cursor, str_statement, effective_parameters, context
                    )

C:\Users\nsing\AppData\Local\Programs\Python\Python314\Lib\site-packages\sqlalchemy\engine\base.py:1967: 
_ _ _ _ _ _ _ _ _ _ _ _ _ _ _ _ _ _ _ _ _ _ _ _ _ _ _ _ _ _ _ _ _ _ _ _ _ _ _ _

self = <sqlalchemy.dialects.sqlite.pysqlite.SQLiteDialect_pysqlite object at 0x000001A5C2B72AD0>
cursor = <sqlite3.Cursor object at 0x000001A5C5AAC7C0>
statement = 'SELECT users.id AS users_id, users.username AS users_username, users.email AS users_email, users.hashed_password AS u...ve AS users_is_active, users.created_at AS users_created_at \nFROM users \nWHERE users.username = ?\n LIMIT ? OFFSET ?'
parameters = ('analyst_d', 1, 0)
context = <sqlalchemy.dialects.sqlite.base.SQLiteExecutionContext object at 0x000001A5C33C83D0>

    def do_execute(self, cursor, statement, parameters, context=None):
>       cursor.execute(statement, parameters)
E       sqlite3.OperationalError: no such table: users

C:\Users\nsing\AppData\Local\Programs\Python\Python314\Lib\site-packages\sqlalchemy\engine\default.py:952: OperationalError

The above exception was the direct cause of the following exception:

self = <tests.test_api.TestDashboard object at 0x000001A5C3167820>

    def setup_method(self):
>       register("analyst_d", role="analyst")

tests\test_api.py:226: 
_ _ _ _ _ _ _ _ _ _ _ _ _ _ _ _ _ _ _ _ _ _ _ _ _ _ _ _ _ _ _ _ _ _ _ _ _ _ _ _
tests\test_api.py:49: in register
    return client.post("/auth/register", json={
C:\Users\nsing\AppData\Local\Programs\Python\Python314\Lib\site-packages\starlette\testclient.py:546: in post
    return super().post(
C:\Users\nsing\AppData\Local\Programs\Python\Python314\Lib\site-packages\httpx\_client.py:1144: in post
    return self.request(
C:\Users\nsing\AppData\Local\Programs\Python\Python314\Lib\site-packages\starlette\testclient.py:445: in request
    return super().request(
C:\Users\nsing\AppData\Local\Programs\Python\Python314\Lib\site-packages\httpx\_client.py:825: in request
    return self.send(request, auth=auth, follow_redirects=follow_redirects)
           ^^^^^^^^^^^^^^^^^^^^^^^^^^^^^^^^^^^^^^^^^^^^^^^^^^^^^^^^^^^^^^^^
C:\Users\nsing\AppData\Local\Programs\Python\Python314\Lib\site-packages\httpx\_client.py:914: in send
    response = self._send_handling_auth(
C:\Users\nsing\AppData\Local\Programs\Python\Python314\Lib\site-packages\httpx\_client.py:942: in _send_handling_auth
    response = self._send_handling_redirects(
C:\Users\nsing\AppData\Local\Programs\Python\Python314\Lib\site-packages\httpx\_client.py:979: in _send_handling_redirects
    response = self._send_single_request(request)
               ^^^^^^^^^^^^^^^^^^^^^^^^^^^^^^^^^^
C:\Users\nsing\AppData\Local\Programs\Python\Python314\Lib\site-packages\httpx\_client.py:1014: in _send_single_request
    response = transport.handle_request(request)
               ^^^^^^^^^^^^^^^^^^^^^^^^^^^^^^^^^
C:\Users\nsing\AppData\Local\Programs\Python\Python314\Lib\site-packages\starlette\testclient.py:348: in handle_request
    raise exc
C:\Users\nsing\AppData\Local\Programs\Python\Python314\Lib\site-packages\starlette\testclient.py:345: in handle_request
    portal.call(self.app, scope, receive, send)
C:\Users\nsing\AppData\Local\Programs\Python\Python314\Lib\site-packages\anyio\from_thread.py:334: in call
    return cast(T_Retval, self.start_task_soon(func, *args).result())
                          ^^^^^^^^^^^^^^^^^^^^^^^^^^^^^^^^^^^^^^^^^^
C:\Users\nsing\AppData\Local\Programs\Python\Python314\Lib\concurrent\futures\_base.py:450: in result
    return self.__get_result()
           ^^^^^^^^^^^^^^^^^^^
C:\Users\nsing\AppData\Local\Programs\Python\Python314\Lib\concurrent\futures\_base.py:395: in __get_result
    raise self._exception
C:\Users\nsing\AppData\Local\Programs\Python\Python314\Lib\site-packages\anyio\from_thread.py:259: in _call_func
    retval = await retval_or_awaitable
             ^^^^^^^^^^^^^^^^^^^^^^^^^
C:\Users\nsing\AppData\Local\Programs\Python\Python314\Lib\site-packages\fastapi\applications.py:1163: in __call__
    await super().__call__(scope, receive, send)
C:\Users\nsing\AppData\Local\Programs\Python\Python314\Lib\site-packages\starlette\applications.py:90: in __call__
    await self.middleware_stack(scope, receive, send)
C:\Users\nsing\AppData\Local\Programs\Python\Python314\Lib\site-packages\starlette\middleware\errors.py:186: in __call__
    raise exc
C:\Users\nsing\AppData\Local\Programs\Python\Python314\Lib\site-packages\starlette\middleware\errors.py:164: in __call__
    await self.app(scope, receive, _send)
C:\Users\nsing\AppData\Local\Programs\Python\Python314\Lib\site-packages\starlette\middleware\cors.py:88: in __call__
    await self.app(scope, receive, send)
C:\Users\nsing\AppData\Local\Programs\Python\Python314\Lib\site-packages\starlette\middleware\exceptions.py:63: in __call__
    await wrap_app_handling_exceptions(self.app, conn)(scope, receive, send)
C:\Users\nsing\AppData\Local\Programs\Python\Python314\Lib\site-packages\starlette\_exception_handler.py:53: in wrapped_app
    raise exc
C:\Users\nsing\AppData\Local\Programs\Python\Python314\Lib\site-packages\starlette\_exception_handler.py:42: in wrapped_app
    await app(scope, receive, sender)
C:\Users\nsing\AppData\Local\Programs\Python\Python314\Lib\site-packages\fastapi\middleware\asyncexitstack.py:18: in __call__
    await self.app(scope, receive, send)
C:\Users\nsing\AppData\Local\Programs\Python\Python314\Lib\site-packages\starlette\routing.py:660: in __call__
    await self.middleware_stack(scope, receive, send)
C:\Users\nsing\AppData\Local\Programs\Python\Python314\Lib\site-packages\starlette\routing.py:680: in app
    await route.handle(scope, receive, send)
C:\Users\nsing\AppData\Local\Programs\Python\Python314\Lib\site-packages\starlette\routing.py:276: in handle
    await self.app(scope, receive, send)
C:\Users\nsing\AppData\Local\Programs\Python\Python314\Lib\site-packages\fastapi\routing.py:134: in app
    await wrap_app_handling_exceptions(app, request)(scope, receive, send)
C:\Users\nsing\AppData\Local\Programs\Python\Python314\Lib\site-packages\starlette\_exception_handler.py:53: in wrapped_app
    raise exc
C:\Users\nsing\AppData\Local\Programs\Python\Python314\Lib\site-packages\starlette\_exception_handler.py:42: in wrapped_app
    await app(scope, receive, sender)
C:\Users\nsing\AppData\Local\Programs\Python\Python314\Lib\site-packages\fastapi\routing.py:120: in app
    response = await f(request)
               ^^^^^^^^^^^^^^^^
C:\Users\nsing\AppData\Local\Programs\Python\Python314\Lib\site-packages\fastapi\routing.py:674: in app
    raw_response = await run_endpoint_function(
C:\Users\nsing\AppData\Local\Programs\Python\Python314\Lib\site-packages\fastapi\routing.py:330: in run_endpoint_function
    return await run_in_threadpool(dependant.call, **values)
           ^^^^^^^^^^^^^^^^^^^^^^^^^^^^^^^^^^^^^^^^^^^^^^^^^
C:\Users\nsing\AppData\Local\Programs\Python\Python314\Lib\site-packages\starlette\concurrency.py:32: in run_in_threadpool
    return await anyio.to_thread.run_sync(func)
           ^^^^^^^^^^^^^^^^^^^^^^^^^^^^^^^^^^^^
C:\Users\nsing\AppData\Local\Programs\Python\Python314\Lib\site-packages\anyio\to_thread.py:63: in run_sync
    return await get_async_backend().run_sync_in_worker_thread(
C:\Users\nsing\AppData\Local\Programs\Python\Python314\Lib\site-packages\anyio\_backends\_asyncio.py:2518: in run_sync_in_worker_thread
    return await future
           ^^^^^^^^^^^^
C:\Users\nsing\AppData\Local\Programs\Python\Python314\Lib\site-packages\anyio\_backends\_asyncio.py:1002: in run
    result = context.run(func, *args)
             ^^^^^^^^^^^^^^^^^^^^^^^^
app\routers\auth.py:23: in register
    if db.query(User).filter(User.username == payload.username).first():
       ^^^^^^^^^^^^^^^^^^^^^^^^^^^^^^^^^^^^^^^^^^^^^^^^^^^^^^^^^^^^^^^^
C:\Users\nsing\AppData\Local\Programs\Python\Python314\Lib\site-packages\sqlalchemy\orm\query.py:2766: in first
    return self.limit(1)._iter().first()  # type: ignore
           ^^^^^^^^^^^^^^^^^^^^^
C:\Users\nsing\AppData\Local\Programs\Python\Python314\Lib\site-packages\sqlalchemy\orm\query.py:2864: in _iter
    result: Union[ScalarResult[_T], Result[_T]] = self.session.execute(
C:\Users\nsing\AppData\Local\Programs\Python\Python314\Lib\site-packages\sqlalchemy\orm\session.py:2351: in execute
    return self._execute_internal(
C:\Users\nsing\AppData\Local\Programs\Python\Python314\Lib\site-packages\sqlalchemy\orm\session.py:2249: in _execute_internal
    result: Result[Any] = compile_state_cls.orm_execute_statement(
C:\Users\nsing\AppData\Local\Programs\Python\Python314\Lib\site-packages\sqlalchemy\orm\context.py:306: in orm_execute_statement
    result = conn.execute(
C:\Users\nsing\AppData\Local\Programs\Python\Python314\Lib\site-packages\sqlalchemy\engine\base.py:1419: in execute
    return meth(
C:\Users\nsing\AppData\Local\Programs\Python\Python314\Lib\site-packages\sqlalchemy\sql\elements.py:527: in _execute_on_connection
    return connection._execute_clauseelement(
C:\Users\nsing\AppData\Local\Programs\Python\Python314\Lib\site-packages\sqlalchemy\engine\base.py:1641: in _execute_clauseelement
    ret = self._execute_context(
C:\Users\nsing\AppData\Local\Programs\Python\Python314\Lib\site-packages\sqlalchemy\engine\base.py:1846: in _execute_context
    return self._exec_single_context(
C:\Users\nsing\AppData\Local\Programs\Python\Python314\Lib\site-packages\sqlalchemy\engine\base.py:1986: in _exec_single_context
    self._handle_dbapi_exception(
C:\Users\nsing\AppData\Local\Programs\Python\Python314\Lib\site-packages\sqlalchemy\engine\base.py:2363: in _handle_dbapi_exception
    raise sqlalchemy_exception.with_traceback(exc_info[2]) from e
C:\Users\nsing\AppData\Local\Programs\Python\Python314\Lib\site-packages\sqlalchemy\engine\base.py:1967: in _exec_single_context
    self.dialect.do_execute(
_ _ _ _ _ _ _ _ _ _ _ _ _ _ _ _ _ _ _ _ _ _ _ _ _ _ _ _ _ _ _ _ _ _ _ _ _ _ _ _

self = <sqlalchemy.dialects.sqlite.pysqlite.SQLiteDialect_pysqlite object at 0x000001A5C2B72AD0>
cursor = <sqlite3.Cursor object at 0x000001A5C5AAC7C0>
statement = 'SELECT users.id AS users_id, users.username AS users_username, users.email AS users_email, users.hashed_password AS u...ve AS users_is_active, users.created_at AS users_created_at \nFROM users \nWHERE users.username = ?\n LIMIT ? OFFSET ?'
parameters = ('analyst_d', 1, 0)
context = <sqlalchemy.dialects.sqlite.base.SQLiteExecutionContext object at 0x000001A5C33C83D0>

    def do_execute(self, cursor, statement, parameters, context=None):
>       cursor.execute(statement, parameters)
E       sqlalchemy.exc.OperationalError: (sqlite3.OperationalError) no such table: users
E       [SQL: SELECT users.id AS users_id, users.username AS users_username, users.email AS users_email, users.hashed_password AS users_hashed_password, users.role AS users_role, users.is_active AS users_is_active, users.created_at AS users_created_at 
E       FROM users 
E       WHERE users.username = ?
E        LIMIT ? OFFSET ?]
E       [parameters: ('analyst_d', 1, 0)]
E       (Background on this error at: https://sqlalche.me/e/20/e3q8)

C:\Users\nsing\AppData\Local\Programs\Python\Python314\Lib\site-packages\sqlalchemy\engine\default.py:952: OperationalError
================================== FAILURES ===================================
______________________ TestAuth.test_register_and_login _______________________

self = <sqlalchemy.engine.base.Connection object at 0x000001A5C31E8050>
dialect = <sqlalchemy.dialects.sqlite.pysqlite.SQLiteDialect_pysqlite object at 0x000001A5C2B72AD0>
context = <sqlalchemy.dialects.sqlite.base.SQLiteExecutionContext object at 0x000001A5C319B3F0>
statement = <sqlalchemy.dialects.sqlite.base.SQLiteCompiler object at 0x000001A5C3067450>
parameters = [('bob', 1, 0)]

    def _exec_single_context(
        self,
        dialect: Dialect,
        context: ExecutionContext,
        statement: Union[str, Compiled],
        parameters: Optional[_AnyMultiExecuteParams],
    ) -> CursorResult[Any]:
        """continue the _execute_context() method for a single DBAPI
        cursor.execute() or cursor.executemany() call.
    
        """
        if dialect.bind_typing is BindTyping.SETINPUTSIZES:
            generic_setinputsizes = context._prepare_set_input_sizes()
    
            if generic_setinputsizes:
                try:
                    dialect.do_set_input_sizes(
                        context.cursor, generic_setinputsizes, context
                    )
                except BaseException as e:
                    self._handle_dbapi_exception(
                        e, str(statement), parameters, None, context
                    )
    
        cursor, str_statement, parameters = (
            context.cursor,
            context.statement,
            context.parameters,
        )
    
        effective_parameters: Optional[_AnyExecuteParams]
    
        if not context.executemany:
            effective_parameters = parameters[0]
        else:
            effective_parameters = parameters
    
        if self._has_events or self.engine._has_events:
            for fn in self.dispatch.before_cursor_execute:
                str_statement, effective_parameters = fn(
                    self,
                    cursor,
                    str_statement,
                    effective_parameters,
                    context,
                    context.executemany,
                )
    
        if self._echo:
            self._log_info(str_statement)
    
            stats = context._get_cache_stats()
    
            if not self.engine.hide_parameters:
                self._log_info(
                    "[%s] %r",
                    stats,
                    sql_util._repr_params(
                        effective_parameters,
                        batches=10,
                        ismulti=context.executemany,
                    ),
                )
            else:
                self._log_info(
                    "[%s] [SQL parameters hidden due to hide_parameters=True]",
                    stats,
                )
    
        evt_handled: bool = False
        try:
            if context.execute_style is ExecuteStyle.EXECUTEMANY:
                effective_parameters = cast(
                    "_CoreMultiExecuteParams", effective_parameters
                )
                if self.dialect._has_events:
                    for fn in self.dialect.dispatch.do_executemany:
                        if fn(
                            cursor,
                            str_statement,
                            effective_parameters,
                            context,
                        ):
                            evt_handled = True
                            break
                if not evt_handled:
                    self.dialect.do_executemany(
                        cursor,
                        str_statement,
                        effective_parameters,
                        context,
                    )
            elif not effective_parameters and context.no_parameters:
                if self.dialect._has_events:
                    for fn in self.dialect.dispatch.do_execute_no_params:
                        if fn(cursor, str_statement, context):
                            evt_handled = True
                            break
                if not evt_handled:
                    self.dialect.do_execute_no_params(
                        cursor, str_statement, context
                    )
            else:
                effective_parameters = cast(
                    "_CoreSingleExecuteParams", effective_parameters
                )
                if self.dialect._has_events:
                    for fn in self.dialect.dispatch.do_execute:
                        if fn(
                            cursor,
                            str_statement,
                            effective_parameters,
                            context,
                        ):
                            evt_handled = True
                            break
                if not evt_handled:
>                   self.dialect.do_execute(
                        cursor, str_statement, effective_parameters, context
                    )

C:\Users\nsing\AppData\Local\Programs\Python\Python314\Lib\site-packages\sqlalchemy\engine\base.py:1967: 
_ _ _ _ _ _ _ _ _ _ _ _ _ _ _ _ _ _ _ _ _ _ _ _ _ _ _ _ _ _ _ _ _ _ _ _ _ _ _ _

self = <sqlalchemy.dialects.sqlite.pysqlite.SQLiteDialect_pysqlite object at 0x000001A5C2B72AD0>
cursor = <sqlite3.Cursor object at 0x000001A5C31CBE40>
statement = 'SELECT users.id AS users_id, users.username AS users_username, users.email AS users_email, users.hashed_password AS u...ve AS users_is_active, users.created_at AS users_created_at \nFROM users \nWHERE users.username = ?\n LIMIT ? OFFSET ?'
parameters = ('bob', 1, 0)
context = <sqlalchemy.dialects.sqlite.base.SQLiteExecutionContext object at 0x000001A5C319B3F0>

    def do_execute(self, cursor, statement, parameters, context=None):
>       cursor.execute(statement, parameters)
E       sqlite3.OperationalError: no such table: users

C:\Users\nsing\AppData\Local\Programs\Python\Python314\Lib\site-packages\sqlalchemy\engine\default.py:952: OperationalError

The above exception was the direct cause of the following exception:

self = <tests.test_api.TestAuth object at 0x000001A5C30C0A50>

    def test_register_and_login(self):
>       r = register("bob", role="viewer")
            ^^^^^^^^^^^^^^^^^^^^^^^^^^^^^^

tests\test_api.py:69: 
_ _ _ _ _ _ _ _ _ _ _ _ _ _ _ _ _ _ _ _ _ _ _ _ _ _ _ _ _ _ _ _ _ _ _ _ _ _ _ _
tests\test_api.py:49: in register
    return client.post("/auth/register", json={
C:\Users\nsing\AppData\Local\Programs\Python\Python314\Lib\site-packages\starlette\testclient.py:546: in post
    return super().post(
C:\Users\nsing\AppData\Local\Programs\Python\Python314\Lib\site-packages\httpx\_client.py:1144: in post
    return self.request(
C:\Users\nsing\AppData\Local\Programs\Python\Python314\Lib\site-packages\starlette\testclient.py:445: in request
    return super().request(
C:\Users\nsing\AppData\Local\Programs\Python\Python314\Lib\site-packages\httpx\_client.py:825: in request
    return self.send(request, auth=auth, follow_redirects=follow_redirects)
           ^^^^^^^^^^^^^^^^^^^^^^^^^^^^^^^^^^^^^^^^^^^^^^^^^^^^^^^^^^^^^^^^
C:\Users\nsing\AppData\Local\Programs\Python\Python314\Lib\site-packages\httpx\_client.py:914: in send
    response = self._send_handling_auth(
C:\Users\nsing\AppData\Local\Programs\Python\Python314\Lib\site-packages\httpx\_client.py:942: in _send_handling_auth
    response = self._send_handling_redirects(
C:\Users\nsing\AppData\Local\Programs\Python\Python314\Lib\site-packages\httpx\_client.py:979: in _send_handling_redirects
    response = self._send_single_request(request)
               ^^^^^^^^^^^^^^^^^^^^^^^^^^^^^^^^^^
C:\Users\nsing\AppData\Local\Programs\Python\Python314\Lib\site-packages\httpx\_client.py:1014: in _send_single_request
    response = transport.handle_request(request)
               ^^^^^^^^^^^^^^^^^^^^^^^^^^^^^^^^^
C:\Users\nsing\AppData\Local\Programs\Python\Python314\Lib\site-packages\starlette\testclient.py:348: in handle_request
    raise exc
C:\Users\nsing\AppData\Local\Programs\Python\Python314\Lib\site-packages\starlette\testclient.py:345: in handle_request
    portal.call(self.app, scope, receive, send)
C:\Users\nsing\AppData\Local\Programs\Python\Python314\Lib\site-packages\anyio\from_thread.py:334: in call
    return cast(T_Retval, self.start_task_soon(func, *args).result())
                          ^^^^^^^^^^^^^^^^^^^^^^^^^^^^^^^^^^^^^^^^^^
C:\Users\nsing\AppData\Local\Programs\Python\Python314\Lib\concurrent\futures\_base.py:450: in result
    return self.__get_result()
           ^^^^^^^^^^^^^^^^^^^
C:\Users\nsing\AppData\Local\Programs\Python\Python314\Lib\concurrent\futures\_base.py:395: in __get_result
    raise self._exception
C:\Users\nsing\AppData\Local\Programs\Python\Python314\Lib\site-packages\anyio\from_thread.py:259: in _call_func
    retval = await retval_or_awaitable
             ^^^^^^^^^^^^^^^^^^^^^^^^^
C:\Users\nsing\AppData\Local\Programs\Python\Python314\Lib\site-packages\fastapi\applications.py:1163: in __call__
    await super().__call__(scope, receive, send)
C:\Users\nsing\AppData\Local\Programs\Python\Python314\Lib\site-packages\starlette\applications.py:90: in __call__
    await self.middleware_stack(scope, receive, send)
C:\Users\nsing\AppData\Local\Programs\Python\Python314\Lib\site-packages\starlette\middleware\errors.py:186: in __call__
    raise exc
C:\Users\nsing\AppData\Local\Programs\Python\Python314\Lib\site-packages\starlette\middleware\errors.py:164: in __call__
    await self.app(scope, receive, _send)
C:\Users\nsing\AppData\Local\Programs\Python\Python314\Lib\site-packages\starlette\middleware\cors.py:88: in __call__
    await self.app(scope, receive, send)
C:\Users\nsing\AppData\Local\Programs\Python\Python314\Lib\site-packages\starlette\middleware\exceptions.py:63: in __call__
    await wrap_app_handling_exceptions(self.app, conn)(scope, receive, send)
C:\Users\nsing\AppData\Local\Programs\Python\Python314\Lib\site-packages\starlette\_exception_handler.py:53: in wrapped_app
    raise exc
C:\Users\nsing\AppData\Local\Programs\Python\Python314\Lib\site-packages\starlette\_exception_handler.py:42: in wrapped_app
    await app(scope, receive, sender)
C:\Users\nsing\AppData\Local\Programs\Python\Python314\Lib\site-packages\fastapi\middleware\asyncexitstack.py:18: in __call__
    await self.app(scope, receive, send)
C:\Users\nsing\AppData\Local\Programs\Python\Python314\Lib\site-packages\starlette\routing.py:660: in __call__
    await self.middleware_stack(scope, receive, send)
C:\Users\nsing\AppData\Local\Programs\Python\Python314\Lib\site-packages\starlette\routing.py:680: in app
    await route.handle(scope, receive, send)
C:\Users\nsing\AppData\Local\Programs\Python\Python314\Lib\site-packages\starlette\routing.py:276: in handle
    await self.app(scope, receive, send)
C:\Users\nsing\AppData\Local\Programs\Python\Python314\Lib\site-packages\fastapi\routing.py:134: in app
    await wrap_app_handling_exceptions(app, request)(scope, receive, send)
C:\Users\nsing\AppData\Local\Programs\Python\Python314\Lib\site-packages\starlette\_exception_handler.py:53: in wrapped_app
    raise exc
C:\Users\nsing\AppData\Local\Programs\Python\Python314\Lib\site-packages\starlette\_exception_handler.py:42: in wrapped_app
    await app(scope, receive, sender)
C:\Users\nsing\AppData\Local\Programs\Python\Python314\Lib\site-packages\fastapi\routing.py:120: in app
    response = await f(request)
               ^^^^^^^^^^^^^^^^
C:\Users\nsing\AppData\Local\Programs\Python\Python314\Lib\site-packages\fastapi\routing.py:674: in app
    raw_response = await run_endpoint_function(
C:\Users\nsing\AppData\Local\Programs\Python\Python314\Lib\site-packages\fastapi\routing.py:330: in run_endpoint_function
    return await run_in_threadpool(dependant.call, **values)
           ^^^^^^^^^^^^^^^^^^^^^^^^^^^^^^^^^^^^^^^^^^^^^^^^^
C:\Users\nsing\AppData\Local\Programs\Python\Python314\Lib\site-packages\starlette\concurrency.py:32: in run_in_threadpool
    return await anyio.to_thread.run_sync(func)
           ^^^^^^^^^^^^^^^^^^^^^^^^^^^^^^^^^^^^
C:\Users\nsing\AppData\Local\Programs\Python\Python314\Lib\site-packages\anyio\to_thread.py:63: in run_sync
    return await get_async_backend().run_sync_in_worker_thread(
C:\Users\nsing\AppData\Local\Programs\Python\Python314\Lib\site-packages\anyio\_backends\_asyncio.py:2518: in run_sync_in_worker_thread
    return await future
           ^^^^^^^^^^^^
C:\Users\nsing\AppData\Local\Programs\Python\Python314\Lib\site-packages\anyio\_backends\_asyncio.py:1002: in run
    result = context.run(func, *args)
             ^^^^^^^^^^^^^^^^^^^^^^^^
app\routers\auth.py:23: in register
    if db.query(User).filter(User.username == payload.username).first():
       ^^^^^^^^^^^^^^^^^^^^^^^^^^^^^^^^^^^^^^^^^^^^^^^^^^^^^^^^^^^^^^^^
C:\Users\nsing\AppData\Local\Programs\Python\Python314\Lib\site-packages\sqlalchemy\orm\query.py:2766: in first
    return self.limit(1)._iter().first()  # type: ignore
           ^^^^^^^^^^^^^^^^^^^^^
C:\Users\nsing\AppData\Local\Programs\Python\Python314\Lib\site-packages\sqlalchemy\orm\query.py:2864: in _iter
    result: Union[ScalarResult[_T], Result[_T]] = self.session.execute(
C:\Users\nsing\AppData\Local\Programs\Python\Python314\Lib\site-packages\sqlalchemy\orm\session.py:2351: in execute
    return self._execute_internal(
C:\Users\nsing\AppData\Local\Programs\Python\Python314\Lib\site-packages\sqlalchemy\orm\session.py:2249: in _execute_internal
    result: Result[Any] = compile_state_cls.orm_execute_statement(
C:\Users\nsing\AppData\Local\Programs\Python\Python314\Lib\site-packages\sqlalchemy\orm\context.py:306: in orm_execute_statement
    result = conn.execute(
C:\Users\nsing\AppData\Local\Programs\Python\Python314\Lib\site-packages\sqlalchemy\engine\base.py:1419: in execute
    return meth(
C:\Users\nsing\AppData\Local\Programs\Python\Python314\Lib\site-packages\sqlalchemy\sql\elements.py:527: in _execute_on_connection
    return connection._execute_clauseelement(
C:\Users\nsing\AppData\Local\Programs\Python\Python314\Lib\site-packages\sqlalchemy\engine\base.py:1641: in _execute_clauseelement
    ret = self._execute_context(
C:\Users\nsing\AppData\Local\Programs\Python\Python314\Lib\site-packages\sqlalchemy\engine\base.py:1846: in _execute_context
    return self._exec_single_context(
C:\Users\nsing\AppData\Local\Programs\Python\Python314\Lib\site-packages\sqlalchemy\engine\base.py:1986: in _exec_single_context
    self._handle_dbapi_exception(
C:\Users\nsing\AppData\Local\Programs\Python\Python314\Lib\site-packages\sqlalchemy\engine\base.py:2363: in _handle_dbapi_exception
    raise sqlalchemy_exception.with_traceback(exc_info[2]) from e
C:\Users\nsing\AppData\Local\Programs\Python\Python314\Lib\site-packages\sqlalchemy\engine\base.py:1967: in _exec_single_context
    self.dialect.do_execute(
_ _ _ _ _ _ _ _ _ _ _ _ _ _ _ _ _ _ _ _ _ _ _ _ _ _ _ _ _ _ _ _ _ _ _ _ _ _ _ _

self = <sqlalchemy.dialects.sqlite.pysqlite.SQLiteDialect_pysqlite object at 0x000001A5C2B72AD0>
cursor = <sqlite3.Cursor object at 0x000001A5C31CBE40>
statement = 'SELECT users.id AS users_id, users.username AS users_username, users.email AS users_email, users.hashed_password AS u...ve AS users_is_active, users.created_at AS users_created_at \nFROM users \nWHERE users.username = ?\n LIMIT ? OFFSET ?'
parameters = ('bob', 1, 0)
context = <sqlalchemy.dialects.sqlite.base.SQLiteExecutionContext object at 0x000001A5C319B3F0>

    def do_execute(self, cursor, statement, parameters, context=None):
>       cursor.execute(statement, parameters)
E       sqlalchemy.exc.OperationalError: (sqlite3.OperationalError) no such table: users
E       [SQL: SELECT users.id AS users_id, users.username AS users_username, users.email AS users_email, users.hashed_password AS users_hashed_password, users.role AS users_role, users.is_active AS users_is_active, users.created_at AS users_created_at 
E       FROM users 
E       WHERE users.username = ?
E        LIMIT ? OFFSET ?]
E       [parameters: ('bob', 1, 0)]
E       (Background on this error at: https://sqlalche.me/e/20/e3q8)

C:\Users\nsing\AppData\Local\Programs\Python\Python314\Lib\site-packages\sqlalchemy\engine\default.py:952: OperationalError
__________________ TestAuth.test_duplicate_username_rejected __________________

self = <sqlalchemy.engine.base.Connection object at 0x000001A5C31A2690>
dialect = <sqlalchemy.dialects.sqlite.pysqlite.SQLiteDialect_pysqlite object at 0x000001A5C2B72AD0>
context = <sqlalchemy.dialects.sqlite.base.SQLiteExecutionContext object at 0x000001A5C3D6DE10>
statement = <sqlalchemy.dialects.sqlite.base.SQLiteCompiler object at 0x000001A5C3067450>
parameters = [('charlie', 1, 0)]

    def _exec_single_context(
        self,
        dialect: Dialect,
        context: ExecutionContext,
        statement: Union[str, Compiled],
        parameters: Optional[_AnyMultiExecuteParams],
    ) -> CursorResult[Any]:
        """continue the _execute_context() method for a single DBAPI
        cursor.execute() or cursor.executemany() call.
    
        """
        if dialect.bind_typing is BindTyping.SETINPUTSIZES:
            generic_setinputsizes = context._prepare_set_input_sizes()
    
            if generic_setinputsizes:
                try:
                    dialect.do_set_input_sizes(
                        context.cursor, generic_setinputsizes, context
                    )
                except BaseException as e:
                    self._handle_dbapi_exception(
                        e, str(statement), parameters, None, context
                    )
    
        cursor, str_statement, parameters = (
            context.cursor,
            context.statement,
            context.parameters,
        )
    
        effective_parameters: Optional[_AnyExecuteParams]
    
        if not context.executemany:
            effective_parameters = parameters[0]
        else:
            effective_parameters = parameters
    
        if self._has_events or self.engine._has_events:
            for fn in self.dispatch.before_cursor_execute:
                str_statement, effective_parameters = fn(
                    self,
                    cursor,
                    str_statement,
                    effective_parameters,
                    context,
                    context.executemany,
                )
    
        if self._echo:
            self._log_info(str_statement)
    
            stats = context._get_cache_stats()
    
            if not self.engine.hide_parameters:
                self._log_info(
                    "[%s] %r",
                    stats,
                    sql_util._repr_params(
                        effective_parameters,
                        batches=10,
                        ismulti=context.executemany,
                    ),
                )
            else:
                self._log_info(
                    "[%s] [SQL parameters hidden due to hide_parameters=True]",
                    stats,
                )
    
        evt_handled: bool = False
        try:
            if context.execute_style is ExecuteStyle.EXECUTEMANY:
                effective_parameters = cast(
                    "_CoreMultiExecuteParams", effective_parameters
                )
                if self.dialect._has_events:
                    for fn in self.dialect.dispatch.do_executemany:
                        if fn(
                            cursor,
                            str_statement,
                            effective_parameters,
                            context,
                        ):
                            evt_handled = True
                            break
                if not evt_handled:
                    self.dialect.do_executemany(
                        cursor,
                        str_statement,
                        effective_parameters,
                        context,
                    )
            elif not effective_parameters and context.no_parameters:
                if self.dialect._has_events:
                    for fn in self.dialect.dispatch.do_execute_no_params:
                        if fn(cursor, str_statement, context):
                            evt_handled = True
                            break
                if not evt_handled:
                    self.dialect.do_execute_no_params(
                        cursor, str_statement, context
                    )
            else:
                effective_parameters = cast(
                    "_CoreSingleExecuteParams", effective_parameters
                )
                if self.dialect._has_events:
                    for fn in self.dialect.dispatch.do_execute:
                        if fn(
                            cursor,
                            str_statement,
                            effective_parameters,
                            context,
                        ):
                            evt_handled = True
                            break
                if not evt_handled:
>                   self.dialect.do_execute(
                        cursor, str_statement, effective_parameters, context
                    )

C:\Users\nsing\AppData\Local\Programs\Python\Python314\Lib\site-packages\sqlalchemy\engine\base.py:1967: 
_ _ _ _ _ _ _ _ _ _ _ _ _ _ _ _ _ _ _ _ _ _ _ _ _ _ _ _ _ _ _ _ _ _ _ _ _ _ _ _

self = <sqlalchemy.dialects.sqlite.pysqlite.SQLiteDialect_pysqlite object at 0x000001A5C2B72AD0>
cursor = <sqlite3.Cursor object at 0x000001A5C61AFE40>
statement = 'SELECT users.id AS users_id, users.username AS users_username, users.email AS users_email, users.hashed_password AS u...ve AS users_is_active, users.created_at AS users_created_at \nFROM users \nWHERE users.username = ?\n LIMIT ? OFFSET ?'
parameters = ('charlie', 1, 0)
context = <sqlalchemy.dialects.sqlite.base.SQLiteExecutionContext object at 0x000001A5C3D6DE10>

    def do_execute(self, cursor, statement, parameters, context=None):
>       cursor.execute(statement, parameters)
E       sqlite3.OperationalError: no such table: users

C:\Users\nsing\AppData\Local\Programs\Python\Python314\Lib\site-packages\sqlalchemy\engine\default.py:952: OperationalError

The above exception was the direct cause of the following exception:

self = <tests.test_api.TestAuth object at 0x000001A5C30C1450>

    def test_duplicate_username_rejected(self):
>       register("charlie")

tests\test_api.py:77: 
_ _ _ _ _ _ _ _ _ _ _ _ _ _ _ _ _ _ _ _ _ _ _ _ _ _ _ _ _ _ _ _ _ _ _ _ _ _ _ _
tests\test_api.py:49: in register
    return client.post("/auth/register", json={
C:\Users\nsing\AppData\Local\Programs\Python\Python314\Lib\site-packages\starlette\testclient.py:546: in post
    return super().post(
C:\Users\nsing\AppData\Local\Programs\Python\Python314\Lib\site-packages\httpx\_client.py:1144: in post
    return self.request(
C:\Users\nsing\AppData\Local\Programs\Python\Python314\Lib\site-packages\starlette\testclient.py:445: in request
    return super().request(
C:\Users\nsing\AppData\Local\Programs\Python\Python314\Lib\site-packages\httpx\_client.py:825: in request
    return self.send(request, auth=auth, follow_redirects=follow_redirects)
           ^^^^^^^^^^^^^^^^^^^^^^^^^^^^^^^^^^^^^^^^^^^^^^^^^^^^^^^^^^^^^^^^
C:\Users\nsing\AppData\Local\Programs\Python\Python314\Lib\site-packages\httpx\_client.py:914: in send
    response = self._send_handling_auth(
C:\Users\nsing\AppData\Local\Programs\Python\Python314\Lib\site-packages\httpx\_client.py:942: in _send_handling_auth
    response = self._send_handling_redirects(
C:\Users\nsing\AppData\Local\Programs\Python\Python314\Lib\site-packages\httpx\_client.py:979: in _send_handling_redirects
    response = self._send_single_request(request)
               ^^^^^^^^^^^^^^^^^^^^^^^^^^^^^^^^^^
C:\Users\nsing\AppData\Local\Programs\Python\Python314\Lib\site-packages\httpx\_client.py:1014: in _send_single_request
    response = transport.handle_request(request)
               ^^^^^^^^^^^^^^^^^^^^^^^^^^^^^^^^^
C:\Users\nsing\AppData\Local\Programs\Python\Python314\Lib\site-packages\starlette\testclient.py:348: in handle_request
    raise exc
C:\Users\nsing\AppData\Local\Programs\Python\Python314\Lib\site-packages\starlette\testclient.py:345: in handle_request
    portal.call(self.app, scope, receive, send)
C:\Users\nsing\AppData\Local\Programs\Python\Python314\Lib\site-packages\anyio\from_thread.py:334: in call
    return cast(T_Retval, self.start_task_soon(func, *args).result())
                          ^^^^^^^^^^^^^^^^^^^^^^^^^^^^^^^^^^^^^^^^^^
C:\Users\nsing\AppData\Local\Programs\Python\Python314\Lib\concurrent\futures\_base.py:450: in result
    return self.__get_result()
           ^^^^^^^^^^^^^^^^^^^
C:\Users\nsing\AppData\Local\Programs\Python\Python314\Lib\concurrent\futures\_base.py:395: in __get_result
    raise self._exception
C:\Users\nsing\AppData\Local\Programs\Python\Python314\Lib\site-packages\anyio\from_thread.py:259: in _call_func
    retval = await retval_or_awaitable
             ^^^^^^^^^^^^^^^^^^^^^^^^^
C:\Users\nsing\AppData\Local\Programs\Python\Python314\Lib\site-packages\fastapi\applications.py:1163: in __call__
    await super().__call__(scope, receive, send)
C:\Users\nsing\AppData\Local\Programs\Python\Python314\Lib\site-packages\starlette\applications.py:90: in __call__
    await self.middleware_stack(scope, receive, send)
C:\Users\nsing\AppData\Local\Programs\Python\Python314\Lib\site-packages\starlette\middleware\errors.py:186: in __call__
    raise exc
C:\Users\nsing\AppData\Local\Programs\Python\Python314\Lib\site-packages\starlette\middleware\errors.py:164: in __call__
    await self.app(scope, receive, _send)
C:\Users\nsing\AppData\Local\Programs\Python\Python314\Lib\site-packages\starlette\middleware\cors.py:88: in __call__
    await self.app(scope, receive, send)
C:\Users\nsing\AppData\Local\Programs\Python\Python314\Lib\site-packages\starlette\middleware\exceptions.py:63: in __call__
    await wrap_app_handling_exceptions(self.app, conn)(scope, receive, send)
C:\Users\nsing\AppData\Local\Programs\Python\Python314\Lib\site-packages\starlette\_exception_handler.py:53: in wrapped_app
    raise exc
C:\Users\nsing\AppData\Local\Programs\Python\Python314\Lib\site-packages\starlette\_exception_handler.py:42: in wrapped_app
    await app(scope, receive, sender)
C:\Users\nsing\AppData\Local\Programs\Python\Python314\Lib\site-packages\fastapi\middleware\asyncexitstack.py:18: in __call__
    await self.app(scope, receive, send)
C:\Users\nsing\AppData\Local\Programs\Python\Python314\Lib\site-packages\starlette\routing.py:660: in __call__
    await self.middleware_stack(scope, receive, send)
C:\Users\nsing\AppData\Local\Programs\Python\Python314\Lib\site-packages\starlette\routing.py:680: in app
    await route.handle(scope, receive, send)
C:\Users\nsing\AppData\Local\Programs\Python\Python314\Lib\site-packages\starlette\routing.py:276: in handle
    await self.app(scope, receive, send)
C:\Users\nsing\AppData\Local\Programs\Python\Python314\Lib\site-packages\fastapi\routing.py:134: in app
    await wrap_app_handling_exceptions(app, request)(scope, receive, send)
C:\Users\nsing\AppData\Local\Programs\Python\Python314\Lib\site-packages\starlette\_exception_handler.py:53: in wrapped_app
    raise exc
C:\Users\nsing\AppData\Local\Programs\Python\Python314\Lib\site-packages\starlette\_exception_handler.py:42: in wrapped_app
    await app(scope, receive, sender)
C:\Users\nsing\AppData\Local\Programs\Python\Python314\Lib\site-packages\fastapi\routing.py:120: in app
    response = await f(request)
               ^^^^^^^^^^^^^^^^
C:\Users\nsing\AppData\Local\Programs\Python\Python314\Lib\site-packages\fastapi\routing.py:674: in app
    raw_response = await run_endpoint_function(
C:\Users\nsing\AppData\Local\Programs\Python\Python314\Lib\site-packages\fastapi\routing.py:330: in run_endpoint_function
    return await run_in_threadpool(dependant.call, **values)
           ^^^^^^^^^^^^^^^^^^^^^^^^^^^^^^^^^^^^^^^^^^^^^^^^^
C:\Users\nsing\AppData\Local\Programs\Python\Python314\Lib\site-packages\starlette\concurrency.py:32: in run_in_threadpool
    return await anyio.to_thread.run_sync(func)
           ^^^^^^^^^^^^^^^^^^^^^^^^^^^^^^^^^^^^
C:\Users\nsing\AppData\Local\Programs\Python\Python314\Lib\site-packages\anyio\to_thread.py:63: in run_sync
    return await get_async_backend().run_sync_in_worker_thread(
C:\Users\nsing\AppData\Local\Programs\Python\Python314\Lib\site-packages\anyio\_backends\_asyncio.py:2518: in run_sync_in_worker_thread
    return await future
           ^^^^^^^^^^^^
C:\Users\nsing\AppData\Local\Programs\Python\Python314\Lib\site-packages\anyio\_backends\_asyncio.py:1002: in run
    result = context.run(func, *args)
             ^^^^^^^^^^^^^^^^^^^^^^^^
app\routers\auth.py:23: in register
    if db.query(User).filter(User.username == payload.username).first():
       ^^^^^^^^^^^^^^^^^^^^^^^^^^^^^^^^^^^^^^^^^^^^^^^^^^^^^^^^^^^^^^^^
C:\Users\nsing\AppData\Local\Programs\Python\Python314\Lib\site-packages\sqlalchemy\orm\query.py:2766: in first
    return self.limit(1)._iter().first()  # type: ignore
           ^^^^^^^^^^^^^^^^^^^^^
C:\Users\nsing\AppData\Local\Programs\Python\Python314\Lib\site-packages\sqlalchemy\orm\query.py:2864: in _iter
    result: Union[ScalarResult[_T], Result[_T]] = self.session.execute(
C:\Users\nsing\AppData\Local\Programs\Python\Python314\Lib\site-packages\sqlalchemy\orm\session.py:2351: in execute
    return self._execute_internal(
C:\Users\nsing\AppData\Local\Programs\Python\Python314\Lib\site-packages\sqlalchemy\orm\session.py:2249: in _execute_internal
    result: Result[Any] = compile_state_cls.orm_execute_statement(
C:\Users\nsing\AppData\Local\Programs\Python\Python314\Lib\site-packages\sqlalchemy\orm\context.py:306: in orm_execute_statement
    result = conn.execute(
C:\Users\nsing\AppData\Local\Programs\Python\Python314\Lib\site-packages\sqlalchemy\engine\base.py:1419: in execute
    return meth(
C:\Users\nsing\AppData\Local\Programs\Python\Python314\Lib\site-packages\sqlalchemy\sql\elements.py:527: in _execute_on_connection
    return connection._execute_clauseelement(
C:\Users\nsing\AppData\Local\Programs\Python\Python314\Lib\site-packages\sqlalchemy\engine\base.py:1641: in _execute_clauseelement
    ret = self._execute_context(
C:\Users\nsing\AppData\Local\Programs\Python\Python314\Lib\site-packages\sqlalchemy\engine\base.py:1846: in _execute_context
    return self._exec_single_context(
C:\Users\nsing\AppData\Local\Programs\Python\Python314\Lib\site-packages\sqlalchemy\engine\base.py:1986: in _exec_single_context
    self._handle_dbapi_exception(
C:\Users\nsing\AppData\Local\Programs\Python\Python314\Lib\site-packages\sqlalchemy\engine\base.py:2363: in _handle_dbapi_exception
    raise sqlalchemy_exception.with_traceback(exc_info[2]) from e
C:\Users\nsing\AppData\Local\Programs\Python\Python314\Lib\site-packages\sqlalchemy\engine\base.py:1967: in _exec_single_context
    self.dialect.do_execute(
_ _ _ _ _ _ _ _ _ _ _ _ _ _ _ _ _ _ _ _ _ _ _ _ _ _ _ _ _ _ _ _ _ _ _ _ _ _ _ _

self = <sqlalchemy.dialects.sqlite.pysqlite.SQLiteDialect_pysqlite object at 0x000001A5C2B72AD0>
cursor = <sqlite3.Cursor object at 0x000001A5C61AFE40>
statement = 'SELECT users.id AS users_id, users.username AS users_username, users.email AS users_email, users.hashed_password AS u...ve AS users_is_active, users.created_at AS users_created_at \nFROM users \nWHERE users.username = ?\n LIMIT ? OFFSET ?'
parameters = ('charlie', 1, 0)
context = <sqlalchemy.dialects.sqlite.base.SQLiteExecutionContext object at 0x000001A5C3D6DE10>

    def do_execute(self, cursor, statement, parameters, context=None):
>       cursor.execute(statement, parameters)
E       sqlalchemy.exc.OperationalError: (sqlite3.OperationalError) no such table: users
E       [SQL: SELECT users.id AS users_id, users.username AS users_username, users.email AS users_email, users.hashed_password AS users_hashed_password, users.role AS users_role, users.is_active AS users_is_active, users.created_at AS users_created_at 
E       FROM users 
E       WHERE users.username = ?
E        LIMIT ? OFFSET ?]
E       [parameters: ('charlie', 1, 0)]
E       (Background on this error at: https://sqlalche.me/e/20/e3q8)

C:\Users\nsing\AppData\Local\Programs\Python\Python314\Lib\site-packages\sqlalchemy\engine\default.py:952: OperationalError
____________________ TestAuth.test_wrong_password_rejected ____________________

self = <sqlalchemy.engine.base.Connection object at 0x000001A5C33ADB80>
dialect = <sqlalchemy.dialects.sqlite.pysqlite.SQLiteDialect_pysqlite object at 0x000001A5C2B72AD0>
context = <sqlalchemy.dialects.sqlite.base.SQLiteExecutionContext object at 0x000001A5C3D6DB70>
statement = <sqlalchemy.dialects.sqlite.base.SQLiteCompiler object at 0x000001A5C3067450>
parameters = [('dave', 1, 0)]

    def _exec_single_context(
        self,
        dialect: Dialect,
        context: ExecutionContext,
        statement: Union[str, Compiled],
        parameters: Optional[_AnyMultiExecuteParams],
    ) -> CursorResult[Any]:
        """continue the _execute_context() method for a single DBAPI
        cursor.execute() or cursor.executemany() call.
    
        """
        if dialect.bind_typing is BindTyping.SETINPUTSIZES:
            generic_setinputsizes = context._prepare_set_input_sizes()
    
            if generic_setinputsizes:
                try:
                    dialect.do_set_input_sizes(
                        context.cursor, generic_setinputsizes, context
                    )
                except BaseException as e:
                    self._handle_dbapi_exception(
                        e, str(statement), parameters, None, context
                    )
    
        cursor, str_statement, parameters = (
            context.cursor,
            context.statement,
            context.parameters,
        )
    
        effective_parameters: Optional[_AnyExecuteParams]
    
        if not context.executemany:
            effective_parameters = parameters[0]
        else:
            effective_parameters = parameters
    
        if self._has_events or self.engine._has_events:
            for fn in self.dispatch.before_cursor_execute:
                str_statement, effective_parameters = fn(
                    self,
                    cursor,
                    str_statement,
                    effective_parameters,
                    context,
                    context.executemany,
                )
    
        if self._echo:
            self._log_info(str_statement)
    
            stats = context._get_cache_stats()
    
            if not self.engine.hide_parameters:
                self._log_info(
                    "[%s] %r",
                    stats,
                    sql_util._repr_params(
                        effective_parameters,
                        batches=10,
                        ismulti=context.executemany,
                    ),
                )
            else:
                self._log_info(
                    "[%s] [SQL parameters hidden due to hide_parameters=True]",
                    stats,
                )
    
        evt_handled: bool = False
        try:
            if context.execute_style is ExecuteStyle.EXECUTEMANY:
                effective_parameters = cast(
                    "_CoreMultiExecuteParams", effective_parameters
                )
                if self.dialect._has_events:
                    for fn in self.dialect.dispatch.do_executemany:
                        if fn(
                            cursor,
                            str_statement,
                            effective_parameters,
                            context,
                        ):
                            evt_handled = True
                            break
                if not evt_handled:
                    self.dialect.do_executemany(
                        cursor,
                        str_statement,
                        effective_parameters,
                        context,
                    )
            elif not effective_parameters and context.no_parameters:
                if self.dialect._has_events:
                    for fn in self.dialect.dispatch.do_execute_no_params:
                        if fn(cursor, str_statement, context):
                            evt_handled = True
                            break
                if not evt_handled:
                    self.dialect.do_execute_no_params(
                        cursor, str_statement, context
                    )
            else:
                effective_parameters = cast(
                    "_CoreSingleExecuteParams", effective_parameters
                )
                if self.dialect._has_events:
                    for fn in self.dialect.dispatch.do_execute:
                        if fn(
                            cursor,
                            str_statement,
                            effective_parameters,
                            context,
                        ):
                            evt_handled = True
                            break
                if not evt_handled:
>                   self.dialect.do_execute(
                        cursor, str_statement, effective_parameters, context
                    )

C:\Users\nsing\AppData\Local\Programs\Python\Python314\Lib\site-packages\sqlalchemy\engine\base.py:1967: 
_ _ _ _ _ _ _ _ _ _ _ _ _ _ _ _ _ _ _ _ _ _ _ _ _ _ _ _ _ _ _ _ _ _ _ _ _ _ _ _

self = <sqlalchemy.dialects.sqlite.pysqlite.SQLiteDialect_pysqlite object at 0x000001A5C2B72AD0>
cursor = <sqlite3.Cursor object at 0x000001A5C3971EC0>
statement = 'SELECT users.id AS users_id, users.username AS users_username, users.email AS users_email, users.hashed_password AS u...ve AS users_is_active, users.created_at AS users_created_at \nFROM users \nWHERE users.username = ?\n LIMIT ? OFFSET ?'
parameters = ('dave', 1, 0)
context = <sqlalchemy.dialects.sqlite.base.SQLiteExecutionContext object at 0x000001A5C3D6DB70>

    def do_execute(self, cursor, statement, parameters, context=None):
>       cursor.execute(statement, parameters)
E       sqlite3.OperationalError: no such table: users

C:\Users\nsing\AppData\Local\Programs\Python\Python314\Lib\site-packages\sqlalchemy\engine\default.py:952: OperationalError

The above exception was the direct cause of the following exception:

self = <tests.test_api.TestAuth object at 0x000001A5C31663F0>

    def test_wrong_password_rejected(self):
>       register("dave")

tests\test_api.py:82: 
_ _ _ _ _ _ _ _ _ _ _ _ _ _ _ _ _ _ _ _ _ _ _ _ _ _ _ _ _ _ _ _ _ _ _ _ _ _ _ _
tests\test_api.py:49: in register
    return client.post("/auth/register", json={
C:\Users\nsing\AppData\Local\Programs\Python\Python314\Lib\site-packages\starlette\testclient.py:546: in post
    return super().post(
C:\Users\nsing\AppData\Local\Programs\Python\Python314\Lib\site-packages\httpx\_client.py:1144: in post
    return self.request(
C:\Users\nsing\AppData\Local\Programs\Python\Python314\Lib\site-packages\starlette\testclient.py:445: in request
    return super().request(
C:\Users\nsing\AppData\Local\Programs\Python\Python314\Lib\site-packages\httpx\_client.py:825: in request
    return self.send(request, auth=auth, follow_redirects=follow_redirects)
           ^^^^^^^^^^^^^^^^^^^^^^^^^^^^^^^^^^^^^^^^^^^^^^^^^^^^^^^^^^^^^^^^
C:\Users\nsing\AppData\Local\Programs\Python\Python314\Lib\site-packages\httpx\_client.py:914: in send
    response = self._send_handling_auth(
C:\Users\nsing\AppData\Local\Programs\Python\Python314\Lib\site-packages\httpx\_client.py:942: in _send_handling_auth
    response = self._send_handling_redirects(
C:\Users\nsing\AppData\Local\Programs\Python\Python314\Lib\site-packages\httpx\_client.py:979: in _send_handling_redirects
    response = self._send_single_request(request)
               ^^^^^^^^^^^^^^^^^^^^^^^^^^^^^^^^^^
C:\Users\nsing\AppData\Local\Programs\Python\Python314\Lib\site-packages\httpx\_client.py:1014: in _send_single_request
    response = transport.handle_request(request)
               ^^^^^^^^^^^^^^^^^^^^^^^^^^^^^^^^^
C:\Users\nsing\AppData\Local\Programs\Python\Python314\Lib\site-packages\starlette\testclient.py:348: in handle_request
    raise exc
C:\Users\nsing\AppData\Local\Programs\Python\Python314\Lib\site-packages\starlette\testclient.py:345: in handle_request
    portal.call(self.app, scope, receive, send)
C:\Users\nsing\AppData\Local\Programs\Python\Python314\Lib\site-packages\anyio\from_thread.py:334: in call
    return cast(T_Retval, self.start_task_soon(func, *args).result())
                          ^^^^^^^^^^^^^^^^^^^^^^^^^^^^^^^^^^^^^^^^^^
C:\Users\nsing\AppData\Local\Programs\Python\Python314\Lib\concurrent\futures\_base.py:450: in result
    return self.__get_result()
           ^^^^^^^^^^^^^^^^^^^
C:\Users\nsing\AppData\Local\Programs\Python\Python314\Lib\concurrent\futures\_base.py:395: in __get_result
    raise self._exception
C:\Users\nsing\AppData\Local\Programs\Python\Python314\Lib\site-packages\anyio\from_thread.py:259: in _call_func
    retval = await retval_or_awaitable
             ^^^^^^^^^^^^^^^^^^^^^^^^^
C:\Users\nsing\AppData\Local\Programs\Python\Python314\Lib\site-packages\fastapi\applications.py:1163: in __call__
    await super().__call__(scope, receive, send)
C:\Users\nsing\AppData\Local\Programs\Python\Python314\Lib\site-packages\starlette\applications.py:90: in __call__
    await self.middleware_stack(scope, receive, send)
C:\Users\nsing\AppData\Local\Programs\Python\Python314\Lib\site-packages\starlette\middleware\errors.py:186: in __call__
    raise exc
C:\Users\nsing\AppData\Local\Programs\Python\Python314\Lib\site-packages\starlette\middleware\errors.py:164: in __call__
    await self.app(scope, receive, _send)
C:\Users\nsing\AppData\Local\Programs\Python\Python314\Lib\site-packages\starlette\middleware\cors.py:88: in __call__
    await self.app(scope, receive, send)
C:\Users\nsing\AppData\Local\Programs\Python\Python314\Lib\site-packages\starlette\middleware\exceptions.py:63: in __call__
    await wrap_app_handling_exceptions(self.app, conn)(scope, receive, send)
C:\Users\nsing\AppData\Local\Programs\Python\Python314\Lib\site-packages\starlette\_exception_handler.py:53: in wrapped_app
    raise exc
C:\Users\nsing\AppData\Local\Programs\Python\Python314\Lib\site-packages\starlette\_exception_handler.py:42: in wrapped_app
    await app(scope, receive, sender)
C:\Users\nsing\AppData\Local\Programs\Python\Python314\Lib\site-packages\fastapi\middleware\asyncexitstack.py:18: in __call__
    await self.app(scope, receive, send)
C:\Users\nsing\AppData\Local\Programs\Python\Python314\Lib\site-packages\starlette\routing.py:660: in __call__
    await self.middleware_stack(scope, receive, send)
C:\Users\nsing\AppData\Local\Programs\Python\Python314\Lib\site-packages\starlette\routing.py:680: in app
    await route.handle(scope, receive, send)
C:\Users\nsing\AppData\Local\Programs\Python\Python314\Lib\site-packages\starlette\routing.py:276: in handle
    await self.app(scope, receive, send)
C:\Users\nsing\AppData\Local\Programs\Python\Python314\Lib\site-packages\fastapi\routing.py:134: in app
    await wrap_app_handling_exceptions(app, request)(scope, receive, send)
C:\Users\nsing\AppData\Local\Programs\Python\Python314\Lib\site-packages\starlette\_exception_handler.py:53: in wrapped_app
    raise exc
C:\Users\nsing\AppData\Local\Programs\Python\Python314\Lib\site-packages\starlette\_exception_handler.py:42: in wrapped_app
    await app(scope, receive, sender)
C:\Users\nsing\AppData\Local\Programs\Python\Python314\Lib\site-packages\fastapi\routing.py:120: in app
    response = await f(request)
               ^^^^^^^^^^^^^^^^
C:\Users\nsing\AppData\Local\Programs\Python\Python314\Lib\site-packages\fastapi\routing.py:674: in app
    raw_response = await run_endpoint_function(
C:\Users\nsing\AppData\Local\Programs\Python\Python314\Lib\site-packages\fastapi\routing.py:330: in run_endpoint_function
    return await run_in_threadpool(dependant.call, **values)
           ^^^^^^^^^^^^^^^^^^^^^^^^^^^^^^^^^^^^^^^^^^^^^^^^^
C:\Users\nsing\AppData\Local\Programs\Python\Python314\Lib\site-packages\starlette\concurrency.py:32: in run_in_threadpool
    return await anyio.to_thread.run_sync(func)
           ^^^^^^^^^^^^^^^^^^^^^^^^^^^^^^^^^^^^
C:\Users\nsing\AppData\Local\Programs\Python\Python314\Lib\site-packages\anyio\to_thread.py:63: in run_sync
    return await get_async_backend().run_sync_in_worker_thread(
C:\Users\nsing\AppData\Local\Programs\Python\Python314\Lib\site-packages\anyio\_backends\_asyncio.py:2518: in run_sync_in_worker_thread
    return await future
           ^^^^^^^^^^^^
C:\Users\nsing\AppData\Local\Programs\Python\Python314\Lib\site-packages\anyio\_backends\_asyncio.py:1002: in run
    result = context.run(func, *args)
             ^^^^^^^^^^^^^^^^^^^^^^^^
app\routers\auth.py:23: in register
    if db.query(User).filter(User.username == payload.username).first():
       ^^^^^^^^^^^^^^^^^^^^^^^^^^^^^^^^^^^^^^^^^^^^^^^^^^^^^^^^^^^^^^^^
C:\Users\nsing\AppData\Local\Programs\Python\Python314\Lib\site-packages\sqlalchemy\orm\query.py:2766: in first
    return self.limit(1)._iter().first()  # type: ignore
           ^^^^^^^^^^^^^^^^^^^^^
C:\Users\nsing\AppData\Local\Programs\Python\Python314\Lib\site-packages\sqlalchemy\orm\query.py:2864: in _iter
    result: Union[ScalarResult[_T], Result[_T]] = self.session.execute(
C:\Users\nsing\AppData\Local\Programs\Python\Python314\Lib\site-packages\sqlalchemy\orm\session.py:2351: in execute
    return self._execute_internal(
C:\Users\nsing\AppData\Local\Programs\Python\Python314\Lib\site-packages\sqlalchemy\orm\session.py:2249: in _execute_internal
    result: Result[Any] = compile_state_cls.orm_execute_statement(
C:\Users\nsing\AppData\Local\Programs\Python\Python314\Lib\site-packages\sqlalchemy\orm\context.py:306: in orm_execute_statement
    result = conn.execute(
C:\Users\nsing\AppData\Local\Programs\Python\Python314\Lib\site-packages\sqlalchemy\engine\base.py:1419: in execute
    return meth(
C:\Users\nsing\AppData\Local\Programs\Python\Python314\Lib\site-packages\sqlalchemy\sql\elements.py:527: in _execute_on_connection
    return connection._execute_clauseelement(
C:\Users\nsing\AppData\Local\Programs\Python\Python314\Lib\site-packages\sqlalchemy\engine\base.py:1641: in _execute_clauseelement
    ret = self._execute_context(
C:\Users\nsing\AppData\Local\Programs\Python\Python314\Lib\site-packages\sqlalchemy\engine\base.py:1846: in _execute_context
    return self._exec_single_context(
C:\Users\nsing\AppData\Local\Programs\Python\Python314\Lib\site-packages\sqlalchemy\engine\base.py:1986: in _exec_single_context
    self._handle_dbapi_exception(
C:\Users\nsing\AppData\Local\Programs\Python\Python314\Lib\site-packages\sqlalchemy\engine\base.py:2363: in _handle_dbapi_exception
    raise sqlalchemy_exception.with_traceback(exc_info[2]) from e
C:\Users\nsing\AppData\Local\Programs\Python\Python314\Lib\site-packages\sqlalchemy\engine\base.py:1967: in _exec_single_context
    self.dialect.do_execute(
_ _ _ _ _ _ _ _ _ _ _ _ _ _ _ _ _ _ _ _ _ _ _ _ _ _ _ _ _ _ _ _ _ _ _ _ _ _ _ _

self = <sqlalchemy.dialects.sqlite.pysqlite.SQLiteDialect_pysqlite object at 0x000001A5C2B72AD0>
cursor = <sqlite3.Cursor object at 0x000001A5C3971EC0>
statement = 'SELECT users.id AS users_id, users.username AS users_username, users.email AS users_email, users.hashed_password AS u...ve AS users_is_active, users.created_at AS users_created_at \nFROM users \nWHERE users.username = ?\n LIMIT ? OFFSET ?'
parameters = ('dave', 1, 0)
context = <sqlalchemy.dialects.sqlite.base.SQLiteExecutionContext object at 0x000001A5C3D6DB70>

    def do_execute(self, cursor, statement, parameters, context=None):
>       cursor.execute(statement, parameters)
E       sqlalchemy.exc.OperationalError: (sqlite3.OperationalError) no such table: users
E       [SQL: SELECT users.id AS users_id, users.username AS users_username, users.email AS users_email, users.hashed_password AS users_hashed_password, users.role AS users_role, users.is_active AS users_is_active, users.created_at AS users_created_at 
E       FROM users 
E       WHERE users.username = ?
E        LIMIT ? OFFSET ?]
E       [parameters: ('dave', 1, 0)]
E       (Background on this error at: https://sqlalche.me/e/20/e3q8)

C:\Users\nsing\AppData\Local\Programs\Python\Python314\Lib\site-packages\sqlalchemy\engine\default.py:952: OperationalError
============================== warnings summary ===============================
C:\Users\nsing\AppData\Local\Programs\Python\Python314\Lib\site-packages\_pytest\config\__init__.py:1428
  C:\Users\nsing\AppData\Local\Programs\Python\Python314\Lib\site-packages\_pytest\config\__init__.py:1428: PytestConfigWarning: Unknown config option: asyncio_mode
  
    self._warn_or_fail_if_strict(f"Unknown config option: {key}\n")

-- Docs: https://docs.pytest.org/en/stable/how-to/capture-warnings.html
=========================== short test summary info ===========================
FAILED tests/test_api.py::TestAuth::test_register_and_login - sqlalchemy.exc....
FAILED tests/test_api.py::TestAuth::test_duplicate_username_rejected - sqlalc...
FAILED tests/test_api.py::TestAuth::test_wrong_password_rejected - sqlalchemy...
ERROR tests/test_api.py::TestRBAC::test_viewer_cannot_create_record - sqlalch...
ERROR tests/test_api.py::TestRBAC::test_analyst_can_create_record - sqlalchem...
ERROR tests/test_api.py::TestRBAC::test_analyst_cannot_delete_record - sqlalc...
ERROR tests/test_api.py::TestRBAC::test_admin_can_delete_record - sqlalchemy....
ERROR tests/test_api.py::TestRBAC::test_viewer_cannot_access_user_list - sqla...
ERROR tests/test_api.py::TestRBAC::test_viewer_cannot_access_dashboard - sqla...
ERROR tests/test_api.py::TestRBAC::test_analyst_can_access_dashboard - sqlalc...
ERROR tests/test_api.py::TestRecords::test_create_and_read - sqlalchemy.exc.O...
ERROR tests/test_api.py::TestRecords::test_update_record - sqlalchemy.exc.Ope...
ERROR tests/test_api.py::TestRecords::test_soft_delete_hides_record - sqlalch...
ERROR tests/test_api.py::TestRecords::test_filter_by_type - sqlalchemy.exc.Op...
ERROR tests/test_api.py::TestRecords::test_filter_by_date_range - sqlalchemy....
ERROR tests/test_api.py::TestRecords::test_pagination - sqlalchemy.exc.Operat...
ERROR tests/test_api.py::TestRecords::test_invalid_amount_rejected - sqlalche...
ERROR tests/test_api.py::TestDashboard::test_summary_totals - sqlalchemy.exc....
ERROR tests/test_api.py::TestDashboard::test_summary_category_breakdown - sql...
ERROR tests/test_api.py::TestDashboard::test_monthly_trends - sqlalchemy.exc....
ERROR tests/test_api.py::TestDashboard::test_date_scoped_summary - sqlalchemy...
============= 3 failed, 1 passed, 1 warning, 18 errors in 12.76s ==============
